 dsatest

 Timestamp is 511c9ae7 (Thu Feb 14 17:05:59 2013)

 Preferred load address is 00010000

 Start         Length     Name                   Class
 0001:00000000 000560a8H .text                   CODE
 0002:00000000 0002c6f5H .rdata                  DATA
 0002:0002c6f8 00000014H .xdata                  DATA
 0002:0002c70c 00000014H .idata$2                DATA
 0002:0002c720 00000014H .idata$3                DATA
 0002:0002c734 0000014cH .idata$4                DATA
 0002:0002c880 0000000cH .idata$6                DATA
 0002:0002c88c 00000000H .edata                  DATA
 0003:00000000 0000014cH .idata$5                DATA
 0003:0000014c 00000004H .CRT$XCA                DATA
 0003:00000150 00000004H .CRT$XCZ                DATA
 0003:00000154 00000004H .CRT$XIA                DATA
 0003:00000158 00000004H .CRT$XIZ                DATA
 0003:0000015c 00000004H .CRT$XPA                DATA
 0003:00000160 00000004H .CRT$XPZ                DATA
 0003:00000164 00000004H .CRT$XTA                DATA
 0003:00000168 00000004H .CRT$XTZ                DATA
 0003:00000170 00004bf0H .data                   DATA
 0003:00004d60 00002021H .bss                    DATA
 0004:00000000 00003708H .pdata                  DATA

  Address         Publics by Value              Rva+Base     Lib:Object

 0000:00000000       ___safe_se_handler_table   00000000     <absolute>
 0000:00000000       ___safe_se_handler_count   00000000     <absolute>
 0001:000000d0       main                       000110d0 f   dsatest.obj
 0001:000014e8       BIO_vprintf                000124e8 f   libeay32:b_print.obj
 0001:000015b0       BIO_vsnprintf              000125b0 f   libeay32:b_print.obj
 0001:00001614       BIO_printf                 00012614 f   libeay32:b_print.obj
 0001:00001634       BIO_snprintf               00012634 f   libeay32:b_print.obj
 0001:00001654       BIO_set                    00012654 f   libeay32:bio_lib.obj
 0001:000016f4       BIO_free                   000126f4 f   libeay32:bio_lib.obj
 0001:000017b8       BIO_clear_flags            000127b8 f   libeay32:bio_lib.obj
 0001:000017c8       BIO_test_flags             000127c8 f   libeay32:bio_lib.obj
 0001:000017d4       BIO_set_flags              000127d4 f   libeay32:bio_lib.obj
 0001:000017e4       BIO_read                   000127e4 f   libeay32:bio_lib.obj
 0001:00001914       BIO_write                  00012914 f   libeay32:bio_lib.obj
 0001:00001a48       BIO_puts                   00012a48 f   libeay32:bio_lib.obj
 0001:00001b70       BIO_gets                   00012b70 f   libeay32:bio_lib.obj
 0001:00001c98       BIO_indent                 00012c98 f   libeay32:bio_lib.obj
 0001:00001cf4       BIO_ctrl                   00012cf4 f   libeay32:bio_lib.obj
 0001:00001df0       BIO_callback_ctrl          00012df0 f   libeay32:bio_lib.obj
 0001:00001ef4       BIO_push                   00012ef4 f   libeay32:bio_lib.obj
 0001:00001f48       BIO_find_type              00012f48 f   libeay32:bio_lib.obj
 0001:00001f90       BIO_next                   00012f90 f   libeay32:bio_lib.obj
 0001:00001fa0       BIO_free_all               00012fa0 f   libeay32:bio_lib.obj
 0001:00001fd4       BIO_copy_next_retry        00012fd4 f   libeay32:bio_lib.obj
 0001:00001ff8       BIO_new                    00012ff8 f   libeay32:bio_lib.obj
 0001:00002070       BIO_int_ctrl               00013070 f   libeay32:bio_lib.obj
 0001:000020d0       CRYPTO_mem_ctrl            000130d0 f   libeay32:mem_dbg.obj
 0001:00002244       CRYPTO_is_mem_check_on     00013244 f   libeay32:mem_dbg.obj
 0001:000022d8       CRYPTO_dbg_set_options     000132d8 f   libeay32:mem_dbg.obj
 0001:000022e8       CRYPTO_dbg_get_options     000132e8 f   libeay32:mem_dbg.obj
 0001:00002424       CRYPTO_push_info_          00013424 f   libeay32:mem_dbg.obj
 0001:000024f4       CRYPTO_pop_info            000134f4 f   libeay32:mem_dbg.obj
 0001:00002534       CRYPTO_dbg_malloc          00013534 f   libeay32:mem_dbg.obj
 0001:000026cc       CRYPTO_dbg_free            000136cc f   libeay32:mem_dbg.obj
 0001:0000277c       CRYPTO_dbg_realloc         0001377c f   libeay32:mem_dbg.obj
 0001:00002a74       CRYPTO_mem_leaks           00013a74 f   libeay32:mem_dbg.obj
 0001:00003274       ERR_free_strings           00014274 f   libeay32:err.obj
 0001:0000329c       ERR_lib_error_string       0001429c f   libeay32:err.obj
 0001:000032ec       ERR_func_error_string      000142ec f   libeay32:err.obj
 0001:00003348       ERR_reason_error_string    00014348 f   libeay32:err.obj
 0001:000033cc       ERR_remove_thread_state    000143cc f   libeay32:err.obj
 0001:00003420       ERR_get_state              00014420 f   libeay32:err.obj
 0001:00003520       ERR_set_error_data         00014520 f   libeay32:err.obj
 0001:00003574       ERR_add_error_vdata        00014574 f   libeay32:err.obj
 0001:00003648       ERR_set_mark               00014648 f   libeay32:err.obj
 0001:00003688       ERR_pop_to_mark            00014688 f   libeay32:err.obj
 0001:00003858       ERR_load_ERR_strings       00014858 f   libeay32:err.obj
 0001:000039e8       ERR_load_strings           000149e8 f   libeay32:err.obj
 0001:00003a0c       ERR_put_error              00014a0c f   libeay32:err.obj
 0001:00003b00       ERR_clear_error            00014b00 f   libeay32:err.obj
 0001:00003cc8       ERR_error_string_n         00014cc8 f   libeay32:err.obj
 0001:00003e08       ERR_add_error_data         00014e08 f   libeay32:err.obj
 0001:00003e28       ERR_get_error_line_data    00014e28 f   libeay32:err.obj
 0001:00003e60       ERR_peek_last_error        00014e60 f   libeay32:err.obj
 0001:000042d4       CRYPTO_cleanup_all_ex_data 000152d4 f   libeay32:ex_data.obj
 0001:00004308       CRYPTO_new_ex_data         00015308 f   libeay32:ex_data.obj
 0001:00004354       CRYPTO_free_ex_data        00015354 f   libeay32:ex_data.obj
 0001:000043a0       CRYPTO_set_ex_data         000153a0 f   libeay32:ex_data.obj
 0001:00004474       CRYPTO_get_ex_data         00015474 f   libeay32:ex_data.obj
 0001:00004964       DSA_new_method             00015964 f   libeay32:dsa_lib.obj
 0001:00004b14       DSA_free                   00015b14 f   libeay32:dsa_lib.obj
 0001:00004c08       DSA_up_ref                 00015c08 f   libeay32:dsa_lib.obj
 0001:00004c48       DSA_size                   00015c48 f   libeay32:dsa_lib.obj
 0001:00004cac       DSA_new                    00015cac f   libeay32:dsa_lib.obj
 0001:00004cc0       ERR_print_errors_cb        00015cc0 f   libeay32:err_prn.obj
 0001:00004dd0       ERR_print_errors           00015dd0 f   libeay32:err_prn.obj
 0001:00004e68       d2i_DSA_SIG                00015e68 f   libeay32:dsa_asn1.obj
 0001:00004edc       d2i_DSAPrivateKey          00015edc f   libeay32:dsa_asn1.obj
 0001:00004ef4       i2d_DSAPrivateKey          00015ef4 f   libeay32:dsa_asn1.obj
 0001:00004f0c       d2i_DSAparams              00015f0c f   libeay32:dsa_asn1.obj
 0001:00004f24       i2d_DSAparams              00015f24 f   libeay32:dsa_asn1.obj
 0001:00004f3c       dsa_pub_internal_it        00015f3c f   libeay32:dsa_asn1.obj
 0001:00004f48       i2d_DSAPublicKey           00015f48 f   libeay32:dsa_asn1.obj
 0001:00004f60       DSA_sign                   00015f60 f   libeay32:dsa_asn1.obj
 0001:00004fe0       DSA_verify                 00015fe0 f   libeay32:dsa_asn1.obj
 0001:00005198       DSA_generate_key           00016198 f   libeay32:dsa_key.obj
 0001:000051c8       BN_value_one               000161c8 f   libeay32:bn_lib.obj
 0001:000051d4       BN_num_bits_word           000161d4 f   libeay32:bn_lib.obj
 0001:00005218       BN_num_bits                00016218 f   libeay32:bn_lib.obj
 0001:0000524c       BN_clear_free              0001624c f   libeay32:bn_lib.obj
 0001:000052a4       BN_free                    000162a4 f   libeay32:bn_lib.obj
 0001:000052fc       BN_init                    000162fc f   libeay32:bn_lib.obj
 0001:00005314       BN_new                     00016314 f   libeay32:bn_lib.obj
 0001:000054d8       bn_expand2                 000164d8 f   libeay32:bn_lib.obj
 0001:00005524       BN_copy                    00016524 f   libeay32:bn_lib.obj
 0001:000055ec       BN_set_word                000165ec f   libeay32:bn_lib.obj
 0001:00005644       BN_bin2bn                  00016644 f   libeay32:bn_lib.obj
 0001:00005740       BN_bn2bin                  00016740 f   libeay32:bn_lib.obj
 0001:0000579c       BN_ucmp                    0001679c f   libeay32:bn_lib.obj
 0001:00005808       BN_cmp                     00016808 f   libeay32:bn_lib.obj
 0001:000058d0       BN_set_bit                 000168d0 f   libeay32:bn_lib.obj
 0001:0000596c       BN_is_bit_set              0001696c f   libeay32:bn_lib.obj
 0001:000059ac       BN_mask_bits               000169ac f   libeay32:bn_lib.obj
 0001:00005a44       BN_set_negative            00016a44 f   libeay32:bn_lib.obj
 0001:00005a64       BN_dup                     00016a64 f   libeay32:bn_lib.obj
 0001:00005aa8       DSA_print                  00016aa8 f   libeay32:dsa_prn.obj
 0001:00005b0c       dsa_builtin_paramgen       00016b0c f   libeay32:dsa_gen.obj
 0001:0000626c       DSA_generate_parameters_ex 0001726c f   libeay32:dsa_gen.obj
 0001:00006320       RAND_get_rand_method       00017320 f   libeay32:rand_lib.obj
 0001:00006388       RAND_seed                  00017388 f   libeay32:rand_lib.obj
 0001:000063bc       RAND_add                   000173bc f   libeay32:rand_lib.obj
 0001:00006400       RAND_bytes                 00017400 f   libeay32:rand_lib.obj
 0001:00006448       RAND_pseudo_bytes          00017448 f   libeay32:rand_lib.obj
 0001:00006490       RAND_status                00017490 f   libeay32:rand_lib.obj
 0001:000064c8       ERR_load_crypto_strings    000174c8 f   libeay32:err_all.obj
 0001:000065a4       CRYPTO_set_mem_debug_functions 000175a4 f   libeay32:mem.obj
 0001:000065f4       CRYPTO_free_locked         000175f4 f   libeay32:mem.obj
 0001:00006650       CRYPTO_malloc              00017650 f   libeay32:mem.obj
 0001:00006730       CRYPTO_realloc             00017730 f   libeay32:mem.obj
 0001:00006818       CRYPTO_realloc_clean       00017818 f   libeay32:mem.obj
 0001:0000693c       CRYPTO_free                0001793c f   libeay32:mem.obj
 0001:00006e10       BIO_new_file               00017e10 f   libeay32:bss_file.obj
 0001:00007060       BIO_new_fp                 00018060 f   libeay32:bss_file.obj
 0001:000070b0       CRYPTO_destroy_dynlockid   000180b0 f   libeay32:cryptlib.obj
 0001:000071b4       CRYPTO_get_dynlock_value   000181b4 f   libeay32:cryptlib.obj
 0001:00007250       CRYPTO_THREADID_current    00018250 f   libeay32:cryptlib.obj
 0001:000072cc       CRYPTO_THREADID_cmp        000182cc f   libeay32:cryptlib.obj
 0001:000072e0       CRYPTO_THREADID_cpy        000182e0 f   libeay32:cryptlib.obj
 0001:000072f4       CRYPTO_THREADID_hash       000182f4 f   libeay32:cryptlib.obj
 0001:000072fc       OPENSSL_showfatal          000182fc f   libeay32:cryptlib.obj
 0001:00007484       OpenSSLDie                 00018484 f   libeay32:cryptlib.obj
 0001:000074b8       CRYPTO_memcmp              000184b8 f   libeay32:cryptlib.obj
 0001:000074f4       CRYPTO_lock                000184f4 f   libeay32:cryptlib.obj
 0001:000075c0       CRYPTO_add_lock            000185c0 f   libeay32:cryptlib.obj
 0001:0000764c       lh_free                    0001864c f   libeay32:lhash.obj
 0001:000076b4       lh_doall                   000186b4 f   libeay32:lhash.obj
 0001:00007708       lh_doall_arg               00018708 f   libeay32:lhash.obj
 0001:00007a6c       lh_strhash                 00018a6c f   libeay32:lhash.obj
 0001:00007ad8       lh_num_items               00018ad8 f   libeay32:lhash.obj
 0001:00007ae8       lh_new                     00018ae8 f   libeay32:lhash.obj
 0001:00007be4       lh_insert                  00018be4 f   libeay32:lhash.obj
 0001:00007cc8       lh_delete                  00018cc8 f   libeay32:lhash.obj
 0001:00007d74       lh_retrieve                00018d74 f   libeay32:lhash.obj
 0001:00007dc4       BUF_strlcpy                00018dc4 f   libeay32:buf_str.obj
 0001:00007e14       BUF_strlcat                00018e14 f   libeay32:buf_str.obj
 0001:00007e50       BUF_strndup                00018e50 f   libeay32:buf_str.obj
 0001:00007ec4       BUF_strdup                 00018ec4 f   libeay32:buf_str.obj
 0001:00007ef4       sk_set_cmp_func            00018ef4 f   libeay32:stack.obj
 0001:00007f10       sk_new                     00018f10 f   libeay32:stack.obj
 0001:00007f98       sk_insert                  00018f98 f   libeay32:stack.obj
 0001:00008070       sk_delete                  00019070 f   libeay32:stack.obj
 0001:000080dc       sk_push                    000190dc f   libeay32:stack.obj
 0001:000080f0       sk_pop                     000190f0 f   libeay32:stack.obj
 0001:00008124       sk_free                    00019124 f   libeay32:stack.obj
 0001:00008150       sk_num                     00019150 f   libeay32:stack.obj
 0001:00008160       sk_value                   00019160 f   libeay32:stack.obj
 0001:0000818c       sk_set                     0001918c f   libeay32:stack.obj
 0001:000081c0       sk_sort                    000191c0 f   libeay32:stack.obj
 0001:000081fc       sk_is_sorted               000191fc f   libeay32:stack.obj
 0001:0000820c       sk_new_null                0001920c f   libeay32:stack.obj
 0001:00008220       sk_delete_ptr              00019220 f   libeay32:stack.obj
 0001:00008334       sk_find                    00019334 f   libeay32:stack.obj
 0001:00008348       sk_pop_free                00019348 f   libeay32:stack.obj
 0001:000083b0       DSA_OpenSSL                000193b0 f   libeay32:dsa_ossl.obj
 0001:00008bf8       engine_unlocked_init       00019bf8 f   libeay32:eng_init.obj
 0001:00008c50       engine_unlocked_finish     00019c50 f   libeay32:eng_init.obj
 0001:00008d14       ENGINE_init                00019d14 f   libeay32:eng_init.obj
 0001:00008d90       ENGINE_finish              00019d90 f   libeay32:eng_init.obj
 0001:00008e34       ENGINE_get_default_DSA     00019e34 f   libeay32:tb_dsa.obj
 0001:00008e50       ENGINE_get_DSA             00019e50 f   libeay32:tb_dsa.obj
 0001:00008f14       ASN1_put_eoc               00019f14 f   libeay32:asn1_lib.obj
 0001:00008f34       ASN1_object_size           00019f34 f   libeay32:asn1_lib.obj
 0001:00008f84       ASN1_STRING_set            00019f84 f   libeay32:asn1_lib.obj
 0001:00009074       ASN1_STRING_set0           0001a074 f   libeay32:asn1_lib.obj
 0001:000090a4       ASN1_STRING_type_new       0001a0a4 f   libeay32:asn1_lib.obj
 0001:00009110       ASN1_STRING_free           0001a110 f   libeay32:asn1_lib.obj
 0001:00009144       ASN1_STRING_cmp            0001a144 f   libeay32:asn1_lib.obj
 0001:00009184       ASN1_get_object            0001a184 f   libeay32:asn1_lib.obj
 0001:000092dc       ASN1_put_object            0001a2dc f   libeay32:asn1_lib.obj
 0001:000093f0       ASN1_STRING_copy           0001a3f0 f   libeay32:asn1_lib.obj
 0001:0000943c       ASN1_STRING_new            0001a43c f   libeay32:asn1_lib.obj
 0001:00009450       ASN1_STRING_dup            0001a450 f   libeay32:asn1_lib.obj
 0001:00009498       ASN1_INTEGER_it            0001a498 f   libeay32:tasn_typ.obj
 0001:000094a4       d2i_ASN1_INTEGER           0001a4a4 f   libeay32:tasn_typ.obj
 0001:000094bc       i2d_ASN1_INTEGER           0001a4bc f   libeay32:tasn_typ.obj
 0001:000094d4       ASN1_INTEGER_new           0001a4d4 f   libeay32:tasn_typ.obj
 0001:000094ec       ASN1_INTEGER_free          0001a4ec f   libeay32:tasn_typ.obj
 0001:00009504       ASN1_ENUMERATED_it         0001a504 f   libeay32:tasn_typ.obj
 0001:00009510       ASN1_ENUMERATED_free       0001a510 f   libeay32:tasn_typ.obj
 0001:00009528       ASN1_BIT_STRING_it         0001a528 f   libeay32:tasn_typ.obj
 0001:00009534       ASN1_BIT_STRING_new        0001a534 f   libeay32:tasn_typ.obj
 0001:0000954c       ASN1_BIT_STRING_free       0001a54c f   libeay32:tasn_typ.obj
 0001:00009564       ASN1_OCTET_STRING_it       0001a564 f   libeay32:tasn_typ.obj
 0001:00009570       i2d_ASN1_OCTET_STRING      0001a570 f   libeay32:tasn_typ.obj
 0001:00009588       ASN1_OCTET_STRING_new      0001a588 f   libeay32:tasn_typ.obj
 0001:000095a0       ASN1_OCTET_STRING_free     0001a5a0 f   libeay32:tasn_typ.obj
 0001:000095b8       ASN1_NULL_it               0001a5b8 f   libeay32:tasn_typ.obj
 0001:000095c4       ASN1_NULL_new              0001a5c4 f   libeay32:tasn_typ.obj
 0001:000095dc       ASN1_OBJECT_it             0001a5dc f   libeay32:tasn_typ.obj
 0001:000095e8       ASN1_UTF8STRING_it         0001a5e8 f   libeay32:tasn_typ.obj
 0001:000095f4       ASN1_IA5STRING_it          0001a5f4 f   libeay32:tasn_typ.obj
 0001:00009600       ASN1_GENERALIZEDTIME_it    0001a600 f   libeay32:tasn_typ.obj
 0001:0000960c       ASN1_ANY_it                0001a60c f   libeay32:tasn_typ.obj
 0001:00009618       ASN1_SEQUENCE_it           0001a618 f   libeay32:tasn_typ.obj
 0001:00009624       d2i_ASN1_TYPE              0001a624 f   libeay32:tasn_typ.obj
 0001:0000963c       i2d_ASN1_TYPE              0001a63c f   libeay32:tasn_typ.obj
 0001:00009654       ASN1_TYPE_new              0001a654 f   libeay32:tasn_typ.obj
 0001:0000966c       ASN1_TYPE_free             0001a66c f   libeay32:tasn_typ.obj
 0001:00009684       ASN1_PRINTABLE_it          0001a684 f   libeay32:tasn_typ.obj
 0001:00009690       DISPLAYTEXT_it             0001a690 f   libeay32:tasn_typ.obj
 0001:0000969c       DIRECTORYSTRING_it         0001a69c f   libeay32:tasn_typ.obj
 0001:000096a8       ASN1_BOOLEAN_it            0001a6a8 f   libeay32:tasn_typ.obj
 0001:000096b4       ASN1_FBOOLEAN_it           0001a6b4 f   libeay32:tasn_typ.obj
 0001:000096c0       ASN1_OCTET_STRING_NDEF_it  0001a6c0 f   libeay32:tasn_typ.obj
 0001:000096cc       d2i_ASN1_SEQUENCE_ANY      0001a6cc f   libeay32:tasn_typ.obj
 0001:000096e4       i2d_ASN1_SEQUENCE_ANY      0001a6e4 f   libeay32:tasn_typ.obj
 0001:000096fc       i2d_ASN1_SET_ANY           0001a6fc f   libeay32:tasn_typ.obj
 0001:00009714       DH_new_method              0001a714 f   libeay32:dh_lib.obj
 0001:000098cc       DH_free                    0001a8cc f   libeay32:dh_lib.obj
 0001:000099d0       DH_size                    0001a9d0 f   libeay32:dh_lib.obj
 0001:000099f4       DH_new                     0001a9f4 f   libeay32:dh_lib.obj
 0001:00009a08       BIGNUM_it                  0001aa08 f   libeay32:x_bignum.obj
 0001:00009a14       CBIGNUM_it                 0001aa14 f   libeay32:x_bignum.obj
 0001:00009b54       LONG_it                    0001ab54 f   libeay32:x_long.obj
 0001:00009b60       ZLONG_it                   0001ab60 f   libeay32:x_long.obj
 0001:00009d54       ASN1_tag2bit               0001ad54 f   libeay32:tasn_dec.obj
 0001:00009d6c       asn1_ex_c2i                0001ad6c f   libeay32:tasn_dec.obj
 0001:0000ac44       ASN1_item_ex_d2i           0001bc44 f   libeay32:tasn_dec.obj
 0001:0000ba18       ASN1_item_d2i              0001ca18 f   libeay32:tasn_dec.obj
 0001:0000bdc8       asn1_ex_i2c                0001cdc8 f   libeay32:tasn_enc.obj
 0001:0000c0b4       ASN1_item_ex_i2d           0001d0b4 f   libeay32:tasn_enc.obj
 0001:0000c78c       ASN1_item_i2d              0001d78c f   libeay32:tasn_enc.obj
 0001:0000c7a0       ASN1_item_dup              0001d7a0 f   libeay32:a_dup.obj
 0001:0000c834       DSA_do_sign                0001d834 f   libeay32:dsa_sign.obj
 0001:0000c850       DSA_sign_setup             0001d850 f   libeay32:dsa_sign.obj
 0001:0000c86c       DSA_SIG_new                0001d86c f   libeay32:dsa_sign.obj
 0001:0000c8a4       DSA_SIG_free               0001d8a4 f   libeay32:dsa_sign.obj
 0001:0000c8e0       DSA_do_verify              0001d8e0 f   libeay32:dsa_vrf.obj
 0001:0000c9d8       BN_CTX_new                 0001d9d8 f   libeay32:bn_ctx.obj
 0001:0000ca60       BN_CTX_free                0001da60 f   libeay32:bn_ctx.obj
 0001:0000cadc       BN_CTX_start               0001dadc f   libeay32:bn_ctx.obj
 0001:0000cbcc       BN_CTX_end                 0001dbcc f   libeay32:bn_ctx.obj
 0001:0000cc5c       BN_CTX_get                 0001dc5c f   libeay32:bn_ctx.obj
 0001:0000cce8       BN_mod_exp_recp            0001dce8 f   libeay32:bn_exp.obj
 0001:0000d0f4       BN_mod_exp_mont_consttime  0001e0f4 f   libeay32:bn_exp.obj
 0001:0000d698       BN_mod_exp_mont_word       0001e698 f   libeay32:bn_exp.obj
 0001:0000dab8       BN_mod_exp_mont            0001eab8 f   libeay32:bn_exp.obj
 0001:0000df18       BN_mod_exp                 0001ef18 f   libeay32:bn_exp.obj
 0001:0000e1e0       BN_rand                    0001f1e0 f   libeay32:bn_rand.obj
 0001:0000e210       BN_pseudo_rand             0001f210 f   libeay32:bn_rand.obj
 0001:0000e428       BN_rand_range              0001f428 f   libeay32:bn_rand.obj
 0001:0000e444       BN_pseudo_rand_range       0001f444 f   libeay32:bn_rand.obj
 0001:0000e460       OPENSSL_cleanse            0001f460 f   libeay32:mem_clr.obj
 0001:0000e4bc       EVP_PKEY_bits              0001f4bc f   libeay32:p_lib.obj
 0001:0000e4fc       EVP_PKEY_size              0001f4fc f   libeay32:p_lib.obj
 0001:0000e53c       EVP_PKEY_missing_parameters 0001f53c f   libeay32:p_lib.obj
 0001:0000e574       EVP_PKEY_new               0001f574 f   libeay32:p_lib.obj
 0001:0000e5f0       EVP_PKEY_type              0001f5f0 f   libeay32:p_lib.obj
 0001:0000e62c       EVP_PKEY_id                0001f62c f   libeay32:p_lib.obj
 0001:0000e634       EVP_PKEY_print_private     0001f634 f   libeay32:p_lib.obj
 0001:0000e6ac       EVP_PKEY_get_default_digest_nid 0001f6ac f   libeay32:p_lib.obj
 0001:0000e6f0       EVP_PKEY_copy_parameters   0001f6f0 f   libeay32:p_lib.obj
 0001:0000e8dc       EVP_PKEY_set_type          0001f8dc f   libeay32:p_lib.obj
 0001:0000e8f4       EVP_PKEY_assign            0001f8f4 f   libeay32:p_lib.obj
 0001:0000e92c       EVP_PKEY_set1_DSA          0001f92c f   libeay32:p_lib.obj
 0001:0000e958       EVP_PKEY_free              0001f958 f   libeay32:p_lib.obj
 0001:0000ecac       BN_from_montgomery         0001fcac f   libeay32:bn_mont.obj
 0001:0000ed18       BN_MONT_CTX_init           0001fd18 f   libeay32:bn_mont.obj
 0001:0000ed50       BN_MONT_CTX_free           0001fd50 f   libeay32:bn_mont.obj
 0001:0000ed8c       BN_MONT_CTX_set            0001fd8c f   libeay32:bn_mont.obj
 0001:0000ef54       BN_MONT_CTX_copy           0001ff54 f   libeay32:bn_mont.obj
 0001:0000efd0       BN_mod_mul_montgomery      0001ffd0 f   libeay32:bn_mont.obj
 0001:0000f05c       BN_MONT_CTX_new            0002005c f   libeay32:bn_mont.obj
 0001:0000f0a0       BN_MONT_CTX_set_locked     000200a0 f   libeay32:bn_mont.obj
 0001:0000f178       BN_uadd                    00020178 f   libeay32:bn_add.obj
 0001:0000f274       BN_usub                    00020274 f   libeay32:bn_add.obj
 0001:0000f41c       BN_sub                     0002041c f   libeay32:bn_add.obj
 0001:0000f514       BN_add                     00020514 f   libeay32:bn_add.obj
 0001:0000f5c8       BN_div                     000205c8 f   libeay32:bn_div.obj
 0001:0000fb7c       BN_lshift1                 00020b7c f   libeay32:bn_shift.obj
 0001:0000fc50       BN_rshift1                 00020c50 f   libeay32:bn_shift.obj
 0001:0000fd2c       BN_lshift                  00020d2c f   libeay32:bn_shift.obj
 0001:0000fe58       BN_rshift                  00020e58 f   libeay32:bn_shift.obj
 0001:0000ff70       BN_GENCB_call              00020f70 f   libeay32:bn_prime.obj
 0001:000103d4       BN_is_prime_fasttest_ex    000213d4 f   libeay32:bn_prime.obj
 0001:000107c8       BN_generate_prime_ex       000217c8 f   libeay32:bn_prime.obj
 0001:00010b30       EVP_MD_CTX_init            00021b30 f   libeay32:digest.obj
 0001:00010b48       EVP_MD_CTX_create          00021b48 f   libeay32:digest.obj
 0001:00010b80       EVP_DigestInit_ex          00021b80 f   libeay32:digest.obj
 0001:00010d98       EVP_DigestUpdate           00021d98 f   libeay32:digest.obj
 0001:00010db0       EVP_DigestFinal_ex         00021db0 f   libeay32:digest.obj
 0001:00010e5c       EVP_MD_CTX_cleanup         00021e5c f   libeay32:digest.obj
 0001:00010f28       EVP_MD_CTX_copy_ex         00021f28 f   libeay32:digest.obj
 0001:000110d8       EVP_Digest                 000220d8 f   libeay32:digest.obj
 0001:0001117c       EVP_MD_CTX_destroy         0002217c f   libeay32:digest.obj
 0001:00011198       EVP_MD_CTX_copy            00022198 f   libeay32:digest.obj
 0001:00011208       EVP_sha1                   00022208 f   libeay32:m_sha1.obj
 0001:0001126c       EVP_sha256                 0002226c f   libeay32:m_sha1.obj
 0001:000112d0       RAND_SSLeay                000222d0 f   libeay32:md_rand.obj
 0001:00011cd8       ENGINE_get_default_RAND    00022cd8 f   libeay32:tb_rand.obj
 0001:00011cf4       ENGINE_get_RAND            00022cf4 f   libeay32:tb_rand.obj
 0001:00011cfc       ERR_load_CMS_strings       00022cfc f   libeay32:cms_err.obj
 0001:00011d38       ERR_load_UI_strings        00022d38 f   libeay32:ui_err.obj
 0001:00011d74       ERR_load_OCSP_strings      00022d74 f   libeay32:ocsp_err.obj
 0001:00011db0       ERR_load_ENGINE_strings    00022db0 f   libeay32:eng_err.obj
 0001:00011dec       ERR_load_TS_strings        00022dec f   libeay32:ts_err.obj
 0001:00011e28       ERR_load_DSO_strings       00022e28 f   libeay32:dso_err.obj
 0001:00011e64       ERR_load_RAND_strings      00022e64 f   libeay32:rand_err.obj
 0001:00011ea0       ERR_load_PKCS12_strings    00022ea0 f   libeay32:pk12err.obj
 0001:00011edc       ERR_load_X509V3_strings    00022edc f   libeay32:v3err.obj
 0001:00011f18       ERR_load_PKCS7_strings     00022f18 f   libeay32:pkcs7err.obj
 0001:00011f54       ERR_load_BIO_strings       00022f54 f   libeay32:bio_err.obj
 0001:00011f90       ERR_load_ECDH_strings      00022f90 f   libeay32:ech_err.obj
 0001:00011fcc       ERR_load_ECDSA_strings     00022fcc f   libeay32:ecs_err.obj
 0001:00012008       ERR_load_EC_strings        00023008 f   libeay32:ec_err.obj
 0001:00012044       ERR_load_COMP_strings      00023044 f   libeay32:comp_err.obj
 0001:00012080       ERR_load_CRYPTO_strings    00023080 f   libeay32:cpt_err.obj
 0001:000120bc       ERR_load_CONF_strings      000230bc f   libeay32:conf_err.obj
 0001:000120f8       ERR_load_ASN1_strings      000230f8 f   libeay32:asn1_err.obj
 0001:00012134       ERR_load_X509_strings      00023134 f   libeay32:x509_err.obj
 0001:00012170       ERR_load_DSA_strings       00023170 f   libeay32:dsa_err.obj
 0001:000121ac       ERR_load_PEM_strings       000231ac f   libeay32:pem_err.obj
 0001:000121e8       ERR_load_OBJ_strings       000231e8 f   libeay32:obj_err.obj
 0001:00012224       ERR_load_BUF_strings       00023224 f   libeay32:buf_err.obj
 0001:00012264       ERR_load_EVP_strings       00023264 f   libeay32:evp_err.obj
 0001:000122a0       ERR_load_DH_strings        000232a0 f   libeay32:dh_err.obj
 0001:000122dc       ERR_load_RSA_strings       000232dc f   libeay32:rsa_err.obj
 0001:00012318       ERR_load_BN_strings        00023318 f   libeay32:bn_err.obj
 0001:00012354       OPENSSL_init               00023354 f   libeay32:o_init.obj
 0001:000123cc       OBJ_nid2obj                000233cc f   libeay32:obj_dat.obj
 0001:000124ac       OBJ_nid2sn                 000234ac f   libeay32:obj_dat.obj
 0001:00012590       OBJ_nid2ln                 00023590 f   libeay32:obj_dat.obj
 0001:000126b8       OBJ_bsearch_ex_            000236b8 f   libeay32:obj_dat.obj
 0001:0001279c       OBJ_bsearch_               0002379c f   libeay32:obj_dat.obj
 0001:000127c4       OBJ_obj2nid                000237c4 f   libeay32:obj_dat.obj
 0001:0001288c       OBJ_obj2txt                0002388c f   libeay32:obj_dat.obj
 0001:00012b8c       OBJ_ln2nid                 00023b8c f   libeay32:obj_dat.obj
 0001:00012c3c       OBJ_sn2nid                 00023c3c f   libeay32:obj_dat.obj
 0001:00012cec       OBJ_txt2obj                00023cec f   libeay32:obj_dat.obj
 0001:00012de0       BN_nnmod                   00023de0 f   libeay32:bn_mod.obj
 0001:00012e60       BN_mod_add                 00023e60 f   libeay32:bn_mod.obj
 0001:00012e9c       BN_mod_add_quick           00023e9c f   libeay32:bn_mod.obj
 0001:00012ef4       BN_mod_sub_quick           00023ef4 f   libeay32:bn_mod.obj
 0001:00012f44       BN_mod_mul                 00023f44 f   libeay32:bn_mod.obj
 0001:00012fd4       BN_mod_sqr                 00023fd4 f   libeay32:bn_mod.obj
 0001:00013018       BN_mod_lshift1_quick       00024018 f   libeay32:bn_mod.obj
 0001:00013070       BN_mod_lshift_quick        00024070 f   libeay32:bn_mod.obj
 0001:000135c0       BN_gcd                     000245c0 f   libeay32:bn_gcd.obj
 0001:00013694       BN_mod_inverse             00024694 f   libeay32:bn_gcd.obj
 0001:00013d08       BN_mod_exp2_mont           00024d08 f   libeay32:bn_exp2.obj
 0001:000143bc       engine_free_util           000253bc f   libeay32:eng_lib.obj
 0001:0001447c       ENGINE_free                0002547c f   libeay32:eng_lib.obj
 0001:00014490       engine_table_select        00025490 f   libeay32:eng_table.obj
 0001:0001461c       engine_table_doall         0002561c f   libeay32:eng_table.obj
 0001:00014650       ASN1_primitive_new         00025650 f   libeay32:tasn_new.obj
 0001:00014b8c       ASN1_item_ex_new           00025b8c f   libeay32:tasn_new.obj
 0001:00014ba0       ASN1_template_new          00025ba0 f   libeay32:tasn_new.obj
 0001:00014c78       ASN1_item_new              00025c78 f   libeay32:tasn_new.obj
 0001:00014cb0       ASN1_primitive_free        00025cb0 f   libeay32:tasn_fre.obj
 0001:00015024       ASN1_template_free         00026024 f   libeay32:tasn_fre.obj
 0001:000150d8       ASN1_item_free             000260d8 f   libeay32:tasn_fre.obj
 0001:000150f8       ASN1_item_ex_free          000260f8 f   libeay32:tasn_fre.obj
 0001:0001510c       DH_generate_key            0002610c f   libeay32:dh_key.obj
 0001:00015128       DH_compute_key             00026128 f   libeay32:dh_key.obj
 0001:00015144       DH_OpenSSL                 00026144 f   libeay32:dh_key.obj
 0001:000155e0       ENGINE_get_default_DH      000265e0 f   libeay32:tb_dh.obj
 0001:000155fc       ENGINE_get_DH              000265fc f   libeay32:tb_dh.obj
 0001:00015604       ASN1_INTEGER_cmp           00026604 f   libeay32:a_int.obj
 0001:0001564c       i2c_ASN1_INTEGER           0002664c f   libeay32:a_int.obj
 0001:000157a0       c2i_ASN1_INTEGER           000267a0 f   libeay32:a_int.obj
 0001:00015964       d2i_ASN1_UINTEGER          00026964 f   libeay32:a_int.obj
 0001:00015ad4       ASN1_INTEGER_set           00026ad4 f   libeay32:a_int.obj
 0001:00015bdc       ASN1_INTEGER_get           00026bdc f   libeay32:a_int.obj
 0001:00015c70       BN_to_ASN1_INTEGER         00026c70 f   libeay32:a_int.obj
 0001:00015d98       ASN1_INTEGER_to_BN         00026d98 f   libeay32:a_int.obj
 0001:00015e10       a2d_ASN1_OBJECT            00026e10 f   libeay32:a_object.obj
 0001:000161e8       i2t_ASN1_OBJECT            000271e8 f   libeay32:a_object.obj
 0001:000161fc       i2a_ASN1_OBJECT            000271fc f   libeay32:a_object.obj
 0001:000162d8       ASN1_OBJECT_new            000272d8 f   libeay32:a_object.obj
 0001:00016354       ASN1_OBJECT_free           00027354 f   libeay32:a_object.obj
 0001:000163d4       c2i_ASN1_OBJECT            000273d4 f   libeay32:a_object.obj
 0001:00016568       d2i_ASN1_OBJECT            00027568 f   libeay32:a_object.obj
 0001:00016608       ASN1_BIT_STRING_set        00027608 f   libeay32:a_bitstr.obj
 0001:00016618       i2c_ASN1_BIT_STRING        00027618 f   libeay32:a_bitstr.obj
 0001:0001671c       c2i_ASN1_BIT_STRING        0002771c f   libeay32:a_bitstr.obj
 0001:00016860       ASN1_BIT_STRING_set_bit    00027860 f   libeay32:a_bitstr.obj
 0001:000169b0       ASN1_BIT_STRING_get_bit    000279b0 f   libeay32:a_bitstr.obj
 0001:00016a0c       ASN1_TYPE_get              00027a0c f   libeay32:a_type.obj
 0001:00016a30       ASN1_TYPE_set              00027a30 f   libeay32:a_type.obj
 0001:00016a9c       ASN1_TYPE_set1             00027a9c f   libeay32:a_type.obj
 0001:00016b10       BUF_MEM_new                00027b10 f   libeay32:buffer.obj
 0001:00016b74       BUF_MEM_free               00027b74 f   libeay32:buffer.obj
 0001:00016bb4       BUF_MEM_grow               00027bb4 f   libeay32:buffer.obj
 0001:00016cbc       BUF_MEM_grow_clean         00027cbc f   libeay32:buffer.obj
 0001:00016dd8       asn1_get_choice_selector   00027dd8 f   libeay32:tasn_utl.obj
 0001:00016de8       asn1_set_choice_selector   00027de8 f   libeay32:tasn_utl.obj
 0001:00016e04       asn1_do_lock               00027e04 f   libeay32:tasn_utl.obj
 0001:00016e88       asn1_enc_init              00027e88 f   libeay32:tasn_utl.obj
 0001:00016ee0       asn1_enc_free              00027ee0 f   libeay32:tasn_utl.obj
 0001:00016f54       asn1_enc_save              00027f54 f   libeay32:tasn_utl.obj
 0001:00017000       asn1_enc_restore           00028000 f   libeay32:tasn_utl.obj
 0001:000170a8       asn1_get_field_ptr         000280a8 f   libeay32:tasn_utl.obj
 0001:000170c0       asn1_do_adb                000280c0 f   libeay32:tasn_utl.obj
 0001:000171b8       bn_mul_normal              000281b8 f   libeay32:bn_mul.obj
 0001:000172c8       BN_mul                     000282c8 f   libeay32:bn_mul.obj
 0001:000173e8       bn_sqr_normal              000283e8 f   libeay32:bn_sqr.obj
 0001:000174d4       BN_sqr                     000284d4 f   libeay32:bn_sqr.obj
 0001:0001760c       BN_RECP_CTX_init           0002860c f   libeay32:bn_recp.obj
 0001:00017634       BN_RECP_CTX_free           00028634 f   libeay32:bn_recp.obj
 0001:00017668       BN_RECP_CTX_set            00028668 f   libeay32:bn_recp.obj
 0001:000176b4       BN_reciprocal              000286b4 f   libeay32:bn_recp.obj
 0001:00017734       BN_div_recp                00028734 f   libeay32:bn_recp.obj
 0001:00017990       BN_mod_mul_reciprocal      00028990 f   libeay32:bn_recp.obj
 0001:00017a3c       BN_mod_word                00028a3c f   libeay32:bn_word.obj
 0001:00017aa0       BN_div_word                00028aa0 f   libeay32:bn_word.obj
 0001:00017b68       BN_add_word                00028b68 f   libeay32:bn_word.obj
 0001:00017c74       BN_sub_word                00028c74 f   libeay32:bn_word.obj
 0001:00017d78       BN_mul_word                00028d78 f   libeay32:bn_word.obj
 0001:00017e04       RSA_new_method             00028e04 f   libeay32:rsa_lib.obj
 0001:00017fe8       RSA_free                   00028fe8 f   libeay32:rsa_lib.obj
 0001:0001811c       RSA_new                    0002911c f   libeay32:rsa_lib.obj
 0001:00018130       EC_KEY_new                 00029130 f   libeay32:ec_key.obj
 0001:000181b4       EC_KEY_free                000291b4 f   libeay32:ec_key.obj
 0001:00018244       EC_KEY_generate_key        00029244 f   libeay32:ec_key.obj
 0001:000183a0       EC_KEY_get0_group          000293a0 f   libeay32:ec_key.obj
 0001:000183a8       EC_KEY_set_group           000293a8 f   libeay32:ec_key.obj
 0001:000183e8       EC_KEY_get0_private_key    000293e8 f   libeay32:ec_key.obj
 0001:000183f0       EC_KEY_get0_public_key     000293f0 f   libeay32:ec_key.obj
 0001:000183f8       EC_KEY_set_public_key      000293f8 f   libeay32:ec_key.obj
 0001:0001843c       EC_KEY_get_enc_flags       0002943c f   libeay32:ec_key.obj
 0001:00018444       EC_KEY_set_enc_flags       00029444 f   libeay32:ec_key.obj
 0001:0001844c       EC_KEY_get_conv_form       0002944c f   libeay32:ec_key.obj
 0001:00018454       EC_KEY_get_key_method_data 00029454 f   libeay32:ec_key.obj
 0001:000184c0       EC_KEY_insert_key_method_data 000294c0 f   libeay32:ec_key.obj
 0001:00018568       EVP_PKEY_asn1_get_count    00029568 f   libeay32:ameth_lib.obj
 0001:00018598       EVP_PKEY_asn1_get0         00029598 f   libeay32:ameth_lib.obj
 0001:000185e0       EVP_PKEY_asn1_find         000295e0 f   libeay32:ameth_lib.obj
 0001:000186c8       EVP_PKEY_asn1_find_str     000296c8 f   libeay32:ameth_lib.obj
 0001:000187b0       EVP_PKEY_asn1_free         000297b0 f   libeay32:ameth_lib.obj
 0001:000187f8       X509_ATTRIBUTE_SET_it      000297f8 f   libeay32:x_attrib.obj
 0001:00018804       X509_ATTRIBUTE_it          00029804 f   libeay32:x_attrib.obj
 0001:00018810       X509_ATTRIBUTE_new         00029810 f   libeay32:x_attrib.obj
 0001:00018828       X509_ATTRIBUTE_free        00029828 f   libeay32:x_attrib.obj
 0001:00018840       X509_ATTRIBUTE_dup         00029840 f   libeay32:x_attrib.obj
 0001:0001885c       X509_ATTRIBUTE_create      0002985c f   libeay32:x_attrib.obj
 0001:00018900       bn_mul_add_words           00029900 f   libeay32:bn_asm.obj
 0001:00018958       bn_mul_words               00029958 f   libeay32:bn_asm.obj
 0001:000189a4       bn_sqr_words               000299a4 f   libeay32:bn_asm.obj
 0001:000189d0       bn_div_words               000299d0 f   libeay32:bn_asm.obj
 0001:00018a00       bn_add_words               00029a00 f   libeay32:bn_asm.obj
 0001:00018a54       bn_sub_words               00029a54 f   libeay32:bn_asm.obj
 0001:00018acc       EVP_PKEY_meth_find         00029acc f   libeay32:pmeth_lib.obj
 0001:00018b64       EVP_PKEY_meth_free         00029b64 f   libeay32:pmeth_lib.obj
 0001:00018b80       EVP_PKEY_CTX_free          00029b80 f   libeay32:pmeth_lib.obj
 0001:00018be8       EVP_PKEY_CTX_ctrl          00029be8 f   libeay32:pmeth_lib.obj
 0001:00018d0c       EVP_PKEY_CTX_get0_pkey     00029d0c f   libeay32:pmeth_lib.obj
 0001:00018d14       EVP_PKEY_CTX_new           00029d14 f   libeay32:pmeth_lib.obj
 0001:00018e90       EVP_PKEY_CTX_dup           00029e90 f   libeay32:pmeth_lib.obj
 0001:00018fcc       ENGINE_get_digest_engine   00029fcc f   libeay32:tb_digest.obj
 0001:00018fe8       ENGINE_get_digest          00029fe8 f   libeay32:tb_digest.obj
 0001:0001904c       EVP_CIPHER_CTX_block_size  0002a04c f   libeay32:evp_lib.obj
 0001:00019058       EVP_Cipher                 0002a058 f   libeay32:evp_lib.obj
 0001:00019074       EVP_CIPHER_CTX_cipher      0002a074 f   libeay32:evp_lib.obj
 0001:0001907c       EVP_CIPHER_CTX_flags       0002a07c f   libeay32:evp_lib.obj
 0001:00019088       EVP_CIPHER_iv_length       0002a088 f   libeay32:evp_lib.obj
 0001:00019090       EVP_CIPHER_CTX_iv_length   0002a090 f   libeay32:evp_lib.obj
 0001:0001909c       EVP_CIPHER_key_length      0002a09c f   libeay32:evp_lib.obj
 0001:000190a4       EVP_CIPHER_CTX_key_length  0002a0a4 f   libeay32:evp_lib.obj
 0001:000190ac       EVP_MD_block_size          0002a0ac f   libeay32:evp_lib.obj
 0001:000190b4       EVP_MD_type                0002a0b4 f   libeay32:evp_lib.obj
 0001:000190bc       EVP_MD_pkey_type           0002a0bc f   libeay32:evp_lib.obj
 0001:000190c4       EVP_MD_size                0002a0c4 f   libeay32:evp_lib.obj
 0001:00019110       EVP_MD_CTX_md              0002a110 f   libeay32:evp_lib.obj
 0001:00019120       EVP_MD_CTX_set_flags       0002a120 f   libeay32:evp_lib.obj
 0001:00019130       EVP_MD_CTX_clear_flags     0002a130 f   libeay32:evp_lib.obj
 0001:00019140       EVP_MD_CTX_test_flags      0002a140 f   libeay32:evp_lib.obj
 0001:0001914c       EVP_CIPHER_get_asn1_iv     0002a14c f   libeay32:evp_lib.obj
 0001:000191c4       EVP_CIPHER_set_asn1_iv     0002a1c4 f   libeay32:evp_lib.obj
 0001:00019214       EVP_CIPHER_type            0002a214 f   libeay32:evp_lib.obj
 0001:00019344       EVP_CIPHER_param_to_asn1   0002a344 f   libeay32:evp_lib.obj
 0001:0001938c       EVP_CIPHER_asn1_to_param   0002a38c f   libeay32:evp_lib.obj
 0001:000193d4       RSA_sign                   0002a3d4 f   libeay32:rsa_sign.obj
 0001:00019618       int_rsa_verify             0002a618 f   libeay32:rsa_sign.obj
 0001:00019a04       RSA_verify                 0002aa04 f   libeay32:rsa_sign.obj
 0001:00019a7c       SHA1_Init                  0002aa7c f   libeay32:sha1dgst.obj
 0001:00019e34       SHA1_Update                0002ae34 f   libeay32:sha1dgst.obj
 0001:00019f3c       SHA1_Final                 0002af3c f   libeay32:sha1dgst.obj
 0001:0001a0ac       SHA224_Init                0002b0ac f   libeay32:sha256.obj
 0001:0001a12c       SHA256_Init                0002b12c f   libeay32:sha256.obj
 0001:0001a4cc       SHA256_Update              0002b4cc f   libeay32:sha256.obj
 0001:0001a5d4       SHA256_Final               0002b5d4 f   libeay32:sha256.obj
 0001:0001a75c       SHA384_Init                0002b75c f   libeay32:sha512.obj
 0001:0001a84c       SHA512_Init                0002b84c f   libeay32:sha512.obj
 0001:0001b114       SHA512_Final               0002c114 f   libeay32:sha512.obj
 0001:0001b340       SHA512_Update              0002c340 f   libeay32:sha512.obj
 0001:0001b50c       RAND_poll                  0002c50c f   libeay32:rand_win.obj
 0001:0001b5e4       OBJ_dup                    0002c5e4 f   libeay32:obj_lib.obj
 0001:0001b784       OBJ_cmp                    0002c784 f   libeay32:obj_lib.obj
 0001:0001b7b0       BN_bn2dec                  0002c7b0 f   libeay32:bn_print.obj
 0001:0001b99c       BN_hex2bn                  0002c99c f   libeay32:bn_print.obj
 0001:0001bb2c       BN_dec2bn                  0002cb2c f   libeay32:bn_print.obj
 0001:0001bcc0       BN_asc2bn                  0002ccc0 f   libeay32:bn_print.obj
 0001:0001bd40       ENGINE_get_pkey_asn1_meth_engine 0002cd40 f   libeay32:tb_asnmth.obj
 0001:0001bd5c       engine_pkey_asn1_meths_free 0002cd5c f   libeay32:tb_asnmth.obj
 0001:0001be98       ENGINE_pkey_asn1_find_str  0002ce98 f   libeay32:tb_asnmth.obj
 0001:0001bf38       ENGINE_get_pkey_asn1_meth  0002cf38 f   libeay32:tb_asnmth.obj
 0001:0001bf9c       ENGINE_get_pkey_meth_engine 0002cf9c f   libeay32:tb_pkmeth.obj
 0001:0001bfb8       engine_pkey_meths_free     0002cfb8 f   libeay32:tb_pkmeth.obj
 0001:0001c038       ENGINE_get_pkey_meth       0002d038 f   libeay32:tb_pkmeth.obj
 0001:0001c09c       DH_check_pub_key           0002d09c f   libeay32:dh_check.obj
 0001:0001c138       RSA_PKCS1_SSLeay           0002d138 f   libeay32:rsa_eay.obj
 0001:0001d958       ENGINE_get_default_RSA     0002e958 f   libeay32:tb_rsa.obj
 0001:0001d974       ENGINE_get_RSA             0002e974 f   libeay32:tb_rsa.obj
 0001:0001d97c       BN_BLINDING_free           0002e97c f   libeay32:bn_blind.obj
 0001:0001d9d8       BN_BLINDING_invert_ex      0002e9d8 f   libeay32:bn_blind.obj
 0001:0001da5c       BN_BLINDING_thread_id      0002ea5c f   libeay32:bn_blind.obj
 0001:0001da64       BN_BLINDING_new            0002ea64 f   libeay32:bn_blind.obj
 0001:0001db58       BN_BLINDING_create_param   0002eb58 f   libeay32:bn_blind.obj
 0001:0001dd34       BN_BLINDING_update         0002ed34 f   libeay32:bn_blind.obj
 0001:0001de48       BN_BLINDING_convert_ex     0002ee48 f   libeay32:bn_blind.obj
 0001:0001df18       EC_GROUP_new               0002ef18 f   libeay32:ec_lib.obj
 0001:0001e018       EC_GROUP_method_of         0002f018 f   libeay32:ec_lib.obj
 0001:0001e020       EC_METHOD_get_field_type   0002f020 f   libeay32:ec_lib.obj
 0001:0001e028       EC_GROUP_get0_generator    0002f028 f   libeay32:ec_lib.obj
 0001:0001e030       EC_GROUP_get_order         0002f030 f   libeay32:ec_lib.obj
 0001:0001e064       EC_GROUP_get_cofactor      0002f064 f   libeay32:ec_lib.obj
 0001:0001e09c       EC_GROUP_set_curve_name    0002f09c f   libeay32:ec_lib.obj
 0001:0001e0a4       EC_GROUP_get_curve_name    0002f0a4 f   libeay32:ec_lib.obj
 0001:0001e0ac       EC_GROUP_set_asn1_flag     0002f0ac f   libeay32:ec_lib.obj
 0001:0001e0b4       EC_GROUP_get_asn1_flag     0002f0b4 f   libeay32:ec_lib.obj
 0001:0001e0bc       EC_GROUP_set_point_conversion_form 0002f0bc f   libeay32:ec_lib.obj
 0001:0001e0c4       EC_GROUP_get_point_conversion_form 0002f0c4 f   libeay32:ec_lib.obj
 0001:0001e0cc       EC_GROUP_set_seed          0002f0cc f   libeay32:ec_lib.obj
 0001:0001e158       EC_GROUP_get0_seed         0002f158 f   libeay32:ec_lib.obj
 0001:0001e160       EC_GROUP_get_seed_len      0002f160 f   libeay32:ec_lib.obj
 0001:0001e168       EC_GROUP_set_curve_GFp     0002f168 f   libeay32:ec_lib.obj
 0001:0001e1d0       EC_GROUP_get_curve_GFp     0002f1d0 f   libeay32:ec_lib.obj
 0001:0001e238       EC_GROUP_set_curve_GF2m    0002f238 f   libeay32:ec_lib.obj
 0001:0001e2a0       EC_GROUP_get_curve_GF2m    0002f2a0 f   libeay32:ec_lib.obj
 0001:0001e304       EC_GROUP_get_degree        0002f304 f   libeay32:ec_lib.obj
 0001:0001e35c       EC_EX_DATA_set_data        0002f35c f   libeay32:ec_lib.obj
 0001:0001e438       EC_EX_DATA_get_data        0002f438 f   libeay32:ec_lib.obj
 0001:0001e48c       EC_EX_DATA_free_data       0002f48c f   libeay32:ec_lib.obj
 0001:0001e514       EC_EX_DATA_free_all_data   0002f514 f   libeay32:ec_lib.obj
 0001:0001e564       EC_EX_DATA_clear_free_all_data 0002f564 f   libeay32:ec_lib.obj
 0001:0001e5b4       EC_POINT_new               0002f5b4 f   libeay32:ec_lib.obj
 0001:0001e694       EC_POINT_free              0002f694 f   libeay32:ec_lib.obj
 0001:0001e6c8       EC_POINT_clear_free        0002f6c8 f   libeay32:ec_lib.obj
 0001:0001e724       EC_POINT_copy              0002f724 f   libeay32:ec_lib.obj
 0001:0001e7b8       EC_POINT_dup               0002f7b8 f   libeay32:ec_lib.obj
 0001:0001e800       EC_POINT_set_to_infinity   0002f800 f   libeay32:ec_lib.obj
 0001:0001e88c       EC_POINT_set_Jprojective_coordinates_GFp 0002f88c f   libeay32:ec_lib.obj
 0001:0001e940       EC_POINT_set_affine_coordinates_GFp 0002f940 f   libeay32:ec_lib.obj
 0001:0001e9e0       EC_POINT_set_affine_coordinates_GF2m 0002f9e0 f   libeay32:ec_lib.obj
 0001:0001ea84       EC_POINT_get_affine_coordinates_GFp 0002fa84 f   libeay32:ec_lib.obj
 0001:0001eb28       EC_POINT_get_affine_coordinates_GF2m 0002fb28 f   libeay32:ec_lib.obj
 0001:0001ebc8       EC_POINT_add               0002fbc8 f   libeay32:ec_lib.obj
 0001:0001ec84       EC_POINT_dbl               0002fc84 f   libeay32:ec_lib.obj
 0001:0001ed24       EC_POINT_invert            0002fd24 f   libeay32:ec_lib.obj
 0001:0001edb0       EC_POINT_is_at_infinity    0002fdb0 f   libeay32:ec_lib.obj
 0001:0001ee38       EC_POINT_is_on_curve       0002fe38 f   libeay32:ec_lib.obj
 0001:0001eec0       EC_POINT_cmp               0002fec0 f   libeay32:ec_lib.obj
 0001:0001ef60       EC_POINT_make_affine       0002ff60 f   libeay32:ec_lib.obj
 0001:0001efe8       EC_POINTs_make_affine      0002ffe8 f   libeay32:ec_lib.obj
 0001:0001f0b0       EC_POINTs_mul              000300b0 f   libeay32:ec_lib.obj
 0001:0001f12c       EC_POINT_mul               0003012c f   libeay32:ec_lib.obj
 0001:0001f180       EC_GROUP_have_precompute_mult 00030180 f   libeay32:ec_lib.obj
 0001:0001f1c8       EC_GROUP_free              000301c8 f   libeay32:ec_lib.obj
 0001:0001f234       EC_GROUP_clear_free        00030234 f   libeay32:ec_lib.obj
 0001:0001f2d8       EC_GROUP_copy              000302d8 f   libeay32:ec_lib.obj
 0001:0001f4ec       EC_GROUP_dup               000304ec f   libeay32:ec_lib.obj
 0001:0001f534       EC_GROUP_set_generator     00030534 f   libeay32:ec_lib.obj
 0001:0001f614       EC_GROUP_cmp               00030614 f   libeay32:ec_lib.obj
 0001:0001fcb0       EC_GROUP_new_by_curve_name 00030cb0 f   libeay32:ec_curve.obj
 0001:00025c70       EVP_get_cipherbyname       00036c70 f   libeay32:names.obj
 0001:00025c84       EVP_get_digestbyname       00036c84 f   libeay32:names.obj
 0001:00025c98       ASN1_TYPE_set_octetstring  00036c98 f   libeay32:evp_asn1.obj
 0001:00025cf8       ASN1_TYPE_get_octetstring  00036cf8 f   libeay32:evp_asn1.obj
 0001:00025d6c       RSA_size                   00036d6c f   libeay32:rsa_crpt.obj
 0001:00025d90       RSA_public_encrypt         00036d90 f   libeay32:rsa_crpt.obj
 0001:00025dbc       RSA_private_encrypt        00036dbc f   libeay32:rsa_crpt.obj
 0001:00025de8       RSA_private_decrypt        00036de8 f   libeay32:rsa_crpt.obj
 0001:00025e14       RSA_public_decrypt         00036e14 f   libeay32:rsa_crpt.obj
 0001:00025f24       RSA_setup_blinding         00036f24 f   libeay32:rsa_crpt.obj
 0001:000260f8       X509_SIG_it                000370f8 f   libeay32:x_sig.obj
 0001:00026104       d2i_X509_SIG               00037104 f   libeay32:x_sig.obj
 0001:0002611c       i2d_X509_SIG               0003711c f   libeay32:x_sig.obj
 0001:00026134       X509_SIG_free              00037134 f   libeay32:x_sig.obj
 0001:0002614c       RSA_padding_add_PKCS1_type_1 0003714c f   libeay32:rsa_pk1.obj
 0001:000261e0       RSA_padding_check_PKCS1_type_1 000371e0 f   libeay32:rsa_pk1.obj
 0001:00026328       RSA_padding_add_PKCS1_type_2 00037328 f   libeay32:rsa_pk1.obj
 0001:00026400       RSA_padding_check_PKCS1_type_2 00037400 f   libeay32:rsa_pk1.obj
 0001:00026514       RSA_padding_add_SSLv23     00037514 f   libeay32:rsa_ssl.obj
 0001:000265fc       RSA_padding_check_SSLv23   000375fc f   libeay32:rsa_ssl.obj
 0001:0002676c       RSA_padding_add_none       0003776c f   libeay32:rsa_none.obj
 0001:000267ec       RSA_padding_check_none     000377ec f   libeay32:rsa_none.obj
 0001:00026868       PKCS1_MGF1                 00037868 f   libeay32:rsa_oaep.obj
 0001:00026990       RSA_padding_add_PKCS1_OAEP 00037990 f   libeay32:rsa_oaep.obj
 0001:00026b88       RSA_padding_check_PKCS1_OAEP 00037b88 f   libeay32:rsa_oaep.obj
 0001:00026df8       RSA_padding_add_X931       00037df8 f   libeay32:rsa_x931.obj
 0001:00026ea4       RSA_padding_check_X931     00037ea4 f   libeay32:rsa_x931.obj
 0001:00026fcc       RSA_X931_hash_id           00037fcc f   libeay32:rsa_x931.obj
 0001:0002742c       ec_wNAF_mul                0003842c f   libeay32:ec_mult.obj
 0001:00027fd4       ec_wNAF_precompute_mult    00038fd4 f   libeay32:ec_mult.obj
 0001:000284e0       ec_wNAF_have_precompute_mult 000394e0 f   libeay32:ec_mult.obj
 0001:0002851c       EC_GROUP_new_curve_GFp     0003951c f   libeay32:ec_cvt.obj
 0001:000285e8       EC_GROUP_new_curve_GF2m    000395e8 f   libeay32:ec_cvt.obj
 0001:0002864c       CMAC_CTX_new               0003964c f   libeay32:cmac.obj
 0001:0002868c       CMAC_CTX_cleanup           0003968c f   libeay32:cmac.obj
 0001:000286d8       CMAC_CTX_free              000396d8 f   libeay32:cmac.obj
 0001:000286f4       CMAC_CTX_copy              000396f4 f   libeay32:cmac.obj
 0001:00028784       CMAC_Init                  00039784 f   libeay32:cmac.obj
 0001:00028a00       CMAC_Update                00039a00 f   libeay32:cmac.obj
 0001:00028ae4       CMAC_Final                 00039ae4 f   libeay32:cmac.obj
 0001:00028be4       ASN1_OCTET_STRING_dup      00039be4 f   libeay32:a_octet.obj
 0001:00028bf4       ASN1_OCTET_STRING_set      00039bf4 f   libeay32:a_octet.obj
 0001:00028c04       EC_GROUP_get_basis_type    00039c04 f   libeay32:ec_asn1.obj
 0001:00028c7c       EC_GROUP_get_trinomial_basis 00039c7c f   libeay32:ec_asn1.obj
 0001:00028d10       EC_GROUP_get_pentanomial_basis 00039d10 f   libeay32:ec_asn1.obj
 0001:00028ddc       X9_62_PENTANOMIAL_it       00039ddc f   libeay32:ec_asn1.obj
 0001:00028df4       X9_62_CHARACTERISTIC_TWO_it 00039df4 f   libeay32:ec_asn1.obj
 0001:00028e0c       X9_62_FIELDID_it           00039e0c f   libeay32:ec_asn1.obj
 0001:00028e18       X9_62_CURVE_it             00039e18 f   libeay32:ec_asn1.obj
 0001:00028e24       ECPARAMETERS_it            00039e24 f   libeay32:ec_asn1.obj
 0001:00028e30       ECPKPARAMETERS_it          00039e30 f   libeay32:ec_asn1.obj
 0001:0002a330       d2i_ECPKParameters         0003b330 f   libeay32:ec_asn1.obj
 0001:0002a3fc       i2d_ECPKParameters         0003b3fc f   libeay32:ec_asn1.obj
 0001:0002a4a0       d2i_ECPrivateKey           0003b4a0 f   libeay32:ec_asn1.obj
 0001:0002a75c       i2d_ECPrivateKey           0003b75c f   libeay32:ec_asn1.obj
 0001:0002aae0       i2d_ECParameters           0003bae0 f   libeay32:ec_asn1.obj
 0001:0002ab30       d2i_ECParameters           0003bb30 f   libeay32:ec_asn1.obj
 0001:0002ac14       o2i_ECPublicKey            0003bc14 f   libeay32:ec_asn1.obj
 0001:0002ad28       i2o_ECPublicKey            0003bd28 f   libeay32:ec_asn1.obj
 0001:0002ae8c       X509_PUBKEY_it             0003be8c f   libeay32:x_pubkey.obj
 0001:0002ae98       X509_PUBKEY_get            0003be98 f   libeay32:x_pubkey.obj
 0001:0002b048       X509_PUBKEY_set0_param     0003c048 f   libeay32:x_pubkey.obj
 0001:0002b0c8       X509_PUBKEY_get0_param     0003c0c8 f   libeay32:x_pubkey.obj
 0001:0002b118       X509_ALGOR_it              0003c118 f   libeay32:x_algor.obj
 0001:0002b124       d2i_X509_ALGOR             0003c124 f   libeay32:x_algor.obj
 0001:0002b13c       X509_ALGOR_new             0003c13c f   libeay32:x_algor.obj
 0001:0002b154       X509_ALGOR_free            0003c154 f   libeay32:x_algor.obj
 0001:0002b16c       X509_ALGOR_set0            0003c16c f   libeay32:x_algor.obj
 0001:0002b214       X509_ALGOR_get0            0003c214 f   libeay32:x_algor.obj
 0001:0002b268       X509_ALGOR_set_md          0003c268 f   libeay32:x_algor.obj
 0001:0002b2e4       PKCS8_PRIV_KEY_INFO_it     0003c2e4 f   libeay32:p8_pkey.obj
 0001:0002b2f0       PKCS8_pkey_set0            0003c2f0 f   libeay32:p8_pkey.obj
 0001:0002b3a0       PKCS8_pkey_get0            0003c3a0 f   libeay32:p8_pkey.obj
 0001:0002b598       ecdsa_check                0003c598 f   libeay32:ecs_lib.obj
 0001:0002b614       ECDSA_size                 0003c614 f   libeay32:ecs_lib.obj
 0001:0002b814       ECPKParameters_print       0003c814 f   libeay32:eck_prn.obj
 0001:0002bdfc       ASN1_bn_print              0003cdfc f   libeay32:t_pkey.obj
 0001:0002bff0       EC_POINT_point2bn          0003cff0 f   libeay32:ec_print.obj
 0001:0002c09c       PKCS7_ctrl                 0003d09c f   libeay32:pk7_lib.obj
 0001:0002c1c0       PKCS7_SIGNER_INFO_get0_algs 0003d1c0 f   libeay32:pk7_lib.obj
 0001:0002c1f0       PKCS7_RECIP_INFO_get0_alg  0003d1f0 f   libeay32:pk7_lib.obj
 0001:0002c200       PKCS7_stream               0003d200 f   libeay32:pk7_lib.obj
 0001:0002c310       OBJ_find_sigid_algs        0003d310 f   libeay32:obj_xref.obj
 0001:0002c3b0       OBJ_find_sigid_by_algs     0003d3b0 f   libeay32:obj_xref.obj
 0001:0002c62c       CMS_SignerInfo_get0_algs   0003d62c f   libeay32:cms_sd.obj
 0001:0002c66c       CMS_SignerInfo_sign        0003d66c f   libeay32:cms_sd.obj
 0001:0002c8b8       cms_SignedData_init_bio    0003d8b8 f   libeay32:cms_sd.obj
 0001:0002cb1c       cms_SignedData_final       0003db1c f   libeay32:cms_sd.obj
 0001:0002cbac       X509_signature_dump        0003dbac f   libeay32:t_x509.obj
 0001:0002cc98       ASN1_STRING_print          0003dc98 f   libeay32:t_x509.obj
 0001:0002cd6c       ASN1_GENERALIZEDTIME_print 0003dd6c f   libeay32:t_x509.obj
 0001:0002cf88       X509_NAME_print            0003df88 f   libeay32:t_x509.obj
 0001:0002d114       d2i_DHparams               0003e114 f   libeay32:dh_asn1.obj
 0001:0002d12c       i2d_DHparams               0003e12c f   libeay32:dh_asn1.obj
 0001:0002d1a0       RSA_PSS_PARAMS_it          0003e1a0 f   libeay32:rsa_asn1.obj
 0001:0002d1ac       d2i_RSA_PSS_PARAMS         0003e1ac f   libeay32:rsa_asn1.obj
 0001:0002d1c4       RSA_PSS_PARAMS_new         0003e1c4 f   libeay32:rsa_asn1.obj
 0001:0002d1dc       RSA_PSS_PARAMS_free        0003e1dc f   libeay32:rsa_asn1.obj
 0001:0002d1f4       d2i_RSAPrivateKey          0003e1f4 f   libeay32:rsa_asn1.obj
 0001:0002d20c       i2d_RSAPrivateKey          0003e20c f   libeay32:rsa_asn1.obj
 0001:0002d224       d2i_RSAPublicKey           0003e224 f   libeay32:rsa_asn1.obj
 0001:0002d23c       i2d_RSAPublicKey           0003e23c f   libeay32:rsa_asn1.obj
 0001:0002d254       i2a_ASN1_INTEGER           0003e254 f   libeay32:f_int.obj
 0001:0002d39c       CMS_RecipientInfo_ktri_get0_algs 0003e39c f   libeay32:cms_env.obj
 0001:0002d6f8       cms_EnvelopedData_init_bio 0003e6f8 f   libeay32:cms_env.obj
 0001:0002d9d8       EVP_DigestSignInit         0003e9d8 f   libeay32:m_sigver.obj
 0001:0002da00       EVP_DigestVerifyInit       0003ea00 f   libeay32:m_sigver.obj
 0001:0002da28       EVP_DigestSignFinal        0003ea28 f   libeay32:m_sigver.obj
 0001:0002db68       EVP_DigestVerifyFinal      0003eb68 f   libeay32:m_sigver.obj
 0001:0002dc3c       ASN1_item_pack             0003ec3c f   libeay32:asn_pack.obj
 0001:0002dd2c       X509V3_add_value           0003ed2c f   libeay32:v3_utl.obj
 0001:0002de24       X509V3_add_value_uchar     0003ee24 f   libeay32:v3_utl.obj
 0001:0002de34       X509V3_conf_free           0003ee34 f   libeay32:v3_utl.obj
 0001:0002de80       X509V3_add_value_bool      0003ee80 f   libeay32:v3_utl.obj
 0001:0002dea4       i2s_ASN1_ENUMERATED        0003eea4 f   libeay32:v3_utl.obj
 0001:0002df14       i2s_ASN1_INTEGER           0003ef14 f   libeay32:v3_utl.obj
 0001:0002df84       s2i_ASN1_INTEGER           0003ef84 f   libeay32:v3_utl.obj
 0001:0002e0d4       X509V3_add_value_int       0003f0d4 f   libeay32:v3_utl.obj
 0001:0002e128       X509V3_get_value_bool      0003f128 f   libeay32:v3_utl.obj
 0001:0002e2e4       X509V3_get_value_int       0003f2e4 f   libeay32:v3_utl.obj
 0001:0002e3f8       hex_to_string              0003f3f8 f   libeay32:v3_utl.obj
 0001:0002e4b8       string_to_hex              0003f4b8 f   libeay32:v3_utl.obj
 0001:0002e680       name_cmp                   0003f680 f   libeay32:v3_utl.obj
 0001:0002e764       X509V3_NAME_from_section   0003f764 f   libeay32:v3_utl.obj
 0001:0002e84c       X509V3_parse_list          0003f84c f   libeay32:v3_utl.obj
 0001:0002ecbc       a2i_ipadd                  0003fcbc f   libeay32:v3_utl.obj
 0001:0002ed20       a2i_IPADDRESS              0003fd20 f   libeay32:v3_utl.obj
 0001:0002ed7c       a2i_IPADDRESS_NC           0003fd7c f   libeay32:v3_utl.obj
 0001:0002ee48       HMAC_Init_ex               0003fe48 f   libeay32:hmac.obj
 0001:0002f040       HMAC_Update                00040040 f   libeay32:hmac.obj
 0001:0002f054       HMAC_Final                 00040054 f   libeay32:hmac.obj
 0001:0002f0dc       HMAC_CTX_init              000400dc f   libeay32:hmac.obj
 0001:0002f104       HMAC_CTX_copy              00040104 f   libeay32:hmac.obj
 0001:0002f184       HMAC_CTX_cleanup           00040184 f   libeay32:hmac.obj
 0001:0002f1bc       HMAC_CTX_set_flags         000401bc f   libeay32:hmac.obj
 0001:0002f1f0       HMAC_Init                  000401f0 f   libeay32:hmac.obj
 0001:0002f254       HMAC                       00040254 f   libeay32:hmac.obj
 0001:0002f300       ECDSA_do_sign_ex           00040300 f   libeay32:ecs_sign.obj
 0001:0002f360       ECDSA_sign_ex              00040360 f   libeay32:ecs_sign.obj
 0001:0002f3e8       ECDSA_sign_setup           000403e8 f   libeay32:ecs_sign.obj
 0001:0002f438       ECDSA_sign                 00040438 f   libeay32:ecs_sign.obj
 0001:0002f46c       ECDSA_do_verify            0004046c f   libeay32:ecs_vrf.obj
 0001:0002f4c0       ECDSA_verify               000404c0 f   libeay32:ecs_vrf.obj
 0001:0002f538       ECDH_compute_key           00040538 f   libeay32:ech_key.obj
 0001:0002f5cc       evp_pkey_set_cb_translate  000405cc f   libeay32:pmeth_gn.obj
 0001:0002f7cc       DH_generate_parameters_ex  000407cc f   libeay32:dh_gen.obj
 0001:0002f7fc       RSA_verify_PKCS1_PSS_mgf1  000407fc f   libeay32:rsa_pss.obj
 0001:0002fd2c       RSA_padding_add_PKCS1_PSS_mgf1 00040d2c f   libeay32:rsa_pss.obj
 0001:00030180       RSA_sign_ASN1_OCTET_STRING 00041180 f   libeay32:rsa_saos.obj
 0001:00030848       RSA_generate_key_ex        00041848 f   libeay32:rsa_gen.obj
 0001:00030950       OBJ_NAME_init              00041950 f   libeay32:o_names.obj
 0001:000309b8       OBJ_NAME_get               000419b8 f   libeay32:o_names.obj
 0001:00030a88       EVP_PBE_find               00041a88 f   libeay32:evp_pbe.obj
 0001:00030b4c       EVP_PBE_CipherInit         00041b4c f   libeay32:evp_pbe.obj
 0001:00030d04       ec_GFp_mont_group_init     00041d04 f   libeay32:ecp_mont.obj
 0001:00030d24       ec_GFp_mont_group_finish   00041d24 f   libeay32:ecp_mont.obj
 0001:00030d70       ec_GFp_mont_group_clear_finish 00041d70 f   libeay32:ecp_mont.obj
 0001:00030dbc       ec_GFp_mont_group_copy     00041dbc f   libeay32:ecp_mont.obj
 0001:00030e8c       ec_GFp_mont_group_set_curve 00041e8c f   libeay32:ecp_mont.obj
 0001:00030fec       ec_GFp_mont_field_mul      00041fec f   libeay32:ecp_mont.obj
 0001:0003105c       ec_GFp_mont_field_sqr      0004205c f   libeay32:ecp_mont.obj
 0001:000310c8       ec_GFp_mont_field_encode   000420c8 f   libeay32:ecp_mont.obj
 0001:00031138       ec_GFp_mont_field_decode   00042138 f   libeay32:ecp_mont.obj
 0001:00031198       ec_GFp_mont_field_set_to_one 00042198 f   libeay32:ecp_mont.obj
 0001:000311fc       EC_GFp_mont_method         000421fc f   libeay32:ecp_mont.obj
 0001:00031208       ec_GFp_nist_group_copy     00042208 f   libeay32:ecp_nist.obj
 0001:00031224       ec_GFp_nist_group_set_curve 00042224 f   libeay32:ecp_nist.obj
 0001:00031370       ec_GFp_nist_field_mul      00042370 f   libeay32:ecp_nist.obj
 0001:0003144c       ec_GFp_nist_field_sqr      0004244c f   libeay32:ecp_nist.obj
 0001:00031518       EC_GFp_nist_method         00042518 f   libeay32:ecp_nist.obj
 0001:00031524       ec_GF2m_simple_group_init  00042524 f   libeay32:ec2_smpl.obj
 0001:00031550       ec_GF2m_simple_group_finish 00042550 f   libeay32:ec2_smpl.obj
 0001:00031578       ec_GF2m_simple_group_clear_finish 00042578 f   libeay32:ec2_smpl.obj
 0001:000315c0       ec_GF2m_simple_group_copy  000425c0 f   libeay32:ec2_smpl.obj
 0001:0003170c       ec_GF2m_simple_group_set_curve 0004270c f   libeay32:ec2_smpl.obj
 0001:0003187c       ec_GF2m_simple_group_get_curve 0004287c f   libeay32:ec2_smpl.obj
 0001:000318f8       ec_GF2m_simple_group_get_degree 000428f8 f   libeay32:ec2_smpl.obj
 0001:00031910       ec_GF2m_simple_group_check_discriminant 00042910 f   libeay32:ec2_smpl.obj
 0001:000319c4       ec_GF2m_simple_point_init  000429c4 f   libeay32:ec2_smpl.obj
 0001:000319f0       ec_GF2m_simple_point_finish 000429f0 f   libeay32:ec2_smpl.obj
 0001:00031a18       ec_GF2m_simple_point_clear_finish 00042a18 f   libeay32:ec2_smpl.obj
 0001:00031a48       ec_GF2m_simple_point_copy  00042a48 f   libeay32:ec2_smpl.obj
 0001:00031ab0       ec_GF2m_simple_point_set_to_infinity 00042ab0 f   libeay32:ec2_smpl.obj
 0001:00031ad8       ec_GF2m_simple_point_set_affine_coordinates 00042ad8 f   libeay32:ec2_smpl.obj
 0001:00031ba4       ec_GF2m_simple_point_get_affine_coordinates 00042ba4 f   libeay32:ec2_smpl.obj
 0001:00031c94       ec_GF2m_simple_add         00042c94 f   libeay32:ec2_smpl.obj
 0001:00032098       ec_GF2m_simple_dbl         00043098 f   libeay32:ec2_smpl.obj
 0001:000320bc       ec_GF2m_simple_invert      000430bc f   libeay32:ec2_smpl.obj
 0001:00032128       ec_GF2m_simple_is_at_infinity 00043128 f   libeay32:ec2_smpl.obj
 0001:0003213c       ec_GF2m_simple_is_on_curve 0004313c f   libeay32:ec2_smpl.obj
 0001:000322cc       ec_GF2m_simple_cmp         000432cc f   libeay32:ec2_smpl.obj
 0001:00032458       ec_GF2m_simple_make_affine 00043458 f   libeay32:ec2_smpl.obj
 0001:0003255c       ec_GF2m_simple_points_make_affine 0004355c f   libeay32:ec2_smpl.obj
 0001:000325c4       ec_GF2m_simple_field_mul   000435c4 f   libeay32:ec2_smpl.obj
 0001:00032600       ec_GF2m_simple_field_sqr   00043600 f   libeay32:ec2_smpl.obj
 0001:00032624       ec_GF2m_simple_field_div   00043624 f   libeay32:ec2_smpl.obj
 0001:00032660       EC_GF2m_simple_method      00043660 f   libeay32:ec2_smpl.obj
 0001:0003266c       EVP_CIPHER_CTX_init        0004366c f   libeay32:evp_enc.obj
 0001:00032684       EVP_EncryptUpdate          00043684 f   libeay32:evp_enc.obj
 0001:00032874       EVP_EncryptFinal_ex        00043874 f   libeay32:evp_enc.obj
 0001:000329a0       EVP_DecryptUpdate          000439a0 f   libeay32:evp_enc.obj
 0001:00032b1c       EVP_DecryptFinal_ex        00043b1c f   libeay32:evp_enc.obj
 0001:00032cf4       EVP_CIPHER_CTX_cleanup     00043cf4 f   libeay32:evp_enc.obj
 0001:00032d80       EVP_CIPHER_CTX_set_padding 00043d80 f   libeay32:evp_enc.obj
 0001:00032d9c       EVP_CIPHER_CTX_ctrl        00043d9c f   libeay32:evp_enc.obj
 0001:00032e4c       EVP_CIPHER_CTX_rand_key    00043e4c f   libeay32:evp_enc.obj
 0001:00032ea0       EVP_CIPHER_CTX_copy        00043ea0 f   libeay32:evp_enc.obj
 0001:00032ff0       EVP_CipherInit_ex          00043ff0 f   libeay32:evp_enc.obj
 0001:00033350       EVP_CipherUpdate           00044350 f   libeay32:evp_enc.obj
 0001:00033394       EVP_CipherFinal_ex         00044394 f   libeay32:evp_enc.obj
 0001:000333bc       EVP_EncryptInit_ex         000443bc f   libeay32:evp_enc.obj
 0001:000333e4       EVP_DecryptInit_ex         000443e4 f   libeay32:evp_enc.obj
 0001:0003340c       EVP_CIPHER_CTX_set_key_length 0004440c f   libeay32:evp_enc.obj
 0001:00033494       EC_POINT_set_compressed_coordinates_GFp 00044494 f   libeay32:ec_oct.obj
 0001:0003358c       EC_POINT_set_compressed_coordinates_GF2m 0004458c f   libeay32:ec_oct.obj
 0001:00033684       EC_POINT_point2oct         00044684 f   libeay32:ec_oct.obj
 0001:00033794       EC_POINT_oct2point         00044794 f   libeay32:ec_oct.obj
 0001:0003388c       ECDSA_OpenSSL              0004488c f   libeay32:ecs_ossl.obj
 0001:00034550       ENGINE_get_default_ECDSA   00045550 f   libeay32:tb_ecdsa.obj
 0001:0003456c       ENGINE_get_ECDSA           0004556c f   libeay32:tb_ecdsa.obj
 0001:00034604       PKCS7_it                   00045604 f   libeay32:pk7_asn1.obj
 0001:00034610       PKCS7_SIGNED_it            00045610 f   libeay32:pk7_asn1.obj
 0001:0003463c       PKCS7_SIGNER_INFO_it       0004563c f   libeay32:pk7_asn1.obj
 0001:00034648       PKCS7_ISSUER_AND_SERIAL_it 00045648 f   libeay32:pk7_asn1.obj
 0001:00034654       PKCS7_ENVELOPE_it          00045654 f   libeay32:pk7_asn1.obj
 0001:00034680       PKCS7_RECIP_INFO_it        00045680 f   libeay32:pk7_asn1.obj
 0001:0003468c       PKCS7_ENC_CONTENT_it       0004568c f   libeay32:pk7_asn1.obj
 0001:00034698       PKCS7_SIGN_ENVELOPE_it     00045698 f   libeay32:pk7_asn1.obj
 0001:000346a4       PKCS7_ENCRYPT_it           000456a4 f   libeay32:pk7_asn1.obj
 0001:000346b0       PKCS7_DIGEST_it            000456b0 f   libeay32:pk7_asn1.obj
 0001:000346bc       PKCS7_ATTR_SIGN_it         000456bc f   libeay32:pk7_asn1.obj
 0001:000346c8       X509_CINF_it               000456c8 f   libeay32:x_x509.obj
 0001:000347c4       X509_it                    000457c4 f   libeay32:x_x509.obj
 0001:000347d0       X509_free                  000457d0 f   libeay32:x_x509.obj
 0001:000347e8       X509_REVOKED_it            000457e8 f   libeay32:x_crl.obj
 0001:000347f4       X509_CRL_INFO_it           000457f4 f   libeay32:x_crl.obj
 0001:00034a84       X509_CRL_it                00045a84 f   libeay32:x_crl.obj
 0001:00034f04       X509_get_issuer_name       00045f04 f   libeay32:x509_cmp.obj
 0001:00034f10       X509_get_subject_name      00045f10 f   libeay32:x509_cmp.obj
 0001:00034f1c       X509_get_serialNumber      00045f1c f   libeay32:x509_cmp.obj
 0001:00034f28       X509_NAME_cmp              00045f28 f   libeay32:x509_cmp.obj
 0001:00034fb8       X509_get_pubkey            00045fb8 f   libeay32:x509_cmp.obj
 0001:00034fec       X509_NAME_ENTRY_it         00045fec f   libeay32:x_name.obj
 0001:00034ff8       X509_NAME_ENTRY_new        00045ff8 f   libeay32:x_name.obj
 0001:00035010       X509_NAME_ENTRY_free       00046010 f   libeay32:x_name.obj
 0001:00035028       X509_NAME_ENTRY_dup        00046028 f   libeay32:x_name.obj
 0001:00035044       X509_NAME_ENTRIES_it       00046044 f   libeay32:x_name.obj
 0001:00035050       X509_NAME_it               00046050 f   libeay32:x_name.obj
 0001:0003505c       i2d_X509_NAME              0004605c f   libeay32:x_name.obj
 0001:00035074       X509_NAME_new              00046074 f   libeay32:x_name.obj
 0001:0003508c       X509_NAME_free             0004608c f   libeay32:x_name.obj
 0001:000350a4       X509_NAME_dup              000460a4 f   libeay32:x_name.obj
 0001:00035930       CMS_IssuerAndSerialNumber_it 00046930 f   libeay32:cms_asn1.obj
 0001:0003593c       CMS_OtherCertificateFormat_it 0004693c f   libeay32:cms_asn1.obj
 0001:00035948       CMS_CertificateChoices_it  00046948 f   libeay32:cms_asn1.obj
 0001:00035954       CMS_SignerIdentifier_it    00046954 f   libeay32:cms_asn1.obj
 0001:00035960       CMS_EncapsulatedContentInfo_it 00046960 f   libeay32:cms_asn1.obj
 0001:000359a8       CMS_SignerInfo_it          000469a8 f   libeay32:cms_asn1.obj
 0001:000359b4       CMS_OtherRevocationInfoFormat_it 000469b4 f   libeay32:cms_asn1.obj
 0001:000359c0       CMS_RevocationInfoChoice_it 000469c0 f   libeay32:cms_asn1.obj
 0001:000359cc       CMS_SignedData_it          000469cc f   libeay32:cms_asn1.obj
 0001:000359d8       CMS_OriginatorInfo_it      000469d8 f   libeay32:cms_asn1.obj
 0001:000359e4       CMS_EncryptedContentInfo_it 000469e4 f   libeay32:cms_asn1.obj
 0001:000359f0       CMS_KeyTransRecipientInfo_it 000469f0 f   libeay32:cms_asn1.obj
 0001:000359fc       CMS_OtherKeyAttribute_it   000469fc f   libeay32:cms_asn1.obj
 0001:00035a08       CMS_RecipientKeyIdentifier_it 00046a08 f   libeay32:cms_asn1.obj
 0001:00035a14       CMS_KeyAgreeRecipientIdentifier_it 00046a14 f   libeay32:cms_asn1.obj
 0001:00035a20       CMS_RecipientEncryptedKey_it 00046a20 f   libeay32:cms_asn1.obj
 0001:00035a2c       CMS_OriginatorPublicKey_it 00046a2c f   libeay32:cms_asn1.obj
 0001:00035a38       CMS_OriginatorIdentifierOrKey_it 00046a38 f   libeay32:cms_asn1.obj
 0001:00035a44       CMS_KeyAgreeRecipientInfo_it 00046a44 f   libeay32:cms_asn1.obj
 0001:00035a50       CMS_KEKIdentifier_it       00046a50 f   libeay32:cms_asn1.obj
 0001:00035a5c       CMS_KEKRecipientInfo_it    00046a5c f   libeay32:cms_asn1.obj
 0001:00035a68       CMS_PasswordRecipientInfo_it 00046a68 f   libeay32:cms_asn1.obj
 0001:00035a74       CMS_OtherRecipientInfo_it  00046a74 f   libeay32:cms_asn1.obj
 0001:00035b08       CMS_RecipientInfo_it       00046b08 f   libeay32:cms_asn1.obj
 0001:00035b14       CMS_EnvelopedData_it       00046b14 f   libeay32:cms_asn1.obj
 0001:00035b20       CMS_DigestedData_it        00046b20 f   libeay32:cms_asn1.obj
 0001:00035b2c       CMS_EncryptedData_it       00046b2c f   libeay32:cms_asn1.obj
 0001:00035b38       CMS_AuthenticatedData_it   00046b38 f   libeay32:cms_asn1.obj
 0001:00035b44       CMS_CompressedData_it      00046b44 f   libeay32:cms_asn1.obj
 0001:00035be8       CMS_Attributes_Sign_it     00046be8 f   libeay32:cms_asn1.obj
 0001:00035bf4       CMS_ReceiptsFrom_it        00046bf4 f   libeay32:cms_asn1.obj
 0001:00035c00       X509_PURPOSE_get0          00046c00 f   libeay32:v3_purp.obj
 0001:00035c4c       X509_PURPOSE_get_by_id     00046c4c f   libeay32:v3_purp.obj
 0001:00035cb4       X509_supported_extension   00046cb4 f   libeay32:v3_purp.obj
 0001:0003672c       X509_check_purpose         0004772c f   libeay32:v3_purp.obj
 0001:000367c4       ASN1_TIME_it               000477c4 f   libeay32:a_time.obj
 0001:000367d0       ASN1_TIME_free             000477d0 f   libeay32:a_time.obj
 0001:000367e8       ASN1_TIME_adj              000477e8 f   libeay32:a_time.obj
 0001:000368b8       ASN1_TIME_check            000478b8 f   libeay32:a_time.obj
 0001:000368f4       CMS_signed_get_attr_count  000478f4 f   libeay32:cms_att.obj
 0001:00036908       CMS_signed_get_attr_by_NID 00047908 f   libeay32:cms_att.obj
 0001:0003691c       CMS_signed_add1_attr_by_NID 0004791c f   libeay32:cms_att.obj
 0001:0003694c       X509_time_adj_ex           0004794c f   libeay32:x509_vfy.obj
 0001:000369e8       X509_gmtime_adj            000479e8 f   libeay32:x509_vfy.obj
 0001:00036a04       CMS_get0_content           00047a04 f   libeay32:cms_lib.obj
 0001:00036af4       cms_DigestAlgorithm_init_bio 00047af4 f   libeay32:cms_lib.obj
 0001:00036bbc       cms_DigestAlgorithm_find_ctx 00047bbc f   libeay32:cms_lib.obj
 0001:00036c8c       cms_content_bio            00047c8c f   libeay32:cms_lib.obj
 0001:00036ce8       CMS_dataInit               00047ce8 f   libeay32:cms_lib.obj
 0001:00036dec       CMS_dataFinal              00047dec f   libeay32:cms_lib.obj
 0001:00036f54       EVP_SignFinal              00047f54 f   libeay32:p_sign.obj
 0001:00037120       X509_NAME_oneline          00048120 f   libeay32:x509_obj.obj
 0001:00037fd8       X509_NAME_print_ex         00048fd8 f   libeay32:a_strex.obj
 0001:0003801c       ASN1_STRING_to_UTF8        0004901c f   libeay32:a_strex.obj
 0001:000380ac       cms_EncryptedContent_init_bio 000490ac f   libeay32:cms_enc.obj
 0001:0003846c       cms_EncryptedData_init_bio 0004946c f   libeay32:cms_enc.obj
 0001:0003849c       EVP_PKEY_sign_init         0004949c f   libeay32:pmeth_fn.obj
 0001:0003852c       EVP_PKEY_sign              0004952c f   libeay32:pmeth_fn.obj
 0001:00038640       EVP_PKEY_verify_init       00049640 f   libeay32:pmeth_fn.obj
 0001:000386d0       EVP_PKEY_verify            000496d0 f   libeay32:pmeth_fn.obj
 0001:00038774       EVP_PKEY_encrypt_init      00049774 f   libeay32:pmeth_fn.obj
 0001:00038804       EVP_PKEY_encrypt           00049804 f   libeay32:pmeth_fn.obj
 0001:00038918       AES_wrap_key               00049918 f   libeay32:aes_wrap.obj
 0001:00038a34       AES_set_encrypt_key        00049a34 f   libeay32:aes_misc.obj
 0001:00038cc4       cms_RecipientInfo_pwri_crypt 00049cc4 f   libeay32:cms_pwri.obj
 0001:00039034       ASN1_ENUMERATED_get        0004a034 f   libeay32:a_enum.obj
 0001:000390c8       ASN1_ENUMERATED_to_BN      0004a0c8 f   libeay32:a_enum.obj
 0001:0003913c       X509_NAME_entry_count      0004a13c f   libeay32:x509name.obj
 0001:00039160       X509_NAME_get_index_by_OBJ 0004a160 f   libeay32:x509name.obj
 0001:000391cc       X509_NAME_get_entry        0004a1cc f   libeay32:x509name.obj
 0001:00039214       X509_NAME_delete_entry     0004a214 f   libeay32:x509name.obj
 0001:000392e8       X509_NAME_add_entry        0004a2e8 f   libeay32:x509name.obj
 0001:00039454       X509_NAME_ENTRY_set_object 0004a454 f   libeay32:x509name.obj
 0001:000394c8       X509_NAME_ENTRY_set_data   0004a4c8 f   libeay32:x509name.obj
 0001:000395a8       X509_NAME_ENTRY_get_object 0004a5a8 f   libeay32:x509name.obj
 0001:000395b8       X509_NAME_ENTRY_get_data   0004a5b8 f   libeay32:x509name.obj
 0001:000395c8       X509_NAME_get_index_by_NID 0004a5c8 f   libeay32:x509name.obj
 0001:00039604       X509_NAME_ENTRY_create_by_OBJ 0004a604 f   libeay32:x509name.obj
 0001:000396b0       X509_NAME_ENTRY_create_by_txt 0004a6b0 f   libeay32:x509name.obj
 0001:00039754       X509_NAME_add_entry_by_txt 0004a754 f   libeay32:x509name.obj
 0001:000397ac       ACCESS_DESCRIPTION_it      0004a7ac f   libeay32:v3_info.obj
 0001:000397b8       ACCESS_DESCRIPTION_free    0004a7b8 f   libeay32:v3_info.obj
 0001:000397d0       AUTHORITY_INFO_ACCESS_it   0004a7d0 f   libeay32:v3_info.obj
 0001:00039b24       X509_CRL_get_ext_d2i       0004ab24 f   libeay32:x509_ext.obj
 0001:00039b3c       X509_get_ext_count         0004ab3c f   libeay32:x509_ext.obj
 0001:00039b54       X509_get_ext_by_NID        0004ab54 f   libeay32:x509_ext.obj
 0001:00039b6c       X509_get_ext               0004ab6c f   libeay32:x509_ext.obj
 0001:00039b84       X509_get_ext_d2i           0004ab84 f   libeay32:x509_ext.obj
 0001:00039b9c       X509_REVOKED_get_ext_d2i   0004ab9c f   libeay32:x509_ext.obj
 0001:00039bb0       CONF_parse_list            0004abb0 f   libeay32:conf_mod.obj
 0001:00039cdc       OTHERNAME_it               0004acdc f   libeay32:v3_genn.obj
 0001:00039ce8       OTHERNAME_new              0004ace8 f   libeay32:v3_genn.obj
 0001:00039d00       EDIPARTYNAME_it            0004ad00 f   libeay32:v3_genn.obj
 0001:00039d0c       GENERAL_NAME_it            0004ad0c f   libeay32:v3_genn.obj
 0001:00039d18       GENERAL_NAME_new           0004ad18 f   libeay32:v3_genn.obj
 0001:00039d30       GENERAL_NAME_free          0004ad30 f   libeay32:v3_genn.obj
 0001:00039d48       GENERAL_NAMES_it           0004ad48 f   libeay32:v3_genn.obj
 0001:00039d54       GENERAL_NAMES_new          0004ad54 f   libeay32:v3_genn.obj
 0001:00039d6c       GENERAL_NAMES_free         0004ad6c f   libeay32:v3_genn.obj
 0001:00039d84       X509_EXTENSION_it          0004ad84 f   libeay32:x_exten.obj
 0001:00039da8       X509V3_EXT_get_nid         0004ada8 f   libeay32:v3_lib.obj
 0001:00039e38       X509V3_EXT_d2i             0004ae38 f   libeay32:v3_lib.obj
 0001:00039ec8       X509V3_get_d2i             0004aec8 f   libeay32:v3_lib.obj
 0001:00039fc4       d2i_ECDSA_SIG              0004afc4 f   libeay32:ecs_asn1.obj
 0001:00039fdc       i2d_ECDSA_SIG              0004afdc f   libeay32:ecs_asn1.obj
 0001:00039ff4       ECDSA_SIG_new              0004aff4 f   libeay32:ecs_asn1.obj
 0001:0003a00c       ECDSA_SIG_free             0004b00c f   libeay32:ecs_asn1.obj
 0001:0003a17c       ecdh_check                 0004b17c f   libeay32:ech_lib.obj
 0001:0003a1f8       PKCS5_PBKDF2_HMAC          0004b1f8 f   libeay32:p5_crpt2.obj
 0001:0003a3c0       PKCS5_v2_PBKDF2_keyivgen   0004b3c0 f   libeay32:p5_crpt2.obj
 0001:0003a660       PKCS5_v2_PBE_keyivgen      0004b660 f   libeay32:p5_crpt2.obj
 0001:0003a81c       PKCS12_PBE_keyivgen        0004b81c f   libeay32:p12_crpt.obj
 0001:0003aa10       PKCS5_PBE_keyivgen         0004ba10 f   libeay32:p5_crpt.obj
 0001:0003acc8       ec_GFp_simple_group_init   0004bcc8 f   libeay32:ecp_smpl.obj
 0001:0003acfc       ec_GFp_simple_group_finish 0004bcfc f   libeay32:ecp_smpl.obj
 0001:0003ad24       ec_GFp_simple_group_clear_finish 0004bd24 f   libeay32:ecp_smpl.obj
 0001:0003ad4c       ec_GFp_simple_group_copy   0004bd4c f   libeay32:ecp_smpl.obj
 0001:0003adb4       ec_GFp_simple_group_set_curve 0004bdb4 f   libeay32:ecp_smpl.obj
 0001:0003af80       ec_GFp_simple_group_get_curve 0004bf80 f   libeay32:ecp_smpl.obj
 0001:0003b0b0       ec_GFp_simple_group_get_degree 0004c0b0 f   libeay32:ecp_smpl.obj
 0001:0003b0c4       ec_GFp_simple_group_check_discriminant 0004c0c4 f   libeay32:ecp_smpl.obj
 0001:0003b2e8       ec_GFp_simple_point_init   0004c2e8 f   libeay32:ecp_smpl.obj
 0001:0003b31c       ec_GFp_simple_point_finish 0004c31c f   libeay32:ecp_smpl.obj
 0001:0003b344       ec_GFp_simple_point_clear_finish 0004c344 f   libeay32:ecp_smpl.obj
 0001:0003b374       ec_GFp_simple_point_copy   0004c374 f   libeay32:ecp_smpl.obj
 0001:0003b3dc       ec_GFp_simple_point_set_to_infinity 0004c3dc f   libeay32:ecp_smpl.obj
 0001:0003b404       ec_GFp_simple_set_Jprojective_coordinates_GFp 0004c404 f   libeay32:ecp_smpl.obj
 0001:0003b5b4       ec_GFp_simple_get_Jprojective_coordinates_GFp 0004c5b4 f   libeay32:ecp_smpl.obj
 0001:0003b704       ec_GFp_simple_point_set_affine_coordinates 0004c704 f   libeay32:ecp_smpl.obj
 0001:0003b784       ec_GFp_simple_point_get_affine_coordinates 0004c784 f   libeay32:ecp_smpl.obj
 0001:0003bac0       ec_GFp_simple_add          0004cac0 f   libeay32:ecp_smpl.obj
 0001:0003c0d0       ec_GFp_simple_dbl          0004d0d0 f   libeay32:ecp_smpl.obj
 0001:0003c5a8       ec_GFp_simple_invert       0004d5a8 f   libeay32:ecp_smpl.obj
 0001:0003c5f0       ec_GFp_simple_is_at_infinity 0004d5f0 f   libeay32:ecp_smpl.obj
 0001:0003c604       ec_GFp_simple_is_on_curve  0004d604 f   libeay32:ecp_smpl.obj
 0001:0003c944       ec_GFp_simple_cmp          0004d944 f   libeay32:ecp_smpl.obj
 0001:0003cc28       ec_GFp_simple_make_affine  0004dc28 f   libeay32:ecp_smpl.obj
 0001:0003cd44       ec_GFp_simple_points_make_affine 0004dd44 f   libeay32:ecp_smpl.obj
 0001:0003d244       ec_GFp_simple_field_mul    0004e244 f   libeay32:ecp_smpl.obj
[...]
 0001:00034a90       X509_REVOKED_cmp           00045a90 f   libeay32:x_crl.obj
 0001:00034ab0       def_crl_verify             00045ab0 f   libeay32:x_crl.obj
 0001:00034ae4       def_crl_lookup             00045ae4 f   libeay32:x_crl.obj
 0001:00034c70       crl_inf_cb                 00045c70 f   libeay32:x_crl.obj
 0001:00034cac       crl_cb                     00045cac f   libeay32:x_crl.obj
 0001:000350c0       x509_name_ex_new           000460c0 f   libeay32:x_name.obj
 0001:00035174       x509_name_ex_free          00046174 f   libeay32:x_name.obj
 0001:000351cc       local_sk_X509_NAME_ENTRY_free 000461cc f   libeay32:x_name.obj
 0001:000351dc       local_sk_X509_NAME_ENTRY_pop_free 000461dc f   libeay32:x_name.obj
 0001:000351f4       x509_name_encode           000461f4 f   libeay32:x_name.obj
 0001:0003535c       x509_name_ex_print         0004635c f   libeay32:x_name.obj
 0001:00035388       asn1_string_canon          00046388 f   libeay32:x_name.obj
 0001:000354f4       i2d_name_canon             000464f4 f   libeay32:x_name.obj
 0001:00035580       x509_name_canon            00046580 f   libeay32:x_name.obj
 0001:00035704       x509_name_ex_d2i           00046704 f   libeay32:x_name.obj
 0001:000358c0       x509_name_ex_i2d           000468c0 f   libeay32:x_name.obj
 0001:0003596c       cms_si_cb                  0004696c f   libeay32:cms_asn1.obj
 0001:00035a80       cms_ri_cb                  00046a80 f   libeay32:cms_asn1.obj
 0001:00035b50       CMS_ContentInfo_adb        00046b50 f   libeay32:cms_asn1.obj
 0001:00035b5c       cms_cb                     00046b5c f   libeay32:cms_asn1.obj
 0001:00035ca4       nid_cmp_BSEARCH_CMP_FN     00046ca4 f   libeay32:v3_purp.obj
 0001:00035d10       setup_crldp                00046d10 f   libeay32:v3_purp.obj
 0001:00035e44       x509v3_cache_extensions    00046e44 f   libeay32:v3_purp.obj
 0001:00036328       check_ca                   00047328 f   libeay32:v3_purp.obj
 0001:00036390       check_purpose_ssl_client   00047390 f   libeay32:v3_purp.obj
 0001:00036420       check_purpose_ssl_server   00047420 f   libeay32:v3_purp.obj
 0001:000364b0       check_purpose_ns_ssl_server 000474b0 f   libeay32:v3_purp.obj
 0001:000364f0       purpose_smime              000474f0 f   libeay32:v3_purp.obj
 0001:0003657c       check_purpose_smime_sign   0004757c f   libeay32:v3_purp.obj
 0001:000365c4       check_purpose_smime_encrypt 000475c4 f   libeay32:v3_purp.obj
 0001:0003660c       check_purpose_crl_sign     0004760c f   libeay32:v3_purp.obj
 0001:00036660       ocsp_helper                00047660 f   libeay32:v3_purp.obj
 0001:00036688       check_purpose_timestamp_sign 00047688 f   libeay32:v3_purp.obj
 0001:00036724       no_check                   00047724 f   libeay32:v3_purp.obj
 0001:000374d0       send_bio_chars             000484d0 f   libeay32:a_strex.obj
 0001:00037500       do_esc_char                00048500 f   libeay32:a_strex.obj
 0001:000376ec       do_buf                     000486ec f   libeay32:a_strex.obj
 0001:00037898       do_hex_dump                00048898 f   libeay32:a_strex.obj
 0001:00037924       do_dump                    00048924 f   libeay32:a_strex.obj
 0001:00037a10       do_print_ex                00048a10 f   libeay32:a_strex.obj
 0001:00037be0       do_indent                  00048be0 f   libeay32:a_strex.obj
 0001:00037c40       do_name_ex                 00048c40 f   libeay32:a_strex.obj
 0001:00038a44       kek_unwrap_key             00049a44 f   libeay32:cms_pwri.obj
 0001:00038bc8       kek_wrap_key               00049bc8 f   libeay32:cms_pwri.obj
 0001:000397dc       i2v_AUTHORITY_INFO_ACCESS  0004a7dc f   libeay32:v3_info.obj
 0001:00039918       v2i_AUTHORITY_INFO_ACCESS  0004a918 f   libeay32:v3_info.obj
 0001:00039d90       ext_cmp_BSEARCH_CMP_FN     0004ad90 f   libeay32:v3_lib.obj
 0001:0003a024       ecdh_data_new              0004b024 f   libeay32:ech_lib.obj
 0001:0003a118       ecdh_data_dup              0004b118 f   libeay32:ech_lib.obj
 0001:0003a138       ecdh_data_free             0004b138 f   libeay32:ech_lib.obj
 0001:0003d2e0       nist_cp_bn_0               0004e2e0 f   libeay32:bn_nist.obj
 0001:0003e5c0       gf2m_Mdouble               0004f5c0 f   libeay32:ec2_mult.obj
 0001:0003e71c       gf2m_Madd                  0004f71c f   libeay32:ec2_mult.obj
 0001:0003e894       gf2m_Mxy                   0004f894 f   libeay32:ec2_mult.obj
 0001:0003ec40       ec_GF2m_montgomery_point_multiply 0004fc40 f   libeay32:ec2_mult.obj
 0001:0003f1dc       bn_GF2m_mul_1x1            000501dc f   libeay32:bn_gf2m.obj
 0001:00041c2c       PKCS7_get_octet_string     00052c2c f   libeay32:pk7_doit.obj
 0001:00041c8c       PKCS7_bio_add_digest       00052c8c f   libeay32:pk7_doit.obj
 0001:00041d80       pkcs7_encode_rinfo         00052d80 f   libeay32:pk7_doit.obj
 0001:00042340       PKCS7_find_digest          00053340 f   libeay32:pk7_doit.obj
 0001:000425c4       get_attribute              000535c4 f   libeay32:pk7_doit.obj
 0001:0004266c       add_attribute              0005366c f   libeay32:pk7_doit.obj
 0001:00042788       do_pkcs7_signed_attrib     00053788 f   libeay32:pk7_doit.obj
 0001:00042cf4       v2i_NAME_CONSTRAINTS       00053cf4 f   libeay32:v3_ncons.obj
 0001:00042ea8       do_i2r_name_constraints    00053ea8 f   libeay32:v3_ncons.obj
 0001:00043058       i2r_NAME_CONSTRAINTS       00054058 f   libeay32:v3_ncons.obj
 0001:000430f8       gnames_from_sectname       000540f8 f   libeay32:v3_crld.obj
 0001:000431ac       set_reasons                000541ac f   libeay32:v3_crld.obj
 0001:000432b4       print_reasons              000542b4 f   libeay32:v3_crld.obj
 0001:0004338c       dpn_cb                     0005438c f   libeay32:v3_crld.obj
 0001:00043448       print_gens                 00054448 f   libeay32:v3_crld.obj
 0001:000434d0       print_distpoint            000544d0 f   libeay32:v3_crld.obj
 0001:00043578       i2r_idp                    00054578 f   libeay32:v3_crld.obj
 0001:000436a8       i2r_crldp                  000546a8 f   libeay32:v3_crld.obj
 0001:0004383c       set_dist_point_name        0005483c f   libeay32:v3_crld.obj
 0001:00043a28       crldp_from_section         00054a28 f   libeay32:v3_crld.obj
 0001:00043b14       v2i_crld                   00054b14 f   libeay32:v3_crld.obj
 0001:00043cd4       v2i_idp                    00054cd4 f   libeay32:v3_crld.obj
 0001:0004420c       init                       0005520c f   libeay32:m_md5.obj
 0001:00044220       update                     00055220 f   libeay32:m_md5.obj
 0001:00044234       final                      00055234 f   libeay32:m_md5.obj
 0001:00044490       i2v_BASIC_CONSTRAINTS      00055490 f   libeay32:v3_bcons.obj
 0001:000444d4       v2i_BASIC_CONSTRAINTS      000554d4 f   libeay32:v3_bcons.obj
 0001:00044c68       julian_to_date             00055c68 f   libeay32:o_time.obj
 0001:000454ac       trust_compat               000564ac f   libeay32:x509_trs.obj
 0001:000454e0       obj_trust                  000564e0 f   libeay32:x509_trs.obj
 0001:000455b0       trust_1oidany              000565b0 f   libeay32:x509_trs.obj
 0001:0004561c       trust_1oid                 0005661c f   libeay32:x509_trs.obj
 0001:00045654       md_new                     00056654 f   libeay32:bio_md.obj
 0001:00045688       md_free                    00056688 f   libeay32:bio_md.obj
 0001:000456c0       md_read                    000566c0 f   libeay32:bio_md.obj
 0001:00045750       md_write                   00056750 f   libeay32:bio_md.obj
 0001:00045800       md_ctrl                    00056800 f   libeay32:bio_md.obj
 0001:0004594c       md_callback_ctrl           0005694c f   libeay32:bio_md.obj
 0001:00045974       md_gets                    00056974 f   libeay32:bio_md.obj
 0001:00045a50       mem_new                    00056a50 f   libeay32:bss_mem.obj
 0001:00045a8c       mem_free                   00056a8c f   libeay32:bss_mem.obj
 0001:00045ae8       mem_read                   00056ae8 f   libeay32:bss_mem.obj
 0001:00045b9c       mem_write                  00056b9c f   libeay32:bss_mem.obj
 0001:00045c54       mem_ctrl                   00056c54 f   libeay32:bss_mem.obj
 0001:00045d94       mem_gets                   00056d94 f   libeay32:bss_mem.obj
 0001:00045e20       mem_puts                   00056e20 f   libeay32:bss_mem.obj
 0001:00045e58       null_new                   00056e58 f   libeay32:bss_null.obj
 0001:00045e74       null_free                  00056e74 f   libeay32:bss_null.obj
 0001:00045e84       null_read                  00056e84 f   libeay32:bss_null.obj
 0001:00045e8c       null_write                 00056e8c f   libeay32:bss_null.obj
 0001:00045e94       null_ctrl                  00056e94 f   libeay32:bss_null.obj
 0001:00045ed4       null_gets                  00056ed4 f   libeay32:bss_null.obj
 0001:00045edc       null_puts                  00056edc f   libeay32:bss_null.obj
 0001:00046574       traverse_string            00057574 f   libeay32:a_mbstr.obj
 0001:00046674       in_utf8                    00057674 f   libeay32:a_mbstr.obj
 0001:00046688       out_utf8                   00057688 f   libeay32:a_mbstr.obj
 0001:000466bc       cpy_asc                    000576bc f   libeay32:a_mbstr.obj
 0001:000466dc       cpy_bmp                    000576dc f   libeay32:a_mbstr.obj
 0001:0004670c       cpy_univ                   0005770c f   libeay32:a_mbstr.obj
 0001:0004674c       cpy_utf8                   0005774c f   libeay32:a_mbstr.obj
 0001:00046780       type_str                   00057780 f   libeay32:a_mbstr.obj
 0001:00046d70       enc_new                    00057d70 f   libeay32:bio_enc.obj
 0001:00046ddc       enc_free                   00057ddc f   libeay32:bio_enc.obj
 0001:00046e30       enc_read                   00057e30 f   libeay32:bio_enc.obj
 0001:00046fd0       enc_write                  00057fd0 f   libeay32:bio_enc.obj
 0001:00047118       enc_ctrl                   00058118 f   libeay32:bio_enc.obj
 0001:00047314       enc_callback_ctrl          00058314 f   libeay32:bio_enc.obj
 0001:00048208       table_cmp_BSEARCH_CMP_FN   00059208 f   libeay32:a_strnid.obj
 0001:000486cc       copy_issuer                000596cc f   libeay32:v3_alt.obj
 0001:000487fc       copy_email                 000597fc f   libeay32:v3_alt.obj
 0001:00048990       do_othername               00059990 f   libeay32:v3_alt.obj
 0001:00048a6c       do_dirname                 00059a6c f   libeay32:v3_alt.obj
 0001:00048fc8       v2i_issuer_alt             00059fc8 f   libeay32:v3_alt.obj
 0001:000490ec       v2i_subject_alt            0005a0ec f   libeay32:v3_alt.obj
 0001:00049670       s2i_asn1_int               0005a670 f   libeay32:v3_int.obj
 0001:000496b4       i2v_POLICY_MAPPINGS        0005a6b4 f   libeay32:v3_pmaps.obj
 0001:00049740       v2i_POLICY_MAPPINGS        0005a740 f   libeay32:v3_pmaps.obj
 0001:00049920       i2r_pci                    0005a920 f   libeay32:v3_pci.obj
 0001:00049a00       process_pci_value          0005aa00 f   libeay32:v3_pci.obj
 0001:0004a130       r2i_pci                    0005b130 f   libeay32:v3_pci.obj
 0001:0004a478       i2r_ocsp_crlid             0005b478 f   libeay32:v3_ocsp.obj
 0001:0004a5b0       i2r_ocsp_acutoff           0005b5b0 f   libeay32:v3_ocsp.obj
 0001:0004a610       i2r_object                 0005b610 f   libeay32:v3_ocsp.obj
 0001:0004a670       ocsp_nonce_new             0005b670 f   libeay32:v3_ocsp.obj
 0001:0004a680       i2d_ocsp_nonce             0005b680 f   libeay32:v3_ocsp.obj
 0001:0004a6bc       d2i_ocsp_nonce             0005b6bc f   libeay32:v3_ocsp.obj
 0001:0004a770       ocsp_nonce_free            0005b770 f   libeay32:v3_ocsp.obj
 0001:0004a780       i2r_ocsp_nonce             0005b780 f   libeay32:v3_ocsp.obj
 0001:0004a7e4       i2r_ocsp_nocheck           0005b7e4 f   libeay32:v3_ocsp.obj
 0001:0004a7ec       s2i_ocsp_nocheck           0005b7ec f   libeay32:v3_ocsp.obj
 0001:0004a7fc       i2r_ocsp_serviceloc        0005b7fc f   libeay32:v3_ocsp.obj
 0001:0004a90c       i2v_POLICY_CONSTRAINTS     0005b90c f   libeay32:v3_pcons.obj
 0001:0004a950       v2i_POLICY_CONSTRAINTS     0005b950 f   libeay32:v3_pcons.obj
 0001:0004aacc       i2v_EXTENDED_KEY_USAGE     0005bacc f   libeay32:v3_extku.obj
 0001:0004ab44       v2i_EXTENDED_KEY_USAGE     0005bb44 f   libeay32:v3_extku.obj
 0001:0004ac78       sxnet_i2r                  0005bc78 f   libeay32:v3_sxnet.obj
 0001:0004afcc       sxnet_v2i                  0005bfcc f   libeay32:v3_sxnet.obj
 0001:0004b0a8       i2v_AUTHORITY_KEYID        0005c0a8 f   libeay32:v3_akey.obj
 0001:0004b160       v2i_AUTHORITY_KEYID        0005c160 f   libeay32:v3_akey.obj
 0001:0004b470       POLICYQUALINFO_adb         0005c470 f   libeay32:v3_cpols.obj
 0001:0004b4b8       nref_nos                   0005c4b8 f   libeay32:v3_cpols.obj
 0001:0004b594       notice_section             0005c594 f   libeay32:v3_cpols.obj
 0001:0004b878       print_qualifiers           0005c878 f   libeay32:v3_cpols.obj
 0001:0004ba68       policy_section             0005ca68 f   libeay32:v3_cpols.obj
 0001:0004bdd4       i2r_certpol                0005cdd4 f   libeay32:v3_cpols.obj
 0001:0004be78       r2i_certpol                0005ce78 f   libeay32:v3_cpols.obj
 0001:0004c14c       i2r_PKEY_USAGE_PERIOD      0005d14c f   libeay32:v3_pku.obj
 0001:0004c480       s2i_skey_id                0005d480 f   libeay32:v3_skey.obj
 0001:0004c604       i2s_ASN1_IA5STRING         0005d604 f   libeay32:v3_ia5.obj
 0001:0004c68c       s2i_ASN1_IA5STRING         0005d68c f   libeay32:v3_ia5.obj
 0001:0004c7c0       nconf_get_string           0005d7c0 f   libeay32:v3_conf.obj
 0001:0004c7d0       nconf_get_section          0005d7d0 f   libeay32:v3_conf.obj
 0001:0004c7e0       conf_lhash_get_string      0005d7e0 f   libeay32:v3_conf.obj
 0001:0004c7f0       conf_lhash_get_section     0005d7f0 f   libeay32:v3_conf.obj
 0001:0004c800       rinf_cb                    0005d800 f   libeay32:x_req.obj
 0001:0004c84c       ecdh_compute_key           0005d84c f   libeay32:ech_ossl.obj
 0001:0004ecdc       parse_tagging              0005fcdc f   libeay32:asn1_gen.obj
 0001:0004ee1c       append_exp                 0005fe1c f   libeay32:asn1_gen.obj
 0001:0004eef8       bitstr_cb                  0005fef8 f   libeay32:asn1_gen.obj
 0001:0004efc4       asn1_cb                    0005ffc4 f   libeay32:asn1_gen.obj
 0001:0004f40c       asn1_str2type              0006040c f   libeay32:asn1_gen.obj
 0001:0004fc28       asn1_multi                 00060c28 f   libeay32:asn1_gen.obj
 0001:0004fd88       def_create                 00060d88 f   libeay32:conf_def.obj
 0001:0004fddc       def_init_default           00060ddc f   libeay32:conf_def.obj
 0001:0004fe04       def_init_WIN32             00060e04 f   libeay32:conf_def.obj
 0001:0004fe2c       def_destroy_data           00060e2c f   libeay32:conf_def.obj
 0001:0004fe50       str_copy                   00060e50 f   libeay32:conf_def.obj
 0001:000501fc       dump_value_LHASH_DOALL_ARG 000611fc f   libeay32:conf_def.obj
 0001:00050250       def_dump                   00061250 f   libeay32:conf_def.obj
 0001:00050274       def_is_number              00061274 f   libeay32:conf_def.obj
 0001:0005028c       def_to_int                 0006128c f   libeay32:conf_def.obj
 0001:00050294       def_destroy                00061294 f   libeay32:conf_def.obj
 0001:000502c8       clear_comments             000612c8 f   libeay32:conf_def.obj
 0001:00050414       def_load_bio               00061414 f   libeay32:conf_def.obj
 0001:00050c4c       def_load                   00061c4c f   libeay32:conf_def.obj
 0001:00050e94       conf_value_LHASH_HASH      00061e94 f   libeay32:conf_api.obj
 0001:00050ebc       conf_value_LHASH_COMP      00061ebc f   libeay32:conf_api.obj
 0001:00051060       value_free_hash_LHASH_DOALL_ARG 00062060 f   libeay32:conf_api.obj
 0001:00051084       value_free_stack_LHASH_DOALL 00062084 f   libeay32:conf_api.obj
 0001:000519bc       asn1_bio_free              000629bc f   libeay32:bio_asn1.obj
 0001:00051a0c       asn1_bio_flush_ex          00062a0c f   libeay32:bio_asn1.obj
 0001:00051ab0       asn1_bio_read              00062ab0 f   libeay32:bio_asn1.obj
 0001:00051ad8       asn1_bio_gets              00062ad8 f   libeay32:bio_asn1.obj
 0001:00051b00       asn1_bio_callback_ctrl     00062b00 f   libeay32:bio_asn1.obj
 0001:00051b28       asn1_bio_ctrl              00062b28 f   libeay32:bio_asn1.obj
 0001:00051cd0       asn1_bio_new               00062cd0 f   libeay32:bio_asn1.obj
 0001:00051d6c       asn1_bio_write             00062d6c f   libeay32:bio_asn1.obj
 0001:00051fa0       asn1_bio_puts              00062fa0 f   libeay32:bio_asn1.obj
 0001:00051fcc       b64_new                    00062fcc f   libeay32:bio_b64.obj
 0001:0005203c       b64_free                   0006303c f   libeay32:bio_b64.obj
 0001:00052074       b64_read                   00063074 f   libeay32:bio_b64.obj
 0001:00052518       b64_write                  00063518 f   libeay32:bio_b64.obj
 0001:00052958       b64_ctrl                   00063958 f   libeay32:bio_b64.obj
 0001:00052b70       b64_callback_ctrl          00063b70 f   libeay32:bio_b64.obj
 0001:00052b98       b64_puts                   00063b98 f   libeay32:bio_b64.obj
 0001:00052bc4       buffer_new                 00063bc4 f   libeay32:bf_buff.obj
 0001:00052c78       buffer_free                00063c78 f   libeay32:bf_buff.obj
 0001:00052cd4       buffer_read                00063cd4 f   libeay32:bf_buff.obj
 0001:00052e14       buffer_write               00063e14 f   libeay32:bf_buff.obj
 0001:00052fd4       buffer_ctrl                00063fd4 f   libeay32:bf_buff.obj
 0001:000533ac       buffer_callback_ctrl       000643ac f   libeay32:bf_buff.obj
 0001:000533d4       buffer_gets                000643d4 f   libeay32:bf_buff.obj
 0001:000534dc       buffer_puts                000644dc f   libeay32:bf_buff.obj
 0001:00053508       LoadLibraryA               00064508 f   libeay32:dso_win32.obj
 0001:000535a8       win32_load                 000645a8 f   libeay32:dso_win32.obj
 0001:000536e4       win32_unload               000646e4 f   libeay32:dso_win32.obj
 0001:000537b8       win32_bind_var             000647b8 f   libeay32:dso_win32.obj
 0001:000538cc       win32_bind_func            000648cc f   libeay32:dso_win32.obj
 0001:000539e0       win32_splitter             000649e0 f   libeay32:dso_win32.obj
 0001:00053c14       win32_name_converter       00064c14 f   libeay32:dso_win32.obj
 0001:00053cfc       win32_pathbyaddr           00064cfc f   libeay32:dso_win32.obj
 0001:00053f24       win32_globallookup         00064f24 f   libeay32:dso_win32.obj
 0001:000540bc       win32_joiner               000650bc f   libeay32:dso_win32.obj
 0001:000543f4       win32_merger               000653f4 f   libeay32:dso_win32.obj
 0001:0005463c       PKCS12_BAGS_adb            0006563c f   libeay32:p12_asn.obj
 0001:00054654       PKCS12_SAFEBAG_adb         00065654 f   libeay32:p12_asn.obj
 0001:00054710       write_string               00065710 f   libeay32:ui_openssl.obj
 0001:00054758       open_console               00065758 f   libeay32:ui_openssl.obj
 0001:000547e4       close_console              000657e4 f   libeay32:ui_openssl.obj
 0001:00054848       read_string                00065848 f   libeay32:ui_openssl.obj
 0001:00054958       cmp64                      00065958 f   wcecompatex:time.obj
 0001:000549a4       topBit                     000659a4 f   wcecompatex:time.obj
 0001:00054b30       div64                      00065b30 f   wcecompatex:time.obj
 0001:000556f0       doexit                     000666f0 f   corelibc:crt0dat.obj
 0001:000558c4       ?getCmdLineArg@@YA?AW4ArgType@@PAPA_WPA_WHPAURedirArg@@PA_N@Z 000668c4 f   wcecompatex:args.obj
 0001:00055bf0       ?qsort_stricmp@@YAHPBX0@Z  00066bf0 f   wcecompatex:args.obj
