 exptest

 Timestamp is 511c9ae6 (Thu Feb 14 17:05:58 2013)

 Preferred load address is 00010000

 Start         Length     Name                   Class
 0001:00000000 00055eb8H .text                   CODE
 0002:00000000 0002c74dH .rdata                  DATA
 0002:0002c750 00000014H .xdata                  DATA
 0002:0002c764 00000014H .idata$2                DATA
 0002:0002c778 00000014H .idata$3                DATA
 0002:0002c78c 00000150H .idata$4                DATA
 0002:0002c8dc 0000000cH .idata$6                DATA
 0002:0002c8e8 00000000H .edata                  DATA
 0003:00000000 00000150H .idata$5                DATA
 0003:00000150 00000004H .CRT$XCA                DATA
 0003:00000154 00000004H .CRT$XCZ                DATA
 0003:00000158 00000004H .CRT$XIA                DATA
 0003:0000015c 00000004H .CRT$XIZ                DATA
 0003:00000160 00000004H .CRT$XPA                DATA
 0003:00000164 00000004H .CRT$XPZ                DATA
 0003:00000168 00000004H .CRT$XTA                DATA
 0003:0000016c 00000004H .CRT$XTZ                DATA
 0003:00000170 00004b38H .data                   DATA
 0003:00004cc0 00002021H .bss                    DATA
 0004:00000000 00003680H .pdata                  DATA

  Address         Publics by Value              Rva+Base     Lib:Object

 0000:00000000       ___safe_se_handler_count   00000000     <absolute>
 0000:00000000       ___safe_se_handler_table   00000000     <absolute>
 0001:00000000       main                       00011000 f   exptest.obj
 0001:000004f8       ERR_load_crypto_strings    000114f8 f   libeay32:err_all.obj
 0001:00000574       BIO_set                    00011574 f   libeay32:bio_lib.obj
 0001:00000614       BIO_free                   00011614 f   libeay32:bio_lib.obj
 0001:000006d8       BIO_clear_flags            000116d8 f   libeay32:bio_lib.obj
 0001:000006e8       BIO_test_flags             000116e8 f   libeay32:bio_lib.obj
 0001:000006f4       BIO_set_flags              000116f4 f   libeay32:bio_lib.obj
 0001:00000704       BIO_read                   00011704 f   libeay32:bio_lib.obj
 0001:00000834       BIO_write                  00011834 f   libeay32:bio_lib.obj
 0001:00000968       BIO_puts                   00011968 f   libeay32:bio_lib.obj
 0001:00000a90       BIO_gets                   00011a90 f   libeay32:bio_lib.obj
 0001:00000bb8       BIO_indent                 00011bb8 f   libeay32:bio_lib.obj
 0001:00000c14       BIO_ctrl                   00011c14 f   libeay32:bio_lib.obj
 0001:00000d10       BIO_callback_ctrl          00011d10 f   libeay32:bio_lib.obj
 0001:00000e14       BIO_push                   00011e14 f   libeay32:bio_lib.obj
 0001:00000e68       BIO_find_type              00011e68 f   libeay32:bio_lib.obj
 0001:00000eb0       BIO_next                   00011eb0 f   libeay32:bio_lib.obj
 0001:00000ec0       BIO_free_all               00011ec0 f   libeay32:bio_lib.obj
 0001:00000ef4       BIO_copy_next_retry        00011ef4 f   libeay32:bio_lib.obj
 0001:00000f18       BIO_new                    00011f18 f   libeay32:bio_lib.obj
 0001:00000f90       BIO_int_ctrl               00011f90 f   libeay32:bio_lib.obj
 0001:00000fb4       CRYPTO_mem_ctrl            00011fb4 f   libeay32:mem_dbg.obj
 0001:00001128       CRYPTO_is_mem_check_on     00012128 f   libeay32:mem_dbg.obj
 0001:000012a4       CRYPTO_push_info_          000122a4 f   libeay32:mem_dbg.obj
 0001:00001374       CRYPTO_pop_info            00012374 f   libeay32:mem_dbg.obj
 0001:00001604       CRYPTO_mem_leaks           00012604 f   libeay32:mem_dbg.obj
 0001:00001e04       ERR_lib_error_string       00012e04 f   libeay32:err.obj
 0001:00001e54       ERR_func_error_string      00012e54 f   libeay32:err.obj
 0001:00001eb0       ERR_reason_error_string    00012eb0 f   libeay32:err.obj
 0001:00001f34       ERR_remove_thread_state    00012f34 f   libeay32:err.obj
 0001:00001f88       ERR_get_state              00012f88 f   libeay32:err.obj
 0001:00002088       ERR_set_error_data         00013088 f   libeay32:err.obj
 0001:000020dc       ERR_add_error_vdata        000130dc f   libeay32:err.obj
 0001:000021b0       ERR_set_mark               000131b0 f   libeay32:err.obj
 0001:000021f0       ERR_pop_to_mark            000131f0 f   libeay32:err.obj
 0001:000023c0       ERR_load_ERR_strings       000133c0 f   libeay32:err.obj
 0001:00002550       ERR_load_strings           00013550 f   libeay32:err.obj
 0001:00002574       ERR_put_error              00013574 f   libeay32:err.obj
 0001:00002668       ERR_clear_error            00013668 f   libeay32:err.obj
 0001:00002830       ERR_error_string_n         00013830 f   libeay32:err.obj
 0001:00002970       ERR_add_error_data         00013970 f   libeay32:err.obj
 0001:00002990       ERR_get_error_line_data    00013990 f   libeay32:err.obj
 0001:000029c8       ERR_peek_last_error        000139c8 f   libeay32:err.obj
 0001:00002ad0       BN_CTX_new                 00013ad0 f   libeay32:bn_ctx.obj
 0001:00002b58       BN_CTX_free                00013b58 f   libeay32:bn_ctx.obj
 0001:00002bd4       BN_CTX_start               00013bd4 f   libeay32:bn_ctx.obj
 0001:00002cc4       BN_CTX_end                 00013cc4 f   libeay32:bn_ctx.obj
 0001:00002d54       BN_CTX_get                 00013d54 f   libeay32:bn_ctx.obj
 0001:00002de0       BN_value_one               00013de0 f   libeay32:bn_lib.obj
 0001:00002dec       BN_num_bits_word           00013dec f   libeay32:bn_lib.obj
 0001:00002e30       BN_num_bits                00013e30 f   libeay32:bn_lib.obj
 0001:00002e64       BN_clear_free              00013e64 f   libeay32:bn_lib.obj
 0001:00002ebc       BN_free                    00013ebc f   libeay32:bn_lib.obj
 0001:00002f14       BN_init                    00013f14 f   libeay32:bn_lib.obj
 0001:00002f2c       BN_new                     00013f2c f   libeay32:bn_lib.obj
 0001:000030f0       bn_expand2                 000140f0 f   libeay32:bn_lib.obj
 0001:0000313c       BN_copy                    0001413c f   libeay32:bn_lib.obj
 0001:00003204       BN_set_word                00014204 f   libeay32:bn_lib.obj
 0001:0000325c       BN_bin2bn                  0001425c f   libeay32:bn_lib.obj
 0001:00003358       BN_bn2bin                  00014358 f   libeay32:bn_lib.obj
 0001:000033b4       BN_ucmp                    000143b4 f   libeay32:bn_lib.obj
 0001:00003420       BN_cmp                     00014420 f   libeay32:bn_lib.obj
 0001:000034e8       BN_set_bit                 000144e8 f   libeay32:bn_lib.obj
 0001:00003584       BN_is_bit_set              00014584 f   libeay32:bn_lib.obj
 0001:000035c4       BN_mask_bits               000145c4 f   libeay32:bn_lib.obj
 0001:0000365c       BN_set_negative            0001465c f   libeay32:bn_lib.obj
 0001:0000367c       BN_dup                     0001467c f   libeay32:bn_lib.obj
 0001:000036c0       BN_bn2dec                  000146c0 f   libeay32:bn_print.obj
 0001:000038ac       BN_hex2bn                  000148ac f   libeay32:bn_print.obj
 0001:00003a3c       BN_dec2bn                  00014a3c f   libeay32:bn_print.obj
 0001:00003bd0       BN_asc2bn                  00014bd0 f   libeay32:bn_print.obj
 0001:00003c50       BN_print                   00014c50 f   libeay32:bn_print.obj
 0001:00003d24       BN_mod_exp_recp            00014d24 f   libeay32:bn_exp.obj
 0001:00004130       BN_mod_exp_mont_consttime  00015130 f   libeay32:bn_exp.obj
 0001:000046d4       BN_mod_exp_mont_word       000156d4 f   libeay32:bn_exp.obj
 0001:00004af4       BN_mod_exp_simple          00015af4 f   libeay32:bn_exp.obj
 0001:00004e1c       BN_mod_exp_mont            00015e1c f   libeay32:bn_exp.obj
 0001:0000527c       BN_mod_exp                 0001627c f   libeay32:bn_exp.obj
 0001:0000533c       ERR_print_errors_cb        0001633c f   libeay32:err_prn.obj
 0001:0000544c       ERR_print_errors           0001644c f   libeay32:err_prn.obj
 0001:00005468       BN_div                     00016468 f   libeay32:bn_div.obj
 0001:00005c24       BN_rand                    00016c24 f   libeay32:bn_rand.obj
 0001:00005c54       BN_pseudo_rand             00016c54 f   libeay32:bn_rand.obj
 0001:00005e6c       BN_rand_range              00016e6c f   libeay32:bn_rand.obj
 0001:00005e88       BN_pseudo_rand_range       00016e88 f   libeay32:bn_rand.obj
 0001:00005ea4       RAND_get_rand_method       00016ea4 f   libeay32:rand_lib.obj
 0001:00005f0c       RAND_seed                  00016f0c f   libeay32:rand_lib.obj
 0001:00005f40       RAND_add                   00016f40 f   libeay32:rand_lib.obj
 0001:00005f84       RAND_bytes                 00016f84 f   libeay32:rand_lib.obj
 0001:00005fcc       RAND_pseudo_bytes          00016fcc f   libeay32:rand_lib.obj
 0001:00006014       RAND_status                00017014 f   libeay32:rand_lib.obj
 0001:0000604c       BIO_s_file                 0001704c f   libeay32:bss_file.obj
 0001:000064d0       BIO_new_file               000174d0 f   libeay32:bss_file.obj
 0001:00006720       ERR_load_BN_strings        00017720 f   libeay32:bn_err.obj
 0001:0000675c       ERR_load_CMS_strings       0001775c f   libeay32:cms_err.obj
 0001:00006798       ERR_load_UI_strings        00017798 f   libeay32:ui_err.obj
 0001:000067d4       ERR_load_OCSP_strings      000177d4 f   libeay32:ocsp_err.obj
 0001:00006810       ERR_load_ENGINE_strings    00017810 f   libeay32:eng_err.obj
 0001:0000684c       ERR_load_TS_strings        0001784c f   libeay32:ts_err.obj
 0001:00006888       ERR_load_DSO_strings       00017888 f   libeay32:dso_err.obj
 0001:000068c4       ERR_load_RAND_strings      000178c4 f   libeay32:rand_err.obj
 0001:00006900       ERR_load_PKCS12_strings    00017900 f   libeay32:pk12err.obj
 0001:0000693c       ERR_load_X509V3_strings    0001793c f   libeay32:v3err.obj
 0001:00006978       ERR_load_PKCS7_strings     00017978 f   libeay32:pkcs7err.obj
 0001:000069b4       ERR_load_BIO_strings       000179b4 f   libeay32:bio_err.obj
 0001:000069f0       ERR_load_ECDH_strings      000179f0 f   libeay32:ech_err.obj
 0001:00006a2c       ERR_load_ECDSA_strings     00017a2c f   libeay32:ecs_err.obj
 0001:00006a68       ERR_load_EC_strings        00017a68 f   libeay32:ec_err.obj
 0001:00006aa4       ERR_load_COMP_strings      00017aa4 f   libeay32:comp_err.obj
 0001:00006ae0       ERR_load_CRYPTO_strings    00017ae0 f   libeay32:cpt_err.obj
 0001:00006b1c       ERR_load_CONF_strings      00017b1c f   libeay32:conf_err.obj
 0001:00006b58       ERR_load_ASN1_strings      00017b58 f   libeay32:asn1_err.obj
 0001:00006b94       ERR_load_X509_strings      00017b94 f   libeay32:x509_err.obj
 0001:00006bd0       ERR_load_DSA_strings       00017bd0 f   libeay32:dsa_err.obj
 0001:00006c0c       ERR_load_PEM_strings       00017c0c f   libeay32:pem_err.obj
 0001:00006c48       ERR_load_OBJ_strings       00017c48 f   libeay32:obj_err.obj
 0001:00006c84       ERR_load_BUF_strings       00017c84 f   libeay32:buf_err.obj
 0001:00006cc4       ERR_load_EVP_strings       00017cc4 f   libeay32:evp_err.obj
 0001:00006d00       ERR_load_DH_strings        00017d00 f   libeay32:dh_err.obj
 0001:00006d3c       ERR_load_RSA_strings       00017d3c f   libeay32:rsa_err.obj
 0001:000071c0       CRYPTO_new_ex_data         000181c0 f   libeay32:ex_data.obj
 0001:0000720c       CRYPTO_free_ex_data        0001820c f   libeay32:ex_data.obj
 0001:00007258       CRYPTO_set_ex_data         00018258 f   libeay32:ex_data.obj
 0001:0000732c       CRYPTO_get_ex_data         0001832c f   libeay32:ex_data.obj
 0001:0000787c       CRYPTO_free_locked         0001887c f   libeay32:mem.obj
 0001:000078d8       CRYPTO_malloc              000188d8 f   libeay32:mem.obj
 0001:000079b8       CRYPTO_realloc             000189b8 f   libeay32:mem.obj
 0001:00007aa0       CRYPTO_realloc_clean       00018aa0 f   libeay32:mem.obj
 0001:00007bc4       CRYPTO_free                00018bc4 f   libeay32:mem.obj
 0001:00007c20       CRYPTO_destroy_dynlockid   00018c20 f   libeay32:cryptlib.obj
 0001:00007d24       CRYPTO_get_dynlock_value   00018d24 f   libeay32:cryptlib.obj
 0001:00007dc0       CRYPTO_THREADID_current    00018dc0 f   libeay32:cryptlib.obj
 0001:00007e3c       CRYPTO_THREADID_cmp        00018e3c f   libeay32:cryptlib.obj
 0001:00007e50       CRYPTO_THREADID_cpy        00018e50 f   libeay32:cryptlib.obj
 0001:00007e64       CRYPTO_THREADID_hash       00018e64 f   libeay32:cryptlib.obj
 0001:00007e6c       OPENSSL_showfatal          00018e6c f   libeay32:cryptlib.obj
 0001:00007ff4       OpenSSLDie                 00018ff4 f   libeay32:cryptlib.obj
 0001:00008028       CRYPTO_memcmp              00019028 f   libeay32:cryptlib.obj
 0001:00008064       CRYPTO_lock                00019064 f   libeay32:cryptlib.obj
 0001:00008130       CRYPTO_add_lock            00019130 f   libeay32:cryptlib.obj
 0001:000081bc       lh_free                    000191bc f   libeay32:lhash.obj
 0001:00008224       lh_doall                   00019224 f   libeay32:lhash.obj
 0001:00008278       lh_doall_arg               00019278 f   libeay32:lhash.obj
 0001:000085dc       lh_strhash                 000195dc f   libeay32:lhash.obj
 0001:00008648       lh_num_items               00019648 f   libeay32:lhash.obj
 0001:00008658       lh_new                     00019658 f   libeay32:lhash.obj
 0001:00008754       lh_insert                  00019754 f   libeay32:lhash.obj
 0001:00008838       lh_delete                  00019838 f   libeay32:lhash.obj
 0001:000088e4       lh_retrieve                000198e4 f   libeay32:lhash.obj
 0001:00008934       BUF_strlcpy                00019934 f   libeay32:buf_str.obj
 0001:00008984       BUF_strlcat                00019984 f   libeay32:buf_str.obj
 0001:000089c0       BUF_strndup                000199c0 f   libeay32:buf_str.obj
 0001:00008a34       BUF_strdup                 00019a34 f   libeay32:buf_str.obj
 0001:00009afc       BIO_vprintf                0001aafc f   libeay32:b_print.obj
 0001:00009bc4       BIO_vsnprintf              0001abc4 f   libeay32:b_print.obj
 0001:00009c28       BIO_printf                 0001ac28 f   libeay32:b_print.obj
 0001:00009c48       BIO_snprintf               0001ac48 f   libeay32:b_print.obj
 0001:00009c68       OPENSSL_cleanse            0001ac68 f   libeay32:mem_clr.obj
 0001:00009cc4       BN_mod_word                0001acc4 f   libeay32:bn_word.obj
 0001:00009d28       BN_div_word                0001ad28 f   libeay32:bn_word.obj
 0001:00009df0       BN_add_word                0001adf0 f   libeay32:bn_word.obj
 0001:00009efc       BN_sub_word                0001aefc f   libeay32:bn_word.obj
 0001:0000a000       BN_mul_word                0001b000 f   libeay32:bn_word.obj
 0001:0000a08c       bn_mul_normal              0001b08c f   libeay32:bn_mul.obj
 0001:0000a19c       BN_mul                     0001b19c f   libeay32:bn_mul.obj
 0001:0000a2bc       bn_sqr_normal              0001b2bc f   libeay32:bn_sqr.obj
 0001:0000a3a8       BN_sqr                     0001b3a8 f   libeay32:bn_sqr.obj
 0001:0000a4e0       BN_RECP_CTX_init           0001b4e0 f   libeay32:bn_recp.obj
 0001:0000a508       BN_RECP_CTX_free           0001b508 f   libeay32:bn_recp.obj
 0001:0000a53c       BN_RECP_CTX_set            0001b53c f   libeay32:bn_recp.obj
 0001:0000a588       BN_reciprocal              0001b588 f   libeay32:bn_recp.obj
 0001:0000a608       BN_div_recp                0001b608 f   libeay32:bn_recp.obj
 0001:0000a864       BN_mod_mul_reciprocal      0001b864 f   libeay32:bn_recp.obj
 0001:0000a910       BN_nnmod                   0001b910 f   libeay32:bn_mod.obj
 0001:0000a990       BN_mod_add                 0001b990 f   libeay32:bn_mod.obj
 0001:0000a9cc       BN_mod_add_quick           0001b9cc f   libeay32:bn_mod.obj
 0001:0000aa24       BN_mod_sub_quick           0001ba24 f   libeay32:bn_mod.obj
 0001:0000aa74       BN_mod_mul                 0001ba74 f   libeay32:bn_mod.obj
 0001:0000ab04       BN_mod_sqr                 0001bb04 f   libeay32:bn_mod.obj
 0001:0000ab48       BN_mod_lshift1_quick       0001bb48 f   libeay32:bn_mod.obj
 0001:0000aba0       BN_mod_lshift_quick        0001bba0 f   libeay32:bn_mod.obj
 0001:0000af38       BN_from_montgomery         0001bf38 f   libeay32:bn_mont.obj
 0001:0000afa4       BN_MONT_CTX_init           0001bfa4 f   libeay32:bn_mont.obj
 0001:0000afdc       BN_MONT_CTX_free           0001bfdc f   libeay32:bn_mont.obj
 0001:0000b018       BN_MONT_CTX_set            0001c018 f   libeay32:bn_mont.obj
 0001:0000b1e0       BN_MONT_CTX_copy           0001c1e0 f   libeay32:bn_mont.obj
 0001:0000b25c       BN_mod_mul_montgomery      0001c25c f   libeay32:bn_mont.obj
 0001:0000b2e8       BN_MONT_CTX_new            0001c2e8 f   libeay32:bn_mont.obj
 0001:0000b32c       BN_MONT_CTX_set_locked     0001c32c f   libeay32:bn_mont.obj
 0001:0000b404       BN_lshift1                 0001c404 f   libeay32:bn_shift.obj
 0001:0000b4d8       BN_rshift1                 0001c4d8 f   libeay32:bn_shift.obj
 0001:0000b5b4       BN_lshift                  0001c5b4 f   libeay32:bn_shift.obj
 0001:0000b6e0       BN_rshift                  0001c6e0 f   libeay32:bn_shift.obj
 0001:0000b7f8       bn_mul_add_words           0001c7f8 f   libeay32:bn_asm.obj
 0001:0000b850       bn_mul_words               0001c850 f   libeay32:bn_asm.obj
 0001:0000b89c       bn_sqr_words               0001c89c f   libeay32:bn_asm.obj
 0001:0000b8c8       bn_div_words               0001c8c8 f   libeay32:bn_asm.obj
 0001:0000b8f8       bn_add_words               0001c8f8 f   libeay32:bn_asm.obj
 0001:0000b94c       bn_sub_words               0001c94c f   libeay32:bn_asm.obj
 0001:0000b9ac       BN_uadd                    0001c9ac f   libeay32:bn_add.obj
 0001:0000baa8       BN_usub                    0001caa8 f   libeay32:bn_add.obj
 0001:0000bc50       BN_sub                     0001cc50 f   libeay32:bn_add.obj
 0001:0000bd48       BN_add                     0001cd48 f   libeay32:bn_add.obj
 0001:0000bdfc       engine_unlocked_init       0001cdfc f   libeay32:eng_init.obj
 0001:0000be54       engine_unlocked_finish     0001ce54 f   libeay32:eng_init.obj
 0001:0000bf18       ENGINE_init                0001cf18 f   libeay32:eng_init.obj
 0001:0000bf94       ENGINE_finish              0001cf94 f   libeay32:eng_init.obj
 0001:0000c038       RAND_SSLeay                0001d038 f   libeay32:md_rand.obj
 0001:0000ca40       ENGINE_get_default_RAND    0001da40 f   libeay32:tb_rand.obj
 0001:0000ca5c       ENGINE_get_RAND            0001da5c f   libeay32:tb_rand.obj
 0001:0000ca64       sk_set_cmp_func            0001da64 f   libeay32:stack.obj
 0001:0000ca80       sk_new                     0001da80 f   libeay32:stack.obj
 0001:0000cb08       sk_insert                  0001db08 f   libeay32:stack.obj
 0001:0000cbe0       sk_delete                  0001dbe0 f   libeay32:stack.obj
 0001:0000cc4c       sk_push                    0001dc4c f   libeay32:stack.obj
 0001:0000cc60       sk_pop                     0001dc60 f   libeay32:stack.obj
 0001:0000cc94       sk_free                    0001dc94 f   libeay32:stack.obj
 0001:0000ccc0       sk_num                     0001dcc0 f   libeay32:stack.obj
 0001:0000ccd0       sk_value                   0001dcd0 f   libeay32:stack.obj
 0001:0000ccfc       sk_set                     0001dcfc f   libeay32:stack.obj
 0001:0000cd30       sk_sort                    0001dd30 f   libeay32:stack.obj
 0001:0000cd6c       sk_is_sorted               0001dd6c f   libeay32:stack.obj
 0001:0000cd7c       sk_new_null                0001dd7c f   libeay32:stack.obj
 0001:0000cd90       sk_delete_ptr              0001dd90 f   libeay32:stack.obj
 0001:0000cea4       sk_find                    0001dea4 f   libeay32:stack.obj
 0001:0000ceb8       sk_pop_free                0001deb8 f   libeay32:stack.obj
 0001:0000d380       BN_gcd                     0001e380 f   libeay32:bn_gcd.obj
 0001:0000d454       BN_mod_inverse             0001e454 f   libeay32:bn_gcd.obj
 0001:0000dac8       engine_free_util           0001eac8 f   libeay32:eng_lib.obj
 0001:0000db88       ENGINE_free                0001eb88 f   libeay32:eng_lib.obj
 0001:0000db9c       EVP_MD_CTX_init            0001eb9c f   libeay32:digest.obj
 0001:0000dbb4       EVP_MD_CTX_create          0001ebb4 f   libeay32:digest.obj
 0001:0000dbec       EVP_DigestInit_ex          0001ebec f   libeay32:digest.obj
 0001:0000de04       EVP_DigestUpdate           0001ee04 f   libeay32:digest.obj
 0001:0000de1c       EVP_DigestFinal_ex         0001ee1c f   libeay32:digest.obj
 0001:0000dec8       EVP_MD_CTX_cleanup         0001eec8 f   libeay32:digest.obj
 0001:0000df94       EVP_MD_CTX_copy_ex         0001ef94 f   libeay32:digest.obj
 0001:0000e144       EVP_Digest                 0001f144 f   libeay32:digest.obj
 0001:0000e1e8       EVP_MD_CTX_destroy         0001f1e8 f   libeay32:digest.obj
 0001:0000e204       EVP_MD_CTX_copy            0001f204 f   libeay32:digest.obj
 0001:0000e274       EVP_sha1                   0001f274 f   libeay32:m_sha1.obj
 0001:0000e3ac       RAND_poll                  0001f3ac f   libeay32:rand_win.obj
 0001:0000e484       engine_table_select        0001f484 f   libeay32:eng_table.obj
 0001:0000e610       engine_table_doall         0001f610 f   libeay32:eng_table.obj
 0001:0000e6a0       OBJ_nid2obj                0001f6a0 f   libeay32:obj_dat.obj
 0001:0000e780       OBJ_nid2sn                 0001f780 f   libeay32:obj_dat.obj
 0001:0000e864       OBJ_nid2ln                 0001f864 f   libeay32:obj_dat.obj
 0001:0000e98c       OBJ_bsearch_ex_            0001f98c f   libeay32:obj_dat.obj
 0001:0000ea70       OBJ_bsearch_               0001fa70 f   libeay32:obj_dat.obj
 0001:0000ea98       OBJ_obj2nid                0001fa98 f   libeay32:obj_dat.obj
 0001:0000eb60       OBJ_obj2txt                0001fb60 f   libeay32:obj_dat.obj
 0001:0000ee60       OBJ_ln2nid                 0001fe60 f   libeay32:obj_dat.obj
 0001:0000ef10       OBJ_sn2nid                 0001ff10 f   libeay32:obj_dat.obj
 0001:0000efc0       OBJ_txt2obj                0001ffc0 f   libeay32:obj_dat.obj
 0001:0000f0b4       ENGINE_get_pkey_asn1_meth_engine 000200b4 f   libeay32:tb_asnmth.obj
 0001:0000f0d0       engine_pkey_asn1_meths_free 000200d0 f   libeay32:tb_asnmth.obj
 0001:0000f20c       ENGINE_pkey_asn1_find_str  0002020c f   libeay32:tb_asnmth.obj
 0001:0000f2ac       ENGINE_get_pkey_asn1_meth  000202ac f   libeay32:tb_asnmth.obj
 0001:0000f310       ENGINE_get_pkey_meth_engine 00020310 f   libeay32:tb_pkmeth.obj
 0001:0000f32c       engine_pkey_meths_free     0002032c f   libeay32:tb_pkmeth.obj
 0001:0000f3ac       ENGINE_get_pkey_meth       000203ac f   libeay32:tb_pkmeth.obj
 0001:0000f428       EVP_PKEY_meth_find         00020428 f   libeay32:pmeth_lib.obj
 0001:0000f4c0       EVP_PKEY_meth_free         000204c0 f   libeay32:pmeth_lib.obj
 0001:0000f4dc       EVP_PKEY_CTX_free          000204dc f   libeay32:pmeth_lib.obj
 0001:0000f544       EVP_PKEY_CTX_ctrl          00020544 f   libeay32:pmeth_lib.obj
 0001:0000f668       EVP_PKEY_CTX_get0_pkey     00020668 f   libeay32:pmeth_lib.obj
 0001:0000f670       EVP_PKEY_CTX_new           00020670 f   libeay32:pmeth_lib.obj
 0001:0000f7ec       EVP_PKEY_CTX_dup           000207ec f   libeay32:pmeth_lib.obj
 0001:0000f928       ENGINE_get_digest_engine   00020928 f   libeay32:tb_digest.obj
 0001:0000f944       ENGINE_get_digest          00020944 f   libeay32:tb_digest.obj
 0001:0000f9a8       EVP_CIPHER_CTX_block_size  000209a8 f   libeay32:evp_lib.obj
 0001:0000f9b4       EVP_Cipher                 000209b4 f   libeay32:evp_lib.obj
 0001:0000f9d0       EVP_CIPHER_CTX_cipher      000209d0 f   libeay32:evp_lib.obj
 0001:0000f9d8       EVP_CIPHER_CTX_flags       000209d8 f   libeay32:evp_lib.obj
 0001:0000f9e4       EVP_CIPHER_iv_length       000209e4 f   libeay32:evp_lib.obj
 0001:0000f9ec       EVP_CIPHER_CTX_iv_length   000209ec f   libeay32:evp_lib.obj
 0001:0000f9f8       EVP_CIPHER_key_length      000209f8 f   libeay32:evp_lib.obj
 0001:0000fa00       EVP_CIPHER_CTX_key_length  00020a00 f   libeay32:evp_lib.obj
 0001:0000fa08       EVP_MD_block_size          00020a08 f   libeay32:evp_lib.obj
 0001:0000fa10       EVP_MD_type                00020a10 f   libeay32:evp_lib.obj
 0001:0000fa18       EVP_MD_pkey_type           00020a18 f   libeay32:evp_lib.obj
 0001:0000fa20       EVP_MD_size                00020a20 f   libeay32:evp_lib.obj
 0001:0000fa6c       EVP_MD_CTX_md              00020a6c f   libeay32:evp_lib.obj
 0001:0000fa7c       EVP_MD_CTX_set_flags       00020a7c f   libeay32:evp_lib.obj
 0001:0000fa8c       EVP_MD_CTX_clear_flags     00020a8c f   libeay32:evp_lib.obj
 0001:0000fa9c       EVP_MD_CTX_test_flags      00020a9c f   libeay32:evp_lib.obj
 0001:0000faa8       EVP_CIPHER_get_asn1_iv     00020aa8 f   libeay32:evp_lib.obj
 0001:0000fb20       EVP_CIPHER_set_asn1_iv     00020b20 f   libeay32:evp_lib.obj
 0001:0000fb70       EVP_CIPHER_type            00020b70 f   libeay32:evp_lib.obj
 0001:0000fca0       EVP_CIPHER_param_to_asn1   00020ca0 f   libeay32:evp_lib.obj
 0001:0000fce8       EVP_CIPHER_asn1_to_param   00020ce8 f   libeay32:evp_lib.obj
 0001:0000fd30       RSA_sign                   00020d30 f   libeay32:rsa_sign.obj
 0001:0000ff74       int_rsa_verify             00020f74 f   libeay32:rsa_sign.obj
 0001:00010360       RSA_verify                 00021360 f   libeay32:rsa_sign.obj
 0001:000103d8       SHA1_Init                  000213d8 f   libeay32:sha1dgst.obj
 0001:00010790       SHA1_Update                00021790 f   libeay32:sha1dgst.obj
 0001:00010898       SHA1_Final                 00021898 f   libeay32:sha1dgst.obj
 0001:00010a08       SHA224_Init                00021a08 f   libeay32:sha256.obj
 0001:00010a88       SHA256_Init                00021a88 f   libeay32:sha256.obj
 0001:00010e28       SHA256_Update              00021e28 f   libeay32:sha256.obj
 0001:00010f30       SHA256_Final               00021f30 f   libeay32:sha256.obj
 0001:000110b8       SHA384_Init                000220b8 f   libeay32:sha512.obj
 0001:000111a8       SHA512_Init                000221a8 f   libeay32:sha512.obj
 0001:00011a70       SHA512_Final               00022a70 f   libeay32:sha512.obj
 0001:00011c9c       SHA512_Update              00022c9c f   libeay32:sha512.obj
 0001:00011dec       a2d_ASN1_OBJECT            00022dec f   libeay32:a_object.obj
 0001:000121c4       i2t_ASN1_OBJECT            000231c4 f   libeay32:a_object.obj
 0001:000121d8       i2a_ASN1_OBJECT            000231d8 f   libeay32:a_object.obj
 0001:000122b4       ASN1_OBJECT_new            000232b4 f   libeay32:a_object.obj
 0001:00012330       ASN1_OBJECT_free           00023330 f   libeay32:a_object.obj
 0001:000123b0       c2i_ASN1_OBJECT            000233b0 f   libeay32:a_object.obj
 0001:00012544       d2i_ASN1_OBJECT            00023544 f   libeay32:a_object.obj
 0001:000125e4       OBJ_dup                    000235e4 f   libeay32:obj_lib.obj
 0001:00012784       OBJ_cmp                    00023784 f   libeay32:obj_lib.obj
 0001:0001286c       ASN1_put_eoc               0002386c f   libeay32:asn1_lib.obj
 0001:0001288c       ASN1_object_size           0002388c f   libeay32:asn1_lib.obj
 0001:000128dc       ASN1_STRING_set            000238dc f   libeay32:asn1_lib.obj
 0001:000129cc       ASN1_STRING_set0           000239cc f   libeay32:asn1_lib.obj
 0001:000129fc       ASN1_STRING_type_new       000239fc f   libeay32:asn1_lib.obj
 0001:00012a68       ASN1_STRING_free           00023a68 f   libeay32:asn1_lib.obj
 0001:00012a9c       ASN1_STRING_cmp            00023a9c f   libeay32:asn1_lib.obj
 0001:00012adc       ASN1_get_object            00023adc f   libeay32:asn1_lib.obj
 0001:00012c34       ASN1_put_object            00023c34 f   libeay32:asn1_lib.obj
 0001:00012d48       ASN1_STRING_copy           00023d48 f   libeay32:asn1_lib.obj
 0001:00012d94       ASN1_STRING_new            00023d94 f   libeay32:asn1_lib.obj
 0001:00012da8       ASN1_STRING_dup            00023da8 f   libeay32:asn1_lib.obj
 0001:00012e08       EVP_PKEY_asn1_get_count    00023e08 f   libeay32:ameth_lib.obj
 0001:00012e38       EVP_PKEY_asn1_get0         00023e38 f   libeay32:ameth_lib.obj
 0001:00012e80       EVP_PKEY_asn1_find         00023e80 f   libeay32:ameth_lib.obj
 0001:00012f68       EVP_PKEY_asn1_find_str     00023f68 f   libeay32:ameth_lib.obj
 0001:00013050       EVP_PKEY_asn1_free         00024050 f   libeay32:ameth_lib.obj
 0001:000154f4       EVP_PKEY_bits              000264f4 f   libeay32:p_lib.obj
 0001:00015534       EVP_PKEY_size              00026534 f   libeay32:p_lib.obj
 0001:00015574       EVP_PKEY_missing_parameters 00026574 f   libeay32:p_lib.obj
 0001:000155ac       EVP_PKEY_new               000265ac f   libeay32:p_lib.obj
 0001:00015628       EVP_PKEY_type              00026628 f   libeay32:p_lib.obj
 0001:00015664       EVP_PKEY_id                00026664 f   libeay32:p_lib.obj
 0001:0001566c       EVP_PKEY_get_default_digest_nid 0002666c f   libeay32:p_lib.obj
 0001:000156b0       EVP_PKEY_copy_parameters   000266b0 f   libeay32:p_lib.obj
 0001:0001589c       EVP_PKEY_set_type          0002689c f   libeay32:p_lib.obj
 0001:000158b4       EVP_PKEY_assign            000268b4 f   libeay32:p_lib.obj
 0001:000158ec       EVP_PKEY_free              000268ec f   libeay32:p_lib.obj
 0001:00015998       EVP_get_cipherbyname       00026998 f   libeay32:names.obj
 0001:000159ac       EVP_get_digestbyname       000269ac f   libeay32:names.obj
 0001:000159c0       ASN1_TYPE_set_octetstring  000269c0 f   libeay32:evp_asn1.obj
 0001:00015a20       ASN1_TYPE_get_octetstring  00026a20 f   libeay32:evp_asn1.obj
 0001:00015a94       RSA_size                   00026a94 f   libeay32:rsa_crpt.obj
 0001:00015ab8       RSA_public_encrypt         00026ab8 f   libeay32:rsa_crpt.obj
 0001:00015ae4       RSA_private_encrypt        00026ae4 f   libeay32:rsa_crpt.obj
 0001:00015b10       RSA_private_decrypt        00026b10 f   libeay32:rsa_crpt.obj
 0001:00015b3c       RSA_public_decrypt         00026b3c f   libeay32:rsa_crpt.obj
 0001:00015c4c       RSA_setup_blinding         00026c4c f   libeay32:rsa_crpt.obj
 0001:00015e20       X509_SIG_it                00026e20 f   libeay32:x_sig.obj
 0001:00015e2c       d2i_X509_SIG               00026e2c f   libeay32:x_sig.obj
 0001:00015e44       i2d_X509_SIG               00026e44 f   libeay32:x_sig.obj
 0001:00015e5c       X509_SIG_free              00026e5c f   libeay32:x_sig.obj
 0001:00015e74       ASN1_TYPE_get              00026e74 f   libeay32:a_type.obj
 0001:00015e98       ASN1_TYPE_set              00026e98 f   libeay32:a_type.obj
 0001:00015f04       ASN1_TYPE_set1             00026f04 f   libeay32:a_type.obj
 0001:00019a30       CMAC_CTX_new               0002aa30 f   libeay32:cmac.obj
 0001:00019a70       CMAC_CTX_cleanup           0002aa70 f   libeay32:cmac.obj
 0001:00019abc       CMAC_CTX_free              0002aabc f   libeay32:cmac.obj
 0001:00019ad8       CMAC_CTX_copy              0002aad8 f   libeay32:cmac.obj
 0001:00019b68       CMAC_Init                  0002ab68 f   libeay32:cmac.obj
 0001:00019de4       CMAC_Update                0002ade4 f   libeay32:cmac.obj
 0001:00019ec8       CMAC_Final                 0002aec8 f   libeay32:cmac.obj
 0001:00019fc8       X509V3_add_value           0002afc8 f   libeay32:v3_utl.obj
 0001:0001a0c0       X509V3_add_value_uchar     0002b0c0 f   libeay32:v3_utl.obj
 0001:0001a0d0       X509V3_conf_free           0002b0d0 f   libeay32:v3_utl.obj
 0001:0001a11c       X509V3_add_value_bool      0002b11c f   libeay32:v3_utl.obj
 0001:0001a140       i2s_ASN1_ENUMERATED        0002b140 f   libeay32:v3_utl.obj
 0001:0001a1b0       i2s_ASN1_INTEGER           0002b1b0 f   libeay32:v3_utl.obj
 0001:0001a220       s2i_ASN1_INTEGER           0002b220 f   libeay32:v3_utl.obj
 0001:0001a370       X509V3_add_value_int       0002b370 f   libeay32:v3_utl.obj
 0001:0001a3c4       X509V3_get_value_bool      0002b3c4 f   libeay32:v3_utl.obj
 0001:0001a580       X509V3_get_value_int       0002b580 f   libeay32:v3_utl.obj
 0001:0001a694       hex_to_string              0002b694 f   libeay32:v3_utl.obj
 0001:0001a754       string_to_hex              0002b754 f   libeay32:v3_utl.obj
 0001:0001a91c       name_cmp                   0002b91c f   libeay32:v3_utl.obj
 0001:0001aa00       X509V3_NAME_from_section   0002ba00 f   libeay32:v3_utl.obj
 0001:0001aae8       X509V3_parse_list          0002bae8 f   libeay32:v3_utl.obj
 0001:0001af58       a2i_ipadd                  0002bf58 f   libeay32:v3_utl.obj
 0001:0001afbc       a2i_IPADDRESS              0002bfbc f   libeay32:v3_utl.obj
 0001:0001b018       a2i_IPADDRESS_NC           0002c018 f   libeay32:v3_utl.obj
 0001:0001b0e4       HMAC_Init_ex               0002c0e4 f   libeay32:hmac.obj
 0001:0001b2dc       HMAC_Update                0002c2dc f   libeay32:hmac.obj
 0001:0001b2f0       HMAC_Final                 0002c2f0 f   libeay32:hmac.obj
 0001:0001b378       HMAC_CTX_init              0002c378 f   libeay32:hmac.obj
 0001:0001b3a0       HMAC_CTX_copy              0002c3a0 f   libeay32:hmac.obj
 0001:0001b420       HMAC_CTX_cleanup           0002c420 f   libeay32:hmac.obj
 0001:0001b458       HMAC_CTX_set_flags         0002c458 f   libeay32:hmac.obj
 0001:0001b48c       HMAC_Init                  0002c48c f   libeay32:hmac.obj
 0001:0001b4f0       HMAC                       0002c4f0 f   libeay32:hmac.obj
 0001:0001b59c       ASN1_OCTET_STRING_dup      0002c59c f   libeay32:a_octet.obj
 0001:0001b5ac       ASN1_OCTET_STRING_set      0002c5ac f   libeay32:a_octet.obj
 0001:0001b5bc       EC_GROUP_new               0002c5bc f   libeay32:ec_lib.obj
 0001:0001b6bc       EC_GROUP_method_of         0002c6bc f   libeay32:ec_lib.obj
 0001:0001b6c4       EC_METHOD_get_field_type   0002c6c4 f   libeay32:ec_lib.obj
 0001:0001b6cc       EC_GROUP_get0_generator    0002c6cc f   libeay32:ec_lib.obj
 0001:0001b6d4       EC_GROUP_get_order         0002c6d4 f   libeay32:ec_lib.obj
 0001:0001b708       EC_GROUP_get_cofactor      0002c708 f   libeay32:ec_lib.obj
 0001:0001b740       EC_GROUP_set_curve_name    0002c740 f   libeay32:ec_lib.obj
 0001:0001b748       EC_GROUP_get_curve_name    0002c748 f   libeay32:ec_lib.obj
 0001:0001b750       EC_GROUP_set_asn1_flag     0002c750 f   libeay32:ec_lib.obj
 0001:0001b758       EC_GROUP_get_asn1_flag     0002c758 f   libeay32:ec_lib.obj
 0001:0001b760       EC_GROUP_set_point_conversion_form 0002c760 f   libeay32:ec_lib.obj
 0001:0001b768       EC_GROUP_get_point_conversion_form 0002c768 f   libeay32:ec_lib.obj
 0001:0001b770       EC_GROUP_set_seed          0002c770 f   libeay32:ec_lib.obj
 0001:0001b7fc       EC_GROUP_get0_seed         0002c7fc f   libeay32:ec_lib.obj
 0001:0001b804       EC_GROUP_get_seed_len      0002c804 f   libeay32:ec_lib.obj
 0001:0001b80c       EC_GROUP_set_curve_GFp     0002c80c f   libeay32:ec_lib.obj
 0001:0001b874       EC_GROUP_get_curve_GFp     0002c874 f   libeay32:ec_lib.obj
 0001:0001b8dc       EC_GROUP_set_curve_GF2m    0002c8dc f   libeay32:ec_lib.obj
 0001:0001b944       EC_GROUP_get_curve_GF2m    0002c944 f   libeay32:ec_lib.obj
 0001:0001b9a8       EC_GROUP_get_degree        0002c9a8 f   libeay32:ec_lib.obj
 0001:0001ba00       EC_EX_DATA_set_data        0002ca00 f   libeay32:ec_lib.obj
 0001:0001badc       EC_EX_DATA_get_data        0002cadc f   libeay32:ec_lib.obj
 0001:0001bb30       EC_EX_DATA_free_data       0002cb30 f   libeay32:ec_lib.obj
 0001:0001bbb8       EC_EX_DATA_free_all_data   0002cbb8 f   libeay32:ec_lib.obj
 0001:0001bc08       EC_EX_DATA_clear_free_all_data 0002cc08 f   libeay32:ec_lib.obj
 0001:0001bc58       EC_POINT_new               0002cc58 f   libeay32:ec_lib.obj
 0001:0001bd38       EC_POINT_free              0002cd38 f   libeay32:ec_lib.obj
 0001:0001bd6c       EC_POINT_clear_free        0002cd6c f   libeay32:ec_lib.obj
 0001:0001bdc8       EC_POINT_copy              0002cdc8 f   libeay32:ec_lib.obj
 0001:0001be5c       EC_POINT_dup               0002ce5c f   libeay32:ec_lib.obj
 0001:0001bea4       EC_POINT_set_to_infinity   0002cea4 f   libeay32:ec_lib.obj
 0001:0001bf30       EC_POINT_set_Jprojective_coordinates_GFp 0002cf30 f   libeay32:ec_lib.obj
 0001:0001bfe4       EC_POINT_set_affine_coordinates_GFp 0002cfe4 f   libeay32:ec_lib.obj
 0001:0001c084       EC_POINT_set_affine_coordinates_GF2m 0002d084 f   libeay32:ec_lib.obj
 0001:0001c128       EC_POINT_get_affine_coordinates_GFp 0002d128 f   libeay32:ec_lib.obj
 0001:0001c1cc       EC_POINT_get_affine_coordinates_GF2m 0002d1cc f   libeay32:ec_lib.obj
 0001:0001c26c       EC_POINT_add               0002d26c f   libeay32:ec_lib.obj
 0001:0001c328       EC_POINT_dbl               0002d328 f   libeay32:ec_lib.obj
 0001:0001c3c8       EC_POINT_invert            0002d3c8 f   libeay32:ec_lib.obj
 0001:0001c454       EC_POINT_is_at_infinity    0002d454 f   libeay32:ec_lib.obj
 0001:0001c4dc       EC_POINT_is_on_curve       0002d4dc f   libeay32:ec_lib.obj
 0001:0001c564       EC_POINT_cmp               0002d564 f   libeay32:ec_lib.obj
 0001:0001c604       EC_POINT_make_affine       0002d604 f   libeay32:ec_lib.obj
 0001:0001c68c       EC_POINTs_make_affine      0002d68c f   libeay32:ec_lib.obj
 0001:0001c754       EC_POINTs_mul              0002d754 f   libeay32:ec_lib.obj
 0001:0001c7d0       EC_POINT_mul               0002d7d0 f   libeay32:ec_lib.obj
 0001:0001c824       EC_GROUP_have_precompute_mult 0002d824 f   libeay32:ec_lib.obj
 0001:0001c86c       EC_GROUP_free              0002d86c f   libeay32:ec_lib.obj
 0001:0001c8d8       EC_GROUP_clear_free        0002d8d8 f   libeay32:ec_lib.obj
 0001:0001c97c       EC_GROUP_copy              0002d97c f   libeay32:ec_lib.obj
 0001:0001cb90       EC_GROUP_dup               0002db90 f   libeay32:ec_lib.obj
 0001:0001cbd8       EC_GROUP_set_generator     0002dbd8 f   libeay32:ec_lib.obj
 0001:0001ccb8       EC_GROUP_cmp               0002dcb8 f   libeay32:ec_lib.obj
 0001:0001cf24       ECDSA_do_sign_ex           0002df24 f   libeay32:ecs_sign.obj
 0001:0001cf84       ECDSA_sign_ex              0002df84 f   libeay32:ecs_sign.obj
 0001:0001d00c       ECDSA_sign_setup           0002e00c f   libeay32:ecs_sign.obj
 0001:0001d05c       ECDSA_sign                 0002e05c f   libeay32:ecs_sign.obj
 0001:0001d1e8       ecdsa_check                0002e1e8 f   libeay32:ecs_lib.obj
 0001:0001d264       ECDSA_size                 0002e264 f   libeay32:ecs_lib.obj
 0001:0001d31c       ECDSA_do_verify            0002e31c f   libeay32:ecs_vrf.obj
 0001:0001d370       ECDSA_verify               0002e370 f   libeay32:ecs_vrf.obj
 0001:0001d3e8       ECDH_compute_key           0002e3e8 f   libeay32:ech_key.obj
 0001:0001d448       EC_KEY_new                 0002e448 f   libeay32:ec_key.obj
 0001:0001d4cc       EC_KEY_free                0002e4cc f   libeay32:ec_key.obj
 0001:0001d55c       EC_KEY_generate_key        0002e55c f   libeay32:ec_key.obj
 0001:0001d6b8       EC_KEY_get0_group          0002e6b8 f   libeay32:ec_key.obj
 0001:0001d6c0       EC_KEY_set_group           0002e6c0 f   libeay32:ec_key.obj
 0001:0001d700       EC_KEY_get0_private_key    0002e700 f   libeay32:ec_key.obj
 0001:0001d708       EC_KEY_get0_public_key     0002e708 f   libeay32:ec_key.obj
 0001:0001d710       EC_KEY_set_public_key      0002e710 f   libeay32:ec_key.obj
 0001:0001d754       EC_KEY_get_enc_flags       0002e754 f   libeay32:ec_key.obj
 0001:0001d75c       EC_KEY_set_enc_flags       0002e75c f   libeay32:ec_key.obj
 0001:0001d764       EC_KEY_get_conv_form       0002e764 f   libeay32:ec_key.obj
 0001:0001d76c       EC_KEY_get_key_method_data 0002e76c f   libeay32:ec_key.obj
 0001:0001d7d8       EC_KEY_insert_key_method_data 0002e7d8 f   libeay32:ec_key.obj
 0001:0001dc98       EC_GROUP_new_by_curve_name 0002ec98 f   libeay32:ec_curve.obj
 0001:0001ddc0       d2i_DSA_SIG                0002edc0 f   libeay32:dsa_asn1.obj
 0001:0001de34       d2i_DSAPrivateKey          0002ee34 f   libeay32:dsa_asn1.obj
 0001:0001de4c       i2d_DSAPrivateKey          0002ee4c f   libeay32:dsa_asn1.obj
 0001:0001de64       d2i_DSAparams              0002ee64 f   libeay32:dsa_asn1.obj
 0001:0001de7c       i2d_DSAparams              0002ee7c f   libeay32:dsa_asn1.obj
 0001:0001de94       dsa_pub_internal_it        0002ee94 f   libeay32:dsa_asn1.obj
 0001:0001dea0       i2d_DSAPublicKey           0002eea0 f   libeay32:dsa_asn1.obj
 0001:0001deb8       DSA_sign                   0002eeb8 f   libeay32:dsa_asn1.obj
 0001:0001df38       DSA_verify                 0002ef38 f   libeay32:dsa_asn1.obj
 0001:0001dfb8       DSA_new_method             0002efb8 f   libeay32:dsa_lib.obj
 0001:0001e168       DSA_free                   0002f168 f   libeay32:dsa_lib.obj
 0001:0001e25c       DSA_size                   0002f25c f   libeay32:dsa_lib.obj
 0001:0001e2c0       DSA_new                    0002f2c0 f   libeay32:dsa_lib.obj
 0001:0001e2d4       dsa_builtin_paramgen       0002f2d4 f   libeay32:dsa_gen.obj
 0001:0001ea68       evp_pkey_set_cb_translate  0002fa68 f   libeay32:pmeth_gn.obj
 0001:0001ebbc       DSA_generate_key           0002fbbc f   libeay32:dsa_key.obj
 0001:0001ebec       DH_new_method              0002fbec f   libeay32:dh_lib.obj
 0001:0001eda4       DH_free                    0002fda4 f   libeay32:dh_lib.obj
 0001:0001eea8       DH_size                    0002fea8 f   libeay32:dh_lib.obj
 0001:0001eecc       DH_new                     0002fecc f   libeay32:dh_lib.obj
 0001:0001f0c4       DH_generate_parameters_ex  000300c4 f   libeay32:dh_gen.obj
 0001:0001f0f4       DH_generate_key            000300f4 f   libeay32:dh_key.obj
 0001:0001f110       DH_compute_key             00030110 f   libeay32:dh_key.obj
 0001:0001f12c       DH_OpenSSL                 0003012c f   libeay32:dh_key.obj
 0001:0001f5c8       RSA_verify_PKCS1_PSS_mgf1  000305c8 f   libeay32:rsa_pss.obj
 0001:0001faf8       RSA_padding_add_PKCS1_PSS_mgf1 00030af8 f   libeay32:rsa_pss.obj
 0001:0001ff4c       RSA_padding_add_X931       00030f4c f   libeay32:rsa_x931.obj
 0001:0001fff8       RSA_padding_check_X931     00030ff8 f   libeay32:rsa_x931.obj
 0001:00020120       RSA_X931_hash_id           00031120 f   libeay32:rsa_x931.obj
 0001:00020170       RSA_sign_ASN1_OCTET_STRING 00031170 f   libeay32:rsa_saos.obj
 0001:00020280       X509_ALGOR_it              00031280 f   libeay32:x_algor.obj
 0001:0002028c       d2i_X509_ALGOR             0003128c f   libeay32:x_algor.obj
 0001:000202a4       X509_ALGOR_new             000312a4 f   libeay32:x_algor.obj
 0001:000202bc       X509_ALGOR_free            000312bc f   libeay32:x_algor.obj
 0001:000202d4       X509_ALGOR_set0            000312d4 f   libeay32:x_algor.obj
 0001:0002037c       X509_ALGOR_get0            0003137c f   libeay32:x_algor.obj
 0001:000203d0       X509_ALGOR_set_md          000313d0 f   libeay32:x_algor.obj
 0001:00020410       CMS_RecipientInfo_ktri_get0_algs 00031410 f   libeay32:cms_env.obj
 0001:0002076c       cms_EnvelopedData_init_bio 0003176c f   libeay32:cms_env.obj
 0001:000208d0       RSA_new_method             000318d0 f   libeay32:rsa_lib.obj
 0001:00020ab4       RSA_free                   00031ab4 f   libeay32:rsa_lib.obj
 0001:00020be8       RSA_new                    00031be8 f   libeay32:rsa_lib.obj
 0001:000211b4       RSA_generate_key_ex        000321b4 f   libeay32:rsa_gen.obj
 0001:000211e4       X509_ATTRIBUTE_SET_it      000321e4 f   libeay32:x_attrib.obj
 0001:000211f0       X509_ATTRIBUTE_it          000321f0 f   libeay32:x_attrib.obj
 0001:000211fc       X509_ATTRIBUTE_new         000321fc f   libeay32:x_attrib.obj
 0001:00021214       X509_ATTRIBUTE_free        00032214 f   libeay32:x_attrib.obj
 0001:0002122c       X509_ATTRIBUTE_dup         0003222c f   libeay32:x_attrib.obj
 0001:00021248       X509_ATTRIBUTE_create      00032248 f   libeay32:x_attrib.obj
 0001:000213c4       OBJ_NAME_init              000323c4 f   libeay32:o_names.obj
 0001:0002142c       OBJ_NAME_get               0003242c f   libeay32:o_names.obj
 0001:00021510       OBJ_find_sigid_algs        00032510 f   libeay32:obj_xref.obj
 0001:000215b0       OBJ_find_sigid_by_algs     000325b0 f   libeay32:obj_xref.obj
 0001:0002167c       EVP_PBE_find               0003267c f   libeay32:evp_pbe.obj
 0001:00021740       EVP_PBE_CipherInit         00032740 f   libeay32:evp_pbe.obj
 0001:000218f8       ASN1_INTEGER_it            000328f8 f   libeay32:tasn_typ.obj
 0001:00021904       d2i_ASN1_INTEGER           00032904 f   libeay32:tasn_typ.obj
 0001:0002191c       i2d_ASN1_INTEGER           0003291c f   libeay32:tasn_typ.obj
 0001:00021934       ASN1_INTEGER_new           00032934 f   libeay32:tasn_typ.obj
 0001:0002194c       ASN1_INTEGER_free          0003294c f   libeay32:tasn_typ.obj
 0001:00021964       ASN1_ENUMERATED_it         00032964 f   libeay32:tasn_typ.obj
 0001:00021970       ASN1_ENUMERATED_free       00032970 f   libeay32:tasn_typ.obj
 0001:00021988       ASN1_BIT_STRING_it         00032988 f   libeay32:tasn_typ.obj
 0001:00021994       ASN1_BIT_STRING_new        00032994 f   libeay32:tasn_typ.obj
 0001:000219ac       ASN1_BIT_STRING_free       000329ac f   libeay32:tasn_typ.obj
 0001:000219c4       ASN1_OCTET_STRING_it       000329c4 f   libeay32:tasn_typ.obj
 0001:000219d0       i2d_ASN1_OCTET_STRING      000329d0 f   libeay32:tasn_typ.obj
 0001:000219e8       ASN1_OCTET_STRING_new      000329e8 f   libeay32:tasn_typ.obj
 0001:00021a00       ASN1_OCTET_STRING_free     00032a00 f   libeay32:tasn_typ.obj
 0001:00021a18       ASN1_NULL_it               00032a18 f   libeay32:tasn_typ.obj
 0001:00021a24       ASN1_NULL_new              00032a24 f   libeay32:tasn_typ.obj
 0001:00021a3c       ASN1_OBJECT_it             00032a3c f   libeay32:tasn_typ.obj
 0001:00021a48       ASN1_UTF8STRING_it         00032a48 f   libeay32:tasn_typ.obj
 0001:00021a54       ASN1_IA5STRING_it          00032a54 f   libeay32:tasn_typ.obj
 0001:00021a60       ASN1_GENERALIZEDTIME_it    00032a60 f   libeay32:tasn_typ.obj
 0001:00021a6c       ASN1_ANY_it                00032a6c f   libeay32:tasn_typ.obj
 0001:00021a78       ASN1_SEQUENCE_it           00032a78 f   libeay32:tasn_typ.obj
 0001:00021a84       d2i_ASN1_TYPE              00032a84 f   libeay32:tasn_typ.obj
 0001:00021a9c       i2d_ASN1_TYPE              00032a9c f   libeay32:tasn_typ.obj
 0001:00021ab4       ASN1_TYPE_new              00032ab4 f   libeay32:tasn_typ.obj
 0001:00021acc       ASN1_TYPE_free             00032acc f   libeay32:tasn_typ.obj
 0001:00021ae4       ASN1_PRINTABLE_it          00032ae4 f   libeay32:tasn_typ.obj
 0001:00021af0       DISPLAYTEXT_it             00032af0 f   libeay32:tasn_typ.obj
 0001:00021afc       DIRECTORYSTRING_it         00032afc f   libeay32:tasn_typ.obj
 0001:00021b08       ASN1_BOOLEAN_it            00032b08 f   libeay32:tasn_typ.obj
 0001:00021b14       ASN1_FBOOLEAN_it           00032b14 f   libeay32:tasn_typ.obj
 0001:00021b20       ASN1_OCTET_STRING_NDEF_it  00032b20 f   libeay32:tasn_typ.obj
 0001:00021b2c       d2i_ASN1_SEQUENCE_ANY      00032b2c f   libeay32:tasn_typ.obj
 0001:00021b44       i2d_ASN1_SEQUENCE_ANY      00032b44 f   libeay32:tasn_typ.obj
 0001:00021b5c       i2d_ASN1_SET_ANY           00032b5c f   libeay32:tasn_typ.obj
 0001:00021b74       ASN1_INTEGER_cmp           00032b74 f   libeay32:a_int.obj
 0001:00021bbc       i2c_ASN1_INTEGER           00032bbc f   libeay32:a_int.obj
 0001:00021d10       c2i_ASN1_INTEGER           00032d10 f   libeay32:a_int.obj
 0001:00021ed4       d2i_ASN1_UINTEGER          00032ed4 f   libeay32:a_int.obj
 0001:00022044       ASN1_INTEGER_set           00033044 f   libeay32:a_int.obj
 0001:0002214c       ASN1_INTEGER_get           0003314c f   libeay32:a_int.obj
 0001:000221e0       BN_to_ASN1_INTEGER         000331e0 f   libeay32:a_int.obj
 0001:00022308       ASN1_INTEGER_to_BN         00033308 f   libeay32:a_int.obj
 0001:00022380       BN_BLINDING_free           00033380 f   libeay32:bn_blind.obj
 0001:000223dc       BN_BLINDING_invert_ex      000333dc f   libeay32:bn_blind.obj
 0001:00022460       BN_BLINDING_thread_id      00033460 f   libeay32:bn_blind.obj
 0001:00022468       BN_BLINDING_new            00033468 f   libeay32:bn_blind.obj
 0001:0002255c       BN_BLINDING_create_param   0003355c f   libeay32:bn_blind.obj
 0001:00022738       BN_BLINDING_update         00033738 f   libeay32:bn_blind.obj
 0001:0002284c       BN_BLINDING_convert_ex     0003384c f   libeay32:bn_blind.obj
 0001:0002291c       ASN1_tag2bit               0003391c f   libeay32:tasn_dec.obj
 0001:00022934       asn1_ex_c2i                00033934 f   libeay32:tasn_dec.obj
 0001:0002380c       ASN1_item_ex_d2i           0003480c f   libeay32:tasn_dec.obj
 0001:000245e0       ASN1_item_d2i              000355e0 f   libeay32:tasn_dec.obj
 0001:00024990       asn1_ex_i2c                00035990 f   libeay32:tasn_enc.obj
 0001:00024c7c       ASN1_item_ex_i2d           00035c7c f   libeay32:tasn_enc.obj
 0001:00025354       ASN1_item_i2d              00036354 f   libeay32:tasn_enc.obj
 0001:00025368       ASN1_primitive_new         00036368 f   libeay32:tasn_new.obj
 0001:000258a4       ASN1_item_ex_new           000368a4 f   libeay32:tasn_new.obj
 0001:000258b8       ASN1_template_new          000368b8 f   libeay32:tasn_new.obj
 0001:00025990       ASN1_item_new              00036990 f   libeay32:tasn_new.obj
 0001:000259c8       ASN1_primitive_free        000369c8 f   libeay32:tasn_fre.obj
 0001:00025d3c       ASN1_template_free         00036d3c f   libeay32:tasn_fre.obj
 0001:00025df0       ASN1_item_free             00036df0 f   libeay32:tasn_fre.obj
 0001:00025e10       ASN1_item_ex_free          00036e10 f   libeay32:tasn_fre.obj
 0001:00025e24       EC_GROUP_get_basis_type    00036e24 f   libeay32:ec_asn1.obj
 0001:00025e9c       EC_GROUP_get_trinomial_basis 00036e9c f   libeay32:ec_asn1.obj
 0001:00025f30       EC_GROUP_get_pentanomial_basis 00036f30 f   libeay32:ec_asn1.obj
 0001:00025ffc       X9_62_PENTANOMIAL_it       00036ffc f   libeay32:ec_asn1.obj
 0001:00026014       X9_62_CHARACTERISTIC_TWO_it 00037014 f   libeay32:ec_asn1.obj
 0001:0002602c       X9_62_FIELDID_it           0003702c f   libeay32:ec_asn1.obj
 0001:00026038       X9_62_CURVE_it             00037038 f   libeay32:ec_asn1.obj
 0001:00026044       ECPARAMETERS_it            00037044 f   libeay32:ec_asn1.obj
 0001:00026050       ECPKPARAMETERS_it          00037050 f   libeay32:ec_asn1.obj
 0001:00027550       d2i_ECPKParameters         00038550 f   libeay32:ec_asn1.obj
 0001:0002761c       i2d_ECPKParameters         0003861c f   libeay32:ec_asn1.obj
 0001:000276c0       d2i_ECPrivateKey           000386c0 f   libeay32:ec_asn1.obj
 0001:0002797c       i2d_ECPrivateKey           0003897c f   libeay32:ec_asn1.obj
 0001:00027d00       i2d_ECParameters           00038d00 f   libeay32:ec_asn1.obj
 0001:00027d50       d2i_ECParameters           00038d50 f   libeay32:ec_asn1.obj
 0001:00027e34       o2i_ECPublicKey            00038e34 f   libeay32:ec_asn1.obj
 0001:00027f48       i2o_ECPublicKey            00038f48 f   libeay32:ec_asn1.obj
 0001:000280ac       X509_PUBKEY_it             000390ac f   libeay32:x_pubkey.obj
 0001:000280b8       X509_PUBKEY_get            000390b8 f   libeay32:x_pubkey.obj
 0001:00028268       X509_PUBKEY_set0_param     00039268 f   libeay32:x_pubkey.obj
 0001:000282e8       X509_PUBKEY_get0_param     000392e8 f   libeay32:x_pubkey.obj
 0001:00028374       PKCS8_PRIV_KEY_INFO_it     00039374 f   libeay32:p8_pkey.obj
 0001:00028380       PKCS8_pkey_set0            00039380 f   libeay32:p8_pkey.obj
 0001:00028430       PKCS8_pkey_get0            00039430 f   libeay32:p8_pkey.obj
 0001:00028618       ECPKParameters_print       00039618 f   libeay32:eck_prn.obj
 0001:00028c00       ASN1_bn_print              00039c00 f   libeay32:t_pkey.obj
 0001:00028df4       EC_POINT_point2bn          00039df4 f   libeay32:ec_print.obj
 0001:00028ea0       PKCS7_ctrl                 00039ea0 f   libeay32:pk7_lib.obj
 0001:00028fc4       PKCS7_SIGNER_INFO_get0_algs 00039fc4 f   libeay32:pk7_lib.obj
 0001:00028ff4       PKCS7_RECIP_INFO_get0_alg  00039ff4 f   libeay32:pk7_lib.obj
 0001:00029004       PKCS7_stream               0003a004 f   libeay32:pk7_lib.obj
 0001:000292b0       CMS_SignerInfo_get0_algs   0003a2b0 f   libeay32:cms_sd.obj
 0001:000292f0       CMS_SignerInfo_sign        0003a2f0 f   libeay32:cms_sd.obj
 0001:0002953c       cms_SignedData_init_bio    0003a53c f   libeay32:cms_sd.obj
 0001:000297a0       cms_SignedData_final       0003a7a0 f   libeay32:cms_sd.obj
 0001:00029830       X509_signature_dump        0003a830 f   libeay32:t_x509.obj
 0001:0002991c       ASN1_STRING_print          0003a91c f   libeay32:t_x509.obj
 0001:000299f0       ASN1_GENERALIZEDTIME_print 0003a9f0 f   libeay32:t_x509.obj
 0001:00029c0c       X509_NAME_print            0003ac0c f   libeay32:t_x509.obj
 0001:00029d3c       DSA_do_sign                0003ad3c f   libeay32:dsa_sign.obj
 0001:00029d58       DSA_sign_setup             0003ad58 f   libeay32:dsa_sign.obj
 0001:00029d74       DSA_SIG_new                0003ad74 f   libeay32:dsa_sign.obj
 0001:00029dac       DSA_SIG_free               0003adac f   libeay32:dsa_sign.obj
 0001:00029e44       d2i_DHparams               0003ae44 f   libeay32:dh_asn1.obj
 0001:00029e5c       i2d_DHparams               0003ae5c f   libeay32:dh_asn1.obj
 0001:00029ed0       RSA_PSS_PARAMS_it          0003aed0 f   libeay32:rsa_asn1.obj
 0001:00029edc       d2i_RSA_PSS_PARAMS         0003aedc f   libeay32:rsa_asn1.obj
 0001:00029ef4       RSA_PSS_PARAMS_new         0003aef4 f   libeay32:rsa_asn1.obj
 0001:00029f0c       RSA_PSS_PARAMS_free        0003af0c f   libeay32:rsa_asn1.obj
 0001:00029f24       d2i_RSAPrivateKey          0003af24 f   libeay32:rsa_asn1.obj
 0001:00029f3c       i2d_RSAPrivateKey          0003af3c f   libeay32:rsa_asn1.obj
 0001:00029f54       d2i_RSAPublicKey           0003af54 f   libeay32:rsa_asn1.obj
 0001:00029f6c       i2d_RSAPublicKey           0003af6c f   libeay32:rsa_asn1.obj
 0001:00029f84       i2a_ASN1_INTEGER           0003af84 f   libeay32:f_int.obj
 0001:0002a248       EVP_DigestSignInit         0003b248 f   libeay32:m_sigver.obj
 0001:0002a270       EVP_DigestVerifyInit       0003b270 f   libeay32:m_sigver.obj
 0001:0002a298       EVP_DigestSignFinal        0003b298 f   libeay32:m_sigver.obj
 0001:0002a3d8       EVP_DigestVerifyFinal      0003b3d8 f   libeay32:m_sigver.obj
 0001:0002a4ac       ASN1_item_pack             0003b4ac f   libeay32:asn_pack.obj
 0001:0002a59c       EVP_CIPHER_CTX_init        0003b59c f   libeay32:evp_enc.obj
 0001:0002a5b4       EVP_EncryptUpdate          0003b5b4 f   libeay32:evp_enc.obj
 0001:0002a7a4       EVP_EncryptFinal_ex        0003b7a4 f   libeay32:evp_enc.obj
 0001:0002a8d0       EVP_DecryptUpdate          0003b8d0 f   libeay32:evp_enc.obj
 0001:0002aa4c       EVP_DecryptFinal_ex        0003ba4c f   libeay32:evp_enc.obj
 0001:0002ac24       EVP_CIPHER_CTX_cleanup     0003bc24 f   libeay32:evp_enc.obj
 0001:0002acb0       EVP_CIPHER_CTX_set_padding 0003bcb0 f   libeay32:evp_enc.obj
 0001:0002accc       EVP_CIPHER_CTX_ctrl        0003bccc f   libeay32:evp_enc.obj
 0001:0002ad7c       EVP_CIPHER_CTX_rand_key    0003bd7c f   libeay32:evp_enc.obj
 0001:0002add0       EVP_CIPHER_CTX_copy        0003bdd0 f   libeay32:evp_enc.obj
 0001:0002af20       EVP_CipherInit_ex          0003bf20 f   libeay32:evp_enc.obj
 0001:0002b280       EVP_CipherUpdate           0003c280 f   libeay32:evp_enc.obj
 0001:0002b2c4       EVP_CipherFinal_ex         0003c2c4 f   libeay32:evp_enc.obj
 0001:0002b2ec       EVP_EncryptInit_ex         0003c2ec f   libeay32:evp_enc.obj
 0001:0002b314       EVP_DecryptInit_ex         0003c314 f   libeay32:evp_enc.obj
 0001:0002b33c       EVP_CIPHER_CTX_set_key_length 0003c33c f   libeay32:evp_enc.obj
 0001:0002b3c4       ASN1_ENUMERATED_get        0003c3c4 f   libeay32:a_enum.obj
 0001:0002b458       ASN1_ENUMERATED_to_BN      0003c458 f   libeay32:a_enum.obj
 0001:0002b4cc       X509_NAME_entry_count      0003c4cc f   libeay32:x509name.obj
 0001:0002b4f0       X509_NAME_get_index_by_OBJ 0003c4f0 f   libeay32:x509name.obj
 0001:0002b55c       X509_NAME_get_entry        0003c55c f   libeay32:x509name.obj
 0001:0002b5a4       X509_NAME_delete_entry     0003c5a4 f   libeay32:x509name.obj
 0001:0002b678       X509_NAME_add_entry        0003c678 f   libeay32:x509name.obj
 0001:0002b7e4       X509_NAME_ENTRY_set_object 0003c7e4 f   libeay32:x509name.obj
 0001:0002b858       X509_NAME_ENTRY_set_data   0003c858 f   libeay32:x509name.obj
 0001:0002b938       X509_NAME_ENTRY_get_object 0003c938 f   libeay32:x509name.obj
 0001:0002b948       X509_NAME_ENTRY_get_data   0003c948 f   libeay32:x509name.obj
 0001:0002b958       X509_NAME_get_index_by_NID 0003c958 f   libeay32:x509name.obj
 0001:0002b994       X509_NAME_ENTRY_create_by_OBJ 0003c994 f   libeay32:x509name.obj
 0001:0002ba40       X509_NAME_ENTRY_create_by_txt 0003ca40 f   libeay32:x509name.obj
 0001:0002bae4       X509_NAME_add_entry_by_txt 0003cae4 f   libeay32:x509name.obj
 0001:0002bb3c       ACCESS_DESCRIPTION_it      0003cb3c f   libeay32:v3_info.obj
 0001:0002bb48       ACCESS_DESCRIPTION_free    0003cb48 f   libeay32:v3_info.obj
 0001:0002bb60       AUTHORITY_INFO_ACCESS_it   0003cb60 f   libeay32:v3_info.obj
 0001:0002beb4       X509_CRL_get_ext_d2i       0003ceb4 f   libeay32:x509_ext.obj
 0001:0002becc       X509_get_ext_count         0003cecc f   libeay32:x509_ext.obj
 0001:0002bee4       X509_get_ext_by_NID        0003cee4 f   libeay32:x509_ext.obj
 0001:0002befc       X509_get_ext               0003cefc f   libeay32:x509_ext.obj
 0001:0002bf14       X509_get_ext_d2i           0003cf14 f   libeay32:x509_ext.obj
 0001:0002bf2c       X509_REVOKED_get_ext_d2i   0003cf2c f   libeay32:x509_ext.obj
 0001:0002bf40       CONF_parse_list            0003cf40 f   libeay32:conf_mod.obj
 0001:0002c06c       OTHERNAME_it               0003d06c f   libeay32:v3_genn.obj
 0001:0002c078       OTHERNAME_new              0003d078 f   libeay32:v3_genn.obj
 0001:0002c090       EDIPARTYNAME_it            0003d090 f   libeay32:v3_genn.obj
 0001:0002c09c       GENERAL_NAME_it            0003d09c f   libeay32:v3_genn.obj
 0001:0002c0a8       GENERAL_NAME_new           0003d0a8 f   libeay32:v3_genn.obj
 0001:0002c0c0       GENERAL_NAME_free          0003d0c0 f   libeay32:v3_genn.obj
 0001:0002c0d8       GENERAL_NAMES_it           0003d0d8 f   libeay32:v3_genn.obj
 0001:0002c0e4       GENERAL_NAMES_new          0003d0e4 f   libeay32:v3_genn.obj
 0001:0002c0fc       GENERAL_NAMES_free         0003d0fc f   libeay32:v3_genn.obj
 0001:0002c114       X509_get_issuer_name       0003d114 f   libeay32:x509_cmp.obj
 0001:0002c120       X509_get_subject_name      0003d120 f   libeay32:x509_cmp.obj
 0001:0002c12c       X509_get_serialNumber      0003d12c f   libeay32:x509_cmp.obj
 0001:0002c138       X509_NAME_cmp              0003d138 f   libeay32:x509_cmp.obj
 0001:0002c1c8       X509_get_pubkey            0003d1c8 f   libeay32:x509_cmp.obj
 0001:0002c1fc       X509_EXTENSION_it          0003d1fc f   libeay32:x_exten.obj
 0001:0002c220       X509V3_EXT_get_nid         0003d220 f   libeay32:v3_lib.obj
 0001:0002c2b0       X509V3_EXT_d2i             0003d2b0 f   libeay32:v3_lib.obj
 0001:0002c340       X509V3_get_d2i             0003d340 f   libeay32:v3_lib.obj
 0001:0002c84c       ec_wNAF_mul                0003d84c f   libeay32:ec_mult.obj
 0001:0002d3f4       ec_wNAF_precompute_mult    0003e3f4 f   libeay32:ec_mult.obj
 0001:0002d900       ec_wNAF_have_precompute_mult 0003e900 f   libeay32:ec_mult.obj
 0001:0002d93c       d2i_ECDSA_SIG              0003e93c f   libeay32:ecs_asn1.obj
 0001:0002d954       i2d_ECDSA_SIG              0003e954 f   libeay32:ecs_asn1.obj
 0001:0002d96c       ECDSA_SIG_new              0003e96c f   libeay32:ecs_asn1.obj
 0001:0002d984       ECDSA_SIG_free             0003e984 f   libeay32:ecs_asn1.obj
 0001:0002d99c       ECDSA_OpenSSL              0003e99c f   libeay32:ecs_ossl.obj
 0001:0002e660       ENGINE_get_default_ECDSA   0003f660 f   libeay32:tb_ecdsa.obj
 0001:0002e67c       ENGINE_get_ECDSA           0003f67c f   libeay32:tb_ecdsa.obj
 0001:0002e7dc       ecdh_check                 0003f7dc f   libeay32:ech_lib.obj
 0001:0002e858       EC_GROUP_new_curve_GFp     0003f858 f   libeay32:ec_cvt.obj
 0001:0002e924       EC_GROUP_new_curve_GF2m    0003f924 f   libeay32:ec_cvt.obj
 0001:0002e988       BIGNUM_it                  0003f988 f   libeay32:x_bignum.obj
 0001:0002e994       CBIGNUM_it                 0003f994 f   libeay32:x_bignum.obj
 0001:0002ead4       LONG_it                    0003fad4 f   libeay32:x_long.obj
 0001:0002eae0       ZLONG_it                   0003fae0 f   libeay32:x_long.obj
 0001:0002ecd4       ASN1_item_dup              0003fcd4 f   libeay32:a_dup.obj
 0001:0002ed68       DSA_do_verify              0003fd68 f   libeay32:dsa_vrf.obj
 0001:0002ed84       DSA_OpenSSL                0003fd84 f   libeay32:dsa_ossl.obj
 0001:0002f5cc       ENGINE_get_default_DSA     000405cc f   libeay32:tb_dsa.obj
 0001:0002f5e8       ENGINE_get_DSA             000405e8 f   libeay32:tb_dsa.obj
 0001:0002f5f0       BN_GENCB_call              000405f0 f   libeay32:bn_prime.obj
 0001:0002fa54       BN_is_prime_fasttest_ex    00040a54 f   libeay32:bn_prime.obj
 0001:0002fe48       BN_generate_prime_ex       00040e48 f   libeay32:bn_prime.obj
 0001:000301b0       ENGINE_get_default_DH      000411b0 f   libeay32:tb_dh.obj
 0001:000301cc       ENGINE_get_DH              000411cc f   libeay32:tb_dh.obj
 0001:000301d4       DH_check_pub_key           000411d4 f   libeay32:dh_check.obj
 0001:00030270       PKCS1_MGF1                 00041270 f   libeay32:rsa_oaep.obj
 0001:00030398       RSA_padding_add_PKCS1_OAEP 00041398 f   libeay32:rsa_oaep.obj
 0001:00030590       RSA_padding_check_PKCS1_OAEP 00041590 f   libeay32:rsa_oaep.obj
 0001:00030800       CMS_IssuerAndSerialNumber_it 00041800 f   libeay32:cms_asn1.obj
 0001:0003080c       CMS_OtherCertificateFormat_it 0004180c f   libeay32:cms_asn1.obj
 0001:00030818       CMS_CertificateChoices_it  00041818 f   libeay32:cms_asn1.obj
 0001:00030824       CMS_SignerIdentifier_it    00041824 f   libeay32:cms_asn1.obj
 0001:00030830       CMS_EncapsulatedContentInfo_it 00041830 f   libeay32:cms_asn1.obj
 0001:00030878       CMS_SignerInfo_it          00041878 f   libeay32:cms_asn1.obj
 0001:00030884       CMS_OtherRevocationInfoFormat_it 00041884 f   libeay32:cms_asn1.obj
 0001:00030890       CMS_RevocationInfoChoice_it 00041890 f   libeay32:cms_asn1.obj
 0001:0003089c       CMS_SignedData_it          0004189c f   libeay32:cms_asn1.obj
 0001:000308a8       CMS_OriginatorInfo_it      000418a8 f   libeay32:cms_asn1.obj
 0001:000308b4       CMS_EncryptedContentInfo_it 000418b4 f   libeay32:cms_asn1.obj
 0001:000308c0       CMS_KeyTransRecipientInfo_it 000418c0 f   libeay32:cms_asn1.obj
 0001:000308cc       CMS_OtherKeyAttribute_it   000418cc f   libeay32:cms_asn1.obj
 0001:000308d8       CMS_RecipientKeyIdentifier_it 000418d8 f   libeay32:cms_asn1.obj
 0001:000308e4       CMS_KeyAgreeRecipientIdentifier_it 000418e4 f   libeay32:cms_asn1.obj
 0001:000308f0       CMS_RecipientEncryptedKey_it 000418f0 f   libeay32:cms_asn1.obj
 0001:000308fc       CMS_OriginatorPublicKey_it 000418fc f   libeay32:cms_asn1.obj
 0001:00030908       CMS_OriginatorIdentifierOrKey_it 00041908 f   libeay32:cms_asn1.obj
 0001:00030914       CMS_KeyAgreeRecipientInfo_it 00041914 f   libeay32:cms_asn1.obj
 0001:00030920       CMS_KEKIdentifier_it       00041920 f   libeay32:cms_asn1.obj
 0001:0003092c       CMS_KEKRecipientInfo_it    0004192c f   libeay32:cms_asn1.obj
 0001:00030938       CMS_PasswordRecipientInfo_it 00041938 f   libeay32:cms_asn1.obj
 0001:00030944       CMS_OtherRecipientInfo_it  00041944 f   libeay32:cms_asn1.obj
 0001:000309d8       CMS_RecipientInfo_it       000419d8 f   libeay32:cms_asn1.obj
 0001:000309e4       CMS_EnvelopedData_it       000419e4 f   libeay32:cms_asn1.obj
 0001:000309f0       CMS_DigestedData_it        000419f0 f   libeay32:cms_asn1.obj
 0001:000309fc       CMS_EncryptedData_it       000419fc f   libeay32:cms_asn1.obj
 0001:00030a08       CMS_AuthenticatedData_it   00041a08 f   libeay32:cms_asn1.obj
 0001:00030a14       CMS_CompressedData_it      00041a14 f   libeay32:cms_asn1.obj
 0001:00030ab8       CMS_Attributes_Sign_it     00041ab8 f   libeay32:cms_asn1.obj
 0001:00030ac4       CMS_ReceiptsFrom_it        00041ac4 f   libeay32:cms_asn1.obj
 0001:00030ad0       CMS_get0_content           00041ad0 f   libeay32:cms_lib.obj
 0001:00030bc0       cms_DigestAlgorithm_init_bio 00041bc0 f   libeay32:cms_lib.obj
 0001:00030c88       cms_DigestAlgorithm_find_ctx 00041c88 f   libeay32:cms_lib.obj
 0001:00030d58       cms_content_bio            00041d58 f   libeay32:cms_lib.obj
 0001:00030db4       CMS_dataInit               00041db4 f   libeay32:cms_lib.obj
 0001:00030eb8       CMS_dataFinal              00041eb8 f   libeay32:cms_lib.obj
 0001:00031020       cms_EncryptedContent_init_bio 00042020 f   libeay32:cms_enc.obj
 0001:000313e0       cms_EncryptedData_init_bio 000423e0 f   libeay32:cms_enc.obj
 0001:00031410       X509_PURPOSE_get0          00042410 f   libeay32:v3_purp.obj
 0001:0003145c       X509_PURPOSE_get_by_id     0004245c f   libeay32:v3_purp.obj
 0001:000314c4       X509_supported_extension   000424c4 f   libeay32:v3_purp.obj
 0001:00031f3c       X509_check_purpose         00042f3c f   libeay32:v3_purp.obj
 0001:00031fd4       EVP_PKEY_sign_init         00042fd4 f   libeay32:pmeth_fn.obj
 0001:00032064       EVP_PKEY_sign              00043064 f   libeay32:pmeth_fn.obj
 0001:00032178       EVP_PKEY_verify_init       00043178 f   libeay32:pmeth_fn.obj
 0001:00032208       EVP_PKEY_verify            00043208 f   libeay32:pmeth_fn.obj
 0001:000322ac       EVP_PKEY_encrypt_init      000432ac f   libeay32:pmeth_fn.obj
 0001:0003233c       EVP_PKEY_encrypt           0004333c f   libeay32:pmeth_fn.obj
 0001:00032450       AES_wrap_key               00043450 f   libeay32:aes_wrap.obj
 0001:0003256c       AES_set_encrypt_key        0004356c f   libeay32:aes_misc.obj
 0001:000327fc       cms_RecipientInfo_pwri_crypt 000437fc f   libeay32:cms_pwri.obj
 0001:00032b6c       RSA_PKCS1_SSLeay           00043b6c f   libeay32:rsa_eay.obj
 0001:0003438c       ENGINE_get_default_RSA     0004538c f   libeay32:tb_rsa.obj
 0001:000343a8       ENGINE_get_RSA             000453a8 f   libeay32:tb_rsa.obj
 0001:000343b0       PKCS5_PBKDF2_HMAC          000453b0 f   libeay32:p5_crpt2.obj
 0001:00034578       PKCS5_v2_PBKDF2_keyivgen   00045578 f   libeay32:p5_crpt2.obj
 0001:00034818       PKCS5_v2_PBE_keyivgen      00045818 f   libeay32:p5_crpt2.obj
 0001:000349d4       PKCS12_PBE_keyivgen        000459d4 f   libeay32:p12_crpt.obj
 0001:00034bc8       PKCS5_PBE_keyivgen         00045bc8 f   libeay32:p5_crpt.obj
 0001:00034e80       BUF_MEM_new                00045e80 f   libeay32:buffer.obj
 0001:00034ee4       BUF_MEM_free               00045ee4 f   libeay32:buffer.obj
 0001:00034f24       BUF_MEM_grow               00045f24 f   libeay32:buffer.obj
 0001:0003502c       BUF_MEM_grow_clean         0004602c f   libeay32:buffer.obj
 0001:00035148       ASN1_BIT_STRING_set        00046148 f   libeay32:a_bitstr.obj
 0001:00035158       i2c_ASN1_BIT_STRING        00046158 f   libeay32:a_bitstr.obj
 0001:0003525c       c2i_ASN1_BIT_STRING        0004625c f   libeay32:a_bitstr.obj
 0001:000353a0       ASN1_BIT_STRING_set_bit    000463a0 f   libeay32:a_bitstr.obj
 0001:000354f0       ASN1_BIT_STRING_get_bit    000464f0 f   libeay32:a_bitstr.obj
 0001:0003554c       asn1_get_choice_selector   0004654c f   libeay32:tasn_utl.obj
 0001:0003555c       asn1_set_choice_selector   0004655c f   libeay32:tasn_utl.obj
 0001:00035578       asn1_do_lock               00046578 f   libeay32:tasn_utl.obj
 0001:000355fc       asn1_enc_init              000465fc f   libeay32:tasn_utl.obj
 0001:00035654       asn1_enc_free              00046654 f   libeay32:tasn_utl.obj
 0001:000356c8       asn1_enc_save              000466c8 f   libeay32:tasn_utl.obj
 0001:00035774       asn1_enc_restore           00046774 f   libeay32:tasn_utl.obj
 0001:0003581c       asn1_get_field_ptr         0004681c f   libeay32:tasn_utl.obj
 0001:00035834       asn1_do_adb                00046834 f   libeay32:tasn_utl.obj
 0001:0003592c       ec_GF2m_simple_group_init  0004692c f   libeay32:ec2_smpl.obj
 0001:00035958       ec_GF2m_simple_group_finish 00046958 f   libeay32:ec2_smpl.obj
 0001:00035980       ec_GF2m_simple_group_clear_finish 00046980 f   libeay32:ec2_smpl.obj
 0001:000359c8       ec_GF2m_simple_group_copy  000469c8 f   libeay32:ec2_smpl.obj
 0001:00035b14       ec_GF2m_simple_group_set_curve 00046b14 f   libeay32:ec2_smpl.obj
 0001:00035c84       ec_GF2m_simple_group_get_curve 00046c84 f   libeay32:ec2_smpl.obj
 0001:00035d00       ec_GF2m_simple_group_get_degree 00046d00 f   libeay32:ec2_smpl.obj
 0001:00035d18       ec_GF2m_simple_group_check_discriminant 00046d18 f   libeay32:ec2_smpl.obj
 0001:00035dcc       ec_GF2m_simple_point_init  00046dcc f   libeay32:ec2_smpl.obj
 0001:00035df8       ec_GF2m_simple_point_finish 00046df8 f   libeay32:ec2_smpl.obj
 0001:00035e20       ec_GF2m_simple_point_clear_finish 00046e20 f   libeay32:ec2_smpl.obj
 0001:00035e50       ec_GF2m_simple_point_copy  00046e50 f   libeay32:ec2_smpl.obj
 0001:00035eb8       ec_GF2m_simple_point_set_to_infinity 00046eb8 f   libeay32:ec2_smpl.obj
 0001:00035ee0       ec_GF2m_simple_point_set_affine_coordinates 00046ee0 f   libeay32:ec2_smpl.obj
 0001:00035fac       ec_GF2m_simple_point_get_affine_coordinates 00046fac f   libeay32:ec2_smpl.obj
 0001:0003609c       ec_GF2m_simple_add         0004709c f   libeay32:ec2_smpl.obj
 0001:000364a0       ec_GF2m_simple_dbl         000474a0 f   libeay32:ec2_smpl.obj
 0001:000364c4       ec_GF2m_simple_invert      000474c4 f   libeay32:ec2_smpl.obj
 0001:00036530       ec_GF2m_simple_is_at_infinity 00047530 f   libeay32:ec2_smpl.obj
 0001:00036544       ec_GF2m_simple_is_on_curve 00047544 f   libeay32:ec2_smpl.obj
 0001:000366d4       ec_GF2m_simple_cmp         000476d4 f   libeay32:ec2_smpl.obj
 0001:00036860       ec_GF2m_simple_make_affine 00047860 f   libeay32:ec2_smpl.obj
 0001:00036964       ec_GF2m_simple_points_make_affine 00047964 f   libeay32:ec2_smpl.obj
 0001:000369cc       ec_GF2m_simple_field_mul   000479cc f   libeay32:ec2_smpl.obj
 0001:00036a08       ec_GF2m_simple_field_sqr   00047a08 f   libeay32:ec2_smpl.obj
 0001:00036a2c       ec_GF2m_simple_field_div   00047a2c f   libeay32:ec2_smpl.obj
 0001:00036a68       EC_GF2m_simple_method      00047a68 f   libeay32:ec2_smpl.obj
 0001:00036a74       EC_POINT_set_compressed_coordinates_GFp 00047a74 f   libeay32:ec_oct.obj
 0001:00036b6c       EC_POINT_set_compressed_coordinates_GF2m 00047b6c f   libeay32:ec_oct.obj
 0001:00036c64       EC_POINT_point2oct         00047c64 f   libeay32:ec_oct.obj
 0001:00036d74       EC_POINT_oct2point         00047d74 f   libeay32:ec_oct.obj
 0001:00036efc       PKCS7_it                   00047efc f   libeay32:pk7_asn1.obj
 0001:00036f08       PKCS7_SIGNED_it            00047f08 f   libeay32:pk7_asn1.obj
 0001:00036f34       PKCS7_SIGNER_INFO_it       00047f34 f   libeay32:pk7_asn1.obj
 0001:00036f40       PKCS7_ISSUER_AND_SERIAL_it 00047f40 f   libeay32:pk7_asn1.obj
 0001:00036f4c       PKCS7_ENVELOPE_it          00047f4c f   libeay32:pk7_asn1.obj
 0001:00036f78       PKCS7_RECIP_INFO_it        00047f78 f   libeay32:pk7_asn1.obj
 0001:00036f84       PKCS7_ENC_CONTENT_it       00047f84 f   libeay32:pk7_asn1.obj
 0001:00036f90       PKCS7_SIGN_ENVELOPE_it     00047f90 f   libeay32:pk7_asn1.obj
 0001:00036f9c       PKCS7_ENCRYPT_it           00047f9c f   libeay32:pk7_asn1.obj
 0001:00036fa8       PKCS7_DIGEST_it            00047fa8 f   libeay32:pk7_asn1.obj
 0001:00036fb4       PKCS7_ATTR_SIGN_it         00047fb4 f   libeay32:pk7_asn1.obj
 0001:00036fc0       X509_CINF_it               00047fc0 f   libeay32:x_x509.obj
 0001:000370bc       X509_it                    000480bc f   libeay32:x_x509.obj
 0001:000370c8       X509_free                  000480c8 f   libeay32:x_x509.obj
 0001:000370e0       X509_REVOKED_it            000480e0 f   libeay32:x_crl.obj
 0001:000370ec       X509_CRL_INFO_it           000480ec f   libeay32:x_crl.obj
 0001:0003737c       X509_CRL_it                0004837c f   libeay32:x_crl.obj
 0001:000377fc       X509_NAME_ENTRY_it         000487fc f   libeay32:x_name.obj
 0001:00037808       X509_NAME_ENTRY_new        00048808 f   libeay32:x_name.obj
 0001:00037820       X509_NAME_ENTRY_free       00048820 f   libeay32:x_name.obj
 0001:00037838       X509_NAME_ENTRY_dup        00048838 f   libeay32:x_name.obj
 0001:00037854       X509_NAME_ENTRIES_it       00048854 f   libeay32:x_name.obj
 0001:00037860       X509_NAME_it               00048860 f   libeay32:x_name.obj
 0001:0003786c       i2d_X509_NAME              0004886c f   libeay32:x_name.obj
 0001:00037884       X509_NAME_new              00048884 f   libeay32:x_name.obj
 0001:0003789c       X509_NAME_free             0004889c f   libeay32:x_name.obj
 0001:000378b4       X509_NAME_dup              000488b4 f   libeay32:x_name.obj
 0001:00038140       ASN1_TIME_it               00049140 f   libeay32:a_time.obj
 0001:0003814c       ASN1_TIME_free             0004914c f   libeay32:a_time.obj
 0001:00038164       ASN1_TIME_adj              00049164 f   libeay32:a_time.obj
 0001:00038234       ASN1_TIME_check            00049234 f   libeay32:a_time.obj
 0001:00038270       CMS_signed_get_attr_count  00049270 f   libeay32:cms_att.obj
 0001:00038284       CMS_signed_get_attr_by_NID 00049284 f   libeay32:cms_att.obj
 0001:00038298       CMS_signed_add1_attr_by_NID 00049298 f   libeay32:cms_att.obj
 0001:000382c8       X509_time_adj_ex           000492c8 f   libeay32:x509_vfy.obj
 0001:00038364       X509_gmtime_adj            00049364 f   libeay32:x509_vfy.obj
 0001:00038380       EVP_SignFinal              00049380 f   libeay32:p_sign.obj
 0001:0003854c       X509_NAME_oneline          0004954c f   libeay32:x509_obj.obj
 0001:00039404       X509_NAME_print_ex         0004a404 f   libeay32:a_strex.obj
 0001:00039448       ASN1_STRING_to_UTF8        0004a448 f   libeay32:a_strex.obj
 0001:000394d8       ENGINE_get_cipher_engine   0004a4d8 f   libeay32:tb_cipher.obj
 0001:000394f4       ENGINE_get_cipher          0004a4f4 f   libeay32:tb_cipher.obj
 0001:00039558       ASN1_PRINTABLE_type        0004a558 f   libeay32:a_print.obj
 0001:0003966c       ASN1_STRING_TABLE_get      0004a66c f   libeay32:a_strnid.obj
 0001:000396e8       ASN1_STRING_set_by_NID     0004a6e8 f   libeay32:a_strnid.obj
 0001:000397a8       i2v_GENERAL_NAME           0004a7a8 f   libeay32:v3_alt.obj
 0001:00039978       GENERAL_NAME_print         0004a978 f   libeay32:v3_alt.obj
 0001:00039f7c       i2v_GENERAL_NAMES          0004af7c f   libeay32:v3_alt.obj
 0001:00039ff0       a2i_GENERAL_NAME           0004aff0 f   libeay32:v3_alt.obj
 0001:0003a278       v2i_GENERAL_NAME_ex        0004b278 f   libeay32:v3_alt.obj
 0001:0003a3ec       v2i_GENERAL_NAME           0004b3ec f   libeay32:v3_alt.obj
 0001:0003a6a8       v2i_GENERAL_NAMES          0004b6a8 f   libeay32:v3_alt.obj
 0001:0003a778       X509v3_get_ext_count       0004b778 f   libeay32:x509_v3.obj
 0001:0003a798       X509v3_get_ext_by_OBJ      0004b798 f   libeay32:x509_v3.obj
 0001:0003a7fc       X509v3_get_ext             0004b7fc f   libeay32:x509_v3.obj
 0001:0003a844       X509_EXTENSION_get_object  0004b844 f   libeay32:x509_v3.obj
 0001:0003a854       X509_EXTENSION_get_critical 0004b854 f   libeay32:x509_v3.obj
 0001:0003a874       X509v3_get_ext_by_NID      0004b874 f   libeay32:x509_v3.obj
 0001:0003a8b0       DSO_convert_filename       0004b8b0 f   libeay32:dso_lib.obj
 0001:0003a9f0       CONF_set_nconf             0004b9f0 f   libeay32:conf_lib.obj
 0001:0003aa34       NCONF_get_section          0004ba34 f   libeay32:conf_lib.obj
 0001:0003aab0       NCONF_get_string           0004bab0 f   libeay32:conf_lib.obj
 0001:0003ab48       CONF_get_section           0004bb48 f   libeay32:conf_lib.obj
 0001:0003ab84       CONF_get_string            0004bb84 f   libeay32:conf_lib.obj
 0001:0003abc8       CONF_free                  0004bbc8 f   libeay32:conf_lib.obj
 0001:0003af18       DIST_POINT_NAME_it         0004bf18 f   libeay32:v3_crld.obj
 0001:0003af24       DIST_POINT_it              0004bf24 f   libeay32:v3_crld.obj
 0001:0003af30       DIST_POINT_free            0004bf30 f   libeay32:v3_crld.obj
 0001:0003af48       CRL_DIST_POINTS_it         0004bf48 f   libeay32:v3_crld.obj
 0001:0003af54       CRL_DIST_POINTS_free       0004bf54 f   libeay32:v3_crld.obj
 0001:0003af6c       ISSUING_DIST_POINT_it      0004bf6c f   libeay32:v3_crld.obj
 0001:0003af78       ISSUING_DIST_POINT_free    0004bf78 f   libeay32:v3_crld.obj
 0001:0003b2c0       DIST_POINT_set_dpname      0004c2c0 f   libeay32:v3_crld.obj
 0001:0003b9fc       POLICY_MAPPING_it          0004c9fc f   libeay32:v3_pmaps.obj
 0001:0003ba08       POLICY_MAPPINGS_it         0004ca08 f   libeay32:v3_pmaps.obj
 0001:0003ba14       POLICY_MAPPING_free        0004ca14 f   libeay32:v3_pmaps.obj
 0001:0003bc98       GENERAL_SUBTREE_it         0004cc98 f   libeay32:v3_ncons.obj
 0001:0003bca4       NAME_CONSTRAINTS_it        0004cca4 f   libeay32:v3_ncons.obj
 0001:0003bcb0       NAME_CONSTRAINTS_free      0004ccb0 f   libeay32:v3_ncons.obj
 0001:0003d068       POLICY_CONSTRAINTS_it      0004e068 f   libeay32:v3_pcons.obj
 0001:0003d228       EXTENDED_KEY_USAGE_it      0004e228 f   libeay32:v3_extku.obj
 0001:0003d3c8       SXNETID_it                 0004e3c8 f   libeay32:v3_sxnet.obj
 0001:0003d3d4       SXNET_it                   0004e3d4 f   libeay32:v3_sxnet.obj
 0001:0003d4b0       SXNET_get_id_INTEGER       0004e4b0 f   libeay32:v3_sxnet.obj
 0001:0003d520       SXNET_add_id_INTEGER       0004e520 f   libeay32:v3_sxnet.obj
 0001:0003d6c8       SXNET_add_id_asc           0004e6c8 f   libeay32:v3_sxnet.obj
 0001:0003d7b4       i2s_ASN1_ENUMERATED_TABLE  0004e7b4 f   libeay32:v3_enum.obj
 0001:0003dba8       CERTIFICATEPOLICIES_it     0004eba8 f   libeay32:v3_cpols.obj
 0001:0003dbb4       POLICYINFO_it              0004ebb4 f   libeay32:v3_cpols.obj
 0001:0003dbc0       POLICYINFO_free            0004ebc0 f   libeay32:v3_cpols.obj
 0001:0003dbe4       POLICYQUALINFO_it          0004ebe4 f   libeay32:v3_cpols.obj
 0001:0003dbf0       POLICYQUALINFO_free        0004ebf0 f   libeay32:v3_cpols.obj
 0001:0003dc08       USERNOTICE_it              0004ec08 f   libeay32:v3_cpols.obj
 0001:0003dc14       NOTICEREF_it               0004ec14 f   libeay32:v3_cpols.obj
 0001:0003e8a8       BASIC_CONSTRAINTS_it       0004f8a8 f   libeay32:v3_bcons.obj
 0001:0003e8b4       BASIC_CONSTRAINTS_free     0004f8b4 f   libeay32:v3_bcons.obj
 0001:0003ea58       PKEY_USAGE_PERIOD_it       0004fa58 f   libeay32:v3_pku.obj
 0001:0003eb14       i2v_ASN1_BIT_STRING        0004fb14 f   libeay32:v3_bitst.obj
 0001:0003eb78       v2i_ASN1_BIT_STRING        0004fb78 f   libeay32:v3_bitst.obj
 0001:0003ecf8       i2s_ASN1_OCTET_STRING      0004fcf8 f   libeay32:v3_skey.obj
 0001:0003ed14       s2i_ASN1_OCTET_STRING      0004fd14 f   libeay32:v3_skey.obj
 0001:0003f040       X509V3_get_section         00050040 f   libeay32:v3_conf.obj
 0001:0003f0b0       X509V3_section_free        000500b0 f   libeay32:v3_conf.obj
 0001:0003f14c       X509_REQ_INFO_it           0005014c f   libeay32:x_req.obj
 0001:0003f158       X509_digest                00050158 f   libeay32:x_all.obj
 0001:0003f194       X509_CRL_digest            00050194 f   libeay32:x_all.obj
[...]
 0001:00031cc0       check_purpose_ns_ssl_server 00042cc0 f   libeay32:v3_purp.obj
 0001:00031d00       purpose_smime              00042d00 f   libeay32:v3_purp.obj
 0001:00031d8c       check_purpose_smime_sign   00042d8c f   libeay32:v3_purp.obj
 0001:00031dd4       check_purpose_smime_encrypt 00042dd4 f   libeay32:v3_purp.obj
 0001:00031e1c       check_purpose_crl_sign     00042e1c f   libeay32:v3_purp.obj
 0001:00031e70       ocsp_helper                00042e70 f   libeay32:v3_purp.obj
 0001:00031e98       check_purpose_timestamp_sign 00042e98 f   libeay32:v3_purp.obj
 0001:00031f34       no_check                   00042f34 f   libeay32:v3_purp.obj
 0001:0003257c       kek_unwrap_key             0004357c f   libeay32:cms_pwri.obj
 0001:00032700       kek_wrap_key               00043700 f   libeay32:cms_pwri.obj
 0001:00032b78       RSA_eay_public_encrypt     00043b78 f   libeay32:rsa_eay.obj
 0001:00032ec8       rsa_get_blinding           00043ec8 f   libeay32:rsa_eay.obj
 0001:00033038       rsa_blinding_convert       00044038 f   libeay32:rsa_eay.obj
 0001:000330c0       RSA_eay_private_encrypt    000440c0 f   libeay32:rsa_eay.obj
 0001:0003352c       RSA_eay_private_decrypt    0004452c f   libeay32:rsa_eay.obj
 0001:0003399c       RSA_eay_public_decrypt     0004499c f   libeay32:rsa_eay.obj
 0001:00033d14       RSA_eay_mod_exp            00044d14 f   libeay32:rsa_eay.obj
 0001:00034330       RSA_eay_init               00045330 f   libeay32:rsa_eay.obj
 0001:00034348       RSA_eay_finish             00045348 f   libeay32:rsa_eay.obj
 0001:00036e6c       PKCS7_adb                  00047e6c f   libeay32:pk7_asn1.obj
 0001:00036e78       pk7_cb                     00047e78 f   libeay32:pk7_asn1.obj
 0001:00036f14       si_cb                      00047f14 f   libeay32:pk7_asn1.obj
 0001:00036f58       ri_cb                      00047f58 f   libeay32:pk7_asn1.obj
 0001:00036fcc       x509_cb                    00047fcc f   libeay32:x_x509.obj
 0001:000370f8       crl_set_issuers            000480f8 f   libeay32:x_crl.obj
 0001:00037284       setup_idp                  00048284 f   libeay32:x_crl.obj
 0001:00037388       X509_REVOKED_cmp           00048388 f   libeay32:x_crl.obj
 0001:000373a8       def_crl_verify             000483a8 f   libeay32:x_crl.obj
 0001:000373dc       def_crl_lookup             000483dc f   libeay32:x_crl.obj
 0001:00037568       crl_inf_cb                 00048568 f   libeay32:x_crl.obj
 0001:000375a4       crl_cb                     000485a4 f   libeay32:x_crl.obj
 0001:000378d0       x509_name_ex_new           000488d0 f   libeay32:x_name.obj
 0001:00037984       x509_name_ex_free          00048984 f   libeay32:x_name.obj
 0001:000379dc       local_sk_X509_NAME_ENTRY_free 000489dc f   libeay32:x_name.obj
 0001:000379ec       local_sk_X509_NAME_ENTRY_pop_free 000489ec f   libeay32:x_name.obj
 0001:00037a04       x509_name_encode           00048a04 f   libeay32:x_name.obj
 0001:00037b6c       x509_name_ex_print         00048b6c f   libeay32:x_name.obj
 0001:00037b98       asn1_string_canon          00048b98 f   libeay32:x_name.obj
 0001:00037d04       i2d_name_canon             00048d04 f   libeay32:x_name.obj
 0001:00037d90       x509_name_canon            00048d90 f   libeay32:x_name.obj
 0001:00037f14       x509_name_ex_d2i           00048f14 f   libeay32:x_name.obj
 0001:000380d0       x509_name_ex_i2d           000490d0 f   libeay32:x_name.obj
 0001:000388fc       send_bio_chars             000498fc f   libeay32:a_strex.obj
 0001:0003892c       do_esc_char                0004992c f   libeay32:a_strex.obj
 0001:00038b18       do_buf                     00049b18 f   libeay32:a_strex.obj
 0001:00038cc4       do_hex_dump                00049cc4 f   libeay32:a_strex.obj
 0001:00038d50       do_dump                    00049d50 f   libeay32:a_strex.obj
 0001:00038e3c       do_print_ex                00049e3c f   libeay32:a_strex.obj
 0001:0003900c       do_indent                  0004a00c f   libeay32:a_strex.obj
 0001:0003906c       do_name_ex                 0004a06c f   libeay32:a_strex.obj
 0001:0003965c       table_cmp_BSEARCH_CMP_FN   0004a65c f   libeay32:a_strnid.obj
 0001:00039b20       copy_issuer                0004ab20 f   libeay32:v3_alt.obj
 0001:00039c50       copy_email                 0004ac50 f   libeay32:v3_alt.obj
 0001:00039de4       do_othername               0004ade4 f   libeay32:v3_alt.obj
 0001:00039ec0       do_dirname                 0004aec0 f   libeay32:v3_alt.obj
 0001:0003a41c       v2i_issuer_alt             0004b41c f   libeay32:v3_alt.obj
 0001:0003a540       v2i_subject_alt            0004b540 f   libeay32:v3_alt.obj
 0001:0003abfc       init                       0004bbfc f   libeay32:m_md5.obj
 0001:0003ac10       update                     0004bc10 f   libeay32:m_md5.obj
 0001:0003ac24       final                      0004bc24 f   libeay32:m_md5.obj
 0001:0003ac40       gnames_from_sectname       0004bc40 f   libeay32:v3_crld.obj
 0001:0003acf4       set_reasons                0004bcf4 f   libeay32:v3_crld.obj
 0001:0003adfc       print_reasons              0004bdfc f   libeay32:v3_crld.obj
 0001:0003aed4       dpn_cb                     0004bed4 f   libeay32:v3_crld.obj
 0001:0003af90       print_gens                 0004bf90 f   libeay32:v3_crld.obj
 0001:0003b018       print_distpoint            0004c018 f   libeay32:v3_crld.obj
 0001:0003b0c0       i2r_idp                    0004c0c0 f   libeay32:v3_crld.obj
 0001:0003b1f0       i2r_crldp                  0004c1f0 f   libeay32:v3_crld.obj
 0001:0003b384       set_dist_point_name        0004c384 f   libeay32:v3_crld.obj
 0001:0003b570       crldp_from_section         0004c570 f   libeay32:v3_crld.obj
 0001:0003b65c       v2i_crld                   0004c65c f   libeay32:v3_crld.obj
 0001:0003b81c       v2i_idp                    0004c81c f   libeay32:v3_crld.obj
 0001:0003b9e8       s2i_asn1_int               0004c9e8 f   libeay32:v3_int.obj
 0001:0003ba2c       i2v_POLICY_MAPPINGS        0004ca2c f   libeay32:v3_pmaps.obj
 0001:0003bab8       v2i_POLICY_MAPPINGS        0004cab8 f   libeay32:v3_pmaps.obj
 0001:0003bcc8       v2i_NAME_CONSTRAINTS       0004ccc8 f   libeay32:v3_ncons.obj
 0001:0003be7c       do_i2r_name_constraints    0004ce7c f   libeay32:v3_ncons.obj
 0001:0003c02c       i2r_NAME_CONSTRAINTS       0004d02c f   libeay32:v3_ncons.obj
 0001:0003c088       i2r_pci                    0004d088 f   libeay32:v3_pci.obj
 0001:0003c168       process_pci_value          0004d168 f   libeay32:v3_pci.obj
 0001:0003c898       r2i_pci                    0004d898 f   libeay32:v3_pci.obj
 0001:0003cbe0       i2r_ocsp_crlid             0004dbe0 f   libeay32:v3_ocsp.obj
 0001:0003cd18       i2r_ocsp_acutoff           0004dd18 f   libeay32:v3_ocsp.obj
 0001:0003cd78       i2r_object                 0004dd78 f   libeay32:v3_ocsp.obj
 0001:0003cdd8       ocsp_nonce_new             0004ddd8 f   libeay32:v3_ocsp.obj
 0001:0003cde8       i2d_ocsp_nonce             0004dde8 f   libeay32:v3_ocsp.obj
 0001:0003ce24       d2i_ocsp_nonce             0004de24 f   libeay32:v3_ocsp.obj
 0001:0003ced8       ocsp_nonce_free            0004ded8 f   libeay32:v3_ocsp.obj
 0001:0003cee8       i2r_ocsp_nonce             0004dee8 f   libeay32:v3_ocsp.obj
 0001:0003cf4c       i2r_ocsp_nocheck           0004df4c f   libeay32:v3_ocsp.obj
 0001:0003cf54       s2i_ocsp_nocheck           0004df54 f   libeay32:v3_ocsp.obj
 0001:0003cf64       i2r_ocsp_serviceloc        0004df64 f   libeay32:v3_ocsp.obj
 0001:0003d074       i2v_POLICY_CONSTRAINTS     0004e074 f   libeay32:v3_pcons.obj
 0001:0003d0b8       v2i_POLICY_CONSTRAINTS     0004e0b8 f   libeay32:v3_pcons.obj
 0001:0003d234       i2v_EXTENDED_KEY_USAGE     0004e234 f   libeay32:v3_extku.obj
 0001:0003d2ac       v2i_EXTENDED_KEY_USAGE     0004e2ac f   libeay32:v3_extku.obj
 0001:0003d3e0       sxnet_i2r                  0004e3e0 f   libeay32:v3_sxnet.obj
 0001:0003d734       sxnet_v2i                  0004e734 f   libeay32:v3_sxnet.obj
 0001:0003d810       i2v_AUTHORITY_KEYID        0004e810 f   libeay32:v3_akey.obj
 0001:0003d8c8       v2i_AUTHORITY_KEYID        0004e8c8 f   libeay32:v3_akey.obj
 0001:0003dbd8       POLICYQUALINFO_adb         0004ebd8 f   libeay32:v3_cpols.obj
 0001:0003dc20       nref_nos                   0004ec20 f   libeay32:v3_cpols.obj
 0001:0003dcfc       notice_section             0004ecfc f   libeay32:v3_cpols.obj
 0001:0003dfe0       print_qualifiers           0004efe0 f   libeay32:v3_cpols.obj
 0001:0003e1d0       policy_section             0004f1d0 f   libeay32:v3_cpols.obj
 0001:0003e53c       i2r_certpol                0004f53c f   libeay32:v3_cpols.obj
 0001:0003e5e0       r2i_certpol                0004f5e0 f   libeay32:v3_cpols.obj
 0001:0003e8cc       i2v_BASIC_CONSTRAINTS      0004f8cc f   libeay32:v3_bcons.obj
 0001:0003e910       v2i_BASIC_CONSTRAINTS      0004f910 f   libeay32:v3_bcons.obj
 0001:0003ea64       i2r_PKEY_USAGE_PERIOD      0004fa64 f   libeay32:v3_pku.obj
 0001:0003ed98       s2i_skey_id                0004fd98 f   libeay32:v3_skey.obj
 0001:0003ef1c       i2s_ASN1_IA5STRING         0004ff1c f   libeay32:v3_ia5.obj
 0001:0003efa4       s2i_ASN1_IA5STRING         0004ffa4 f   libeay32:v3_ia5.obj
 0001:0003f0d8       nconf_get_string           000500d8 f   libeay32:v3_conf.obj
 0001:0003f0e8       nconf_get_section          000500e8 f   libeay32:v3_conf.obj
 0001:0003f0f8       conf_lhash_get_string      000500f8 f   libeay32:v3_conf.obj
 0001:0003f108       conf_lhash_get_section     00050108 f   libeay32:v3_conf.obj
 0001:0003f118       rinf_cb                    00050118 f   libeay32:x_req.obj
 0001:0003f6c0       ecdh_compute_key           000506c0 f   libeay32:ech_ossl.obj
 0001:000409ac       md_new                     000519ac f   libeay32:bio_md.obj
 0001:000409e0       md_free                    000519e0 f   libeay32:bio_md.obj
 0001:00040a18       md_read                    00051a18 f   libeay32:bio_md.obj
 0001:00040aa8       md_write                   00051aa8 f   libeay32:bio_md.obj
 0001:00040b58       md_ctrl                    00051b58 f   libeay32:bio_md.obj
 0001:00040ca4       md_callback_ctrl           00051ca4 f   libeay32:bio_md.obj
 0001:00040ccc       md_gets                    00051ccc f   libeay32:bio_md.obj
 0001:00040da8       mem_new                    00051da8 f   libeay32:bss_mem.obj
 0001:00040de4       mem_free                   00051de4 f   libeay32:bss_mem.obj
 0001:00040e40       mem_read                   00051e40 f   libeay32:bss_mem.obj
 0001:00040ef4       mem_write                  00051ef4 f   libeay32:bss_mem.obj
 0001:00040fac       mem_ctrl                   00051fac f   libeay32:bss_mem.obj
 0001:000410ec       mem_gets                   000520ec f   libeay32:bss_mem.obj
 0001:00041178       mem_puts                   00052178 f   libeay32:bss_mem.obj
 0001:000411b0       null_new                   000521b0 f   libeay32:bss_null.obj
 0001:000411cc       null_free                  000521cc f   libeay32:bss_null.obj
 0001:000411dc       null_read                  000521dc f   libeay32:bss_null.obj
 0001:000411e4       null_write                 000521e4 f   libeay32:bss_null.obj
 0001:000411ec       null_ctrl                  000521ec f   libeay32:bss_null.obj
 0001:0004122c       null_gets                  0005222c f   libeay32:bss_null.obj
 0001:00041234       null_puts                  00052234 f   libeay32:bss_null.obj
 0001:0004137c       enc_new                    0005237c f   libeay32:bio_enc.obj
 0001:000413e8       enc_free                   000523e8 f   libeay32:bio_enc.obj
 0001:0004143c       enc_read                   0005243c f   libeay32:bio_enc.obj
 0001:000415dc       enc_write                  000525dc f   libeay32:bio_enc.obj
 0001:00041724       enc_ctrl                   00052724 f   libeay32:bio_enc.obj
 0001:00041920       enc_callback_ctrl          00052920 f   libeay32:bio_enc.obj
 0001:0004347c       gf2m_Mdouble               0005447c f   libeay32:ec2_mult.obj
 0001:000435d8       gf2m_Madd                  000545d8 f   libeay32:ec2_mult.obj
 0001:00043750       gf2m_Mxy                   00054750 f   libeay32:ec2_mult.obj
 0001:00043afc       ec_GF2m_montgomery_point_multiply 00054afc f   libeay32:ec2_mult.obj
 0001:00044098       bn_GF2m_mul_1x1            00055098 f   libeay32:bn_gf2m.obj
 0001:00046a68       PKCS7_get_octet_string     00057a68 f   libeay32:pk7_doit.obj
 0001:00046ac8       PKCS7_bio_add_digest       00057ac8 f   libeay32:pk7_doit.obj
 0001:00046bbc       pkcs7_encode_rinfo         00057bbc f   libeay32:pk7_doit.obj
 0001:0004717c       PKCS7_find_digest          0005817c f   libeay32:pk7_doit.obj
 0001:00047400       get_attribute              00058400 f   libeay32:pk7_doit.obj
 0001:000474a8       add_attribute              000584a8 f   libeay32:pk7_doit.obj
 0001:000475c4       do_pkcs7_signed_attrib     000585c4 f   libeay32:pk7_doit.obj
 0001:00048484       julian_to_date             00059484 f   libeay32:o_time.obj
 0001:000487e4       trust_compat               000597e4 f   libeay32:x509_trs.obj
 0001:00048818       obj_trust                  00059818 f   libeay32:x509_trs.obj
 0001:000488e8       trust_1oidany              000598e8 f   libeay32:x509_trs.obj
 0001:00048954       trust_1oid                 00059954 f   libeay32:x509_trs.obj
 0001:00048edc       traverse_string            00059edc f   libeay32:a_mbstr.obj
 0001:00048fdc       in_utf8                    00059fdc f   libeay32:a_mbstr.obj
 0001:00048ff0       out_utf8                   00059ff0 f   libeay32:a_mbstr.obj
 0001:00049024       cpy_asc                    0005a024 f   libeay32:a_mbstr.obj
 0001:00049044       cpy_bmp                    0005a044 f   libeay32:a_mbstr.obj
 0001:00049074       cpy_univ                   0005a074 f   libeay32:a_mbstr.obj
 0001:000490b4       cpy_utf8                   0005a0b4 f   libeay32:a_mbstr.obj
 0001:000490e8       type_str                   0005a0e8 f   libeay32:a_mbstr.obj
 0001:000496cc       parse_tagging              0005a6cc f   libeay32:asn1_gen.obj
 0001:0004980c       append_exp                 0005a80c f   libeay32:asn1_gen.obj
 0001:000498e8       bitstr_cb                  0005a8e8 f   libeay32:asn1_gen.obj
 0001:000499b4       asn1_cb                    0005a9b4 f   libeay32:asn1_gen.obj
 0001:00049dfc       asn1_str2type              0005adfc f   libeay32:asn1_gen.obj
 0001:0004a618       asn1_multi                 0005b618 f   libeay32:asn1_gen.obj
 0001:0004a778       def_create                 0005b778 f   libeay32:conf_def.obj
 0001:0004a7cc       def_init_default           0005b7cc f   libeay32:conf_def.obj
 0001:0004a7f4       def_init_WIN32             0005b7f4 f   libeay32:conf_def.obj
 0001:0004a81c       def_destroy_data           0005b81c f   libeay32:conf_def.obj
 0001:0004a840       str_copy                   0005b840 f   libeay32:conf_def.obj
 0001:0004abec       dump_value_LHASH_DOALL_ARG 0005bbec f   libeay32:conf_def.obj
 0001:0004ac40       def_dump                   0005bc40 f   libeay32:conf_def.obj
 0001:0004ac64       def_is_number              0005bc64 f   libeay32:conf_def.obj
 0001:0004ac7c       def_to_int                 0005bc7c f   libeay32:conf_def.obj
 0001:0004ac84       def_destroy                0005bc84 f   libeay32:conf_def.obj
 0001:0004acb8       clear_comments             0005bcb8 f   libeay32:conf_def.obj
 0001:0004ae04       def_load_bio               0005be04 f   libeay32:conf_def.obj
 0001:0004b63c       def_load                   0005c63c f   libeay32:conf_def.obj
 0001:0004b884       conf_value_LHASH_HASH      0005c884 f   libeay32:conf_api.obj
 0001:0004b8ac       conf_value_LHASH_COMP      0005c8ac f   libeay32:conf_api.obj
 0001:0004ba50       value_free_hash_LHASH_DOALL_ARG 0005ca50 f   libeay32:conf_api.obj
 0001:0004ba74       value_free_stack_LHASH_DOALL 0005ca74 f   libeay32:conf_api.obj
 0001:0004f238       nist_cp_bn_0               00060238 f   libeay32:bn_nist.obj
 0001:000511a0       LoadLibraryA               000621a0 f   libeay32:dso_win32.obj
 0001:00051240       win32_load                 00062240 f   libeay32:dso_win32.obj
 0001:0005137c       win32_unload               0006237c f   libeay32:dso_win32.obj
 0001:00051450       win32_bind_var             00062450 f   libeay32:dso_win32.obj
 0001:00051564       win32_bind_func            00062564 f   libeay32:dso_win32.obj
 0001:00051678       win32_splitter             00062678 f   libeay32:dso_win32.obj
 0001:000518ac       win32_name_converter       000628ac f   libeay32:dso_win32.obj
 0001:00051994       win32_pathbyaddr           00062994 f   libeay32:dso_win32.obj
 0001:00051bbc       win32_globallookup         00062bbc f   libeay32:dso_win32.obj
 0001:00051d54       win32_joiner               00062d54 f   libeay32:dso_win32.obj
 0001:0005208c       win32_merger               0006308c f   libeay32:dso_win32.obj
 0001:000528e4       asn1_bio_free              000638e4 f   libeay32:bio_asn1.obj
 0001:00052934       asn1_bio_flush_ex          00063934 f   libeay32:bio_asn1.obj
 0001:000529d8       asn1_bio_read              000639d8 f   libeay32:bio_asn1.obj
 0001:00052a00       asn1_bio_gets              00063a00 f   libeay32:bio_asn1.obj
 0001:00052a28       asn1_bio_callback_ctrl     00063a28 f   libeay32:bio_asn1.obj
 0001:00052a50       asn1_bio_ctrl              00063a50 f   libeay32:bio_asn1.obj
 0001:00052bf8       asn1_bio_new               00063bf8 f   libeay32:bio_asn1.obj
 0001:00052c94       asn1_bio_write             00063c94 f   libeay32:bio_asn1.obj
 0001:00052ec8       asn1_bio_puts              00063ec8 f   libeay32:bio_asn1.obj
 0001:00052ef4       b64_new                    00063ef4 f   libeay32:bio_b64.obj
 0001:00052f64       b64_free                   00063f64 f   libeay32:bio_b64.obj
 0001:00052f9c       b64_read                   00063f9c f   libeay32:bio_b64.obj
 0001:00053440       b64_write                  00064440 f   libeay32:bio_b64.obj
 0001:00053880       b64_ctrl                   00064880 f   libeay32:bio_b64.obj
 0001:00053a98       b64_callback_ctrl          00064a98 f   libeay32:bio_b64.obj
 0001:00053ac0       b64_puts                   00064ac0 f   libeay32:bio_b64.obj
 0001:00053aec       buffer_new                 00064aec f   libeay32:bf_buff.obj
 0001:00053ba0       buffer_free                00064ba0 f   libeay32:bf_buff.obj
 0001:00053bfc       buffer_read                00064bfc f   libeay32:bf_buff.obj
 0001:00053d3c       buffer_write               00064d3c f   libeay32:bf_buff.obj
 0001:00053efc       buffer_ctrl                00064efc f   libeay32:bf_buff.obj
 0001:000542d4       buffer_callback_ctrl       000652d4 f   libeay32:bf_buff.obj
 0001:000542fc       buffer_gets                000652fc f   libeay32:bf_buff.obj
 0001:00054404       buffer_puts                00065404 f   libeay32:bf_buff.obj
 0001:0005443c       PKCS12_BAGS_adb            0006543c f   libeay32:p12_asn.obj
 0001:00054454       PKCS12_SAFEBAG_adb         00065454 f   libeay32:p12_asn.obj
 0001:00054510       write_string               00065510 f   libeay32:ui_openssl.obj
 0001:00054558       open_console               00065558 f   libeay32:ui_openssl.obj
 0001:000545e4       close_console              000655e4 f   libeay32:ui_openssl.obj
 0001:00054648       read_string                00065648 f   libeay32:ui_openssl.obj
 0001:00054758       cmp64                      00065758 f   wcecompatex:time.obj
 0001:000547a4       topBit                     000657a4 f   wcecompatex:time.obj
 0001:00054930       div64                      00065930 f   wcecompatex:time.obj
 0001:00055500       doexit                     00066500 f   corelibc:crt0dat.obj
 0001:000556d4       ?getCmdLineArg@@YA?AW4ArgType@@PAPA_WPA_WHPAURedirArg@@PA_N@Z 000666d4 f   wcecompatex:args.obj
 0001:00055a00       ?qsort_stricmp@@YAHPBX0@Z  00066a00 f   wcecompatex:args.obj
