 rsa_test

 Timestamp is 511c9ae7 (Thu Feb 14 17:05:59 2013)

 Preferred load address is 00010000

 Start         Length     Name                   Class
 0001:00000000 000553d0H .text                   CODE
 0002:00000000 000237d8H .rdata                  DATA
 0002:000237d8 00000014H .xdata                  DATA
 0002:000237ec 00000014H .idata$2                DATA
 0002:00023800 00000014H .idata$3                DATA
 0002:00023814 00000150H .idata$4                DATA
 0002:00023964 0000000cH .idata$6                DATA
 0002:00023970 00000000H .edata                  DATA
 0003:00000000 00000150H .idata$5                DATA
 0003:00000150 00000004H .CRT$XCA                DATA
 0003:00000154 00000004H .CRT$XCZ                DATA
 0003:00000158 00000004H .CRT$XIA                DATA
 0003:0000015c 00000004H .CRT$XIZ                DATA
 0003:00000160 00000004H .CRT$XPA                DATA
 0003:00000164 00000004H .CRT$XPZ                DATA
 0003:00000168 00000004H .CRT$XTA                DATA
 0003:0000016c 00000004H .CRT$XTZ                DATA
 0003:00000170 000015f0H .data                   DATA
 0003:00001760 00002011H .bss                    DATA
 0004:00000000 000035a0H .pdata                  DATA

  Address         Publics by Value              Rva+Base     Lib:Object

 0000:00000000       ___safe_se_handler_count   00000000     <absolute>
 0000:00000000       ___safe_se_handler_table   00000000     <absolute>
 0001:000000f8       main                       000110f8 f   rsa_test.obj
 0001:00000618       BN_value_one               00011618 f   libeay32:bn_lib.obj
 0001:00000624       BN_num_bits_word           00011624 f   libeay32:bn_lib.obj
 0001:00000668       BN_num_bits                00011668 f   libeay32:bn_lib.obj
 0001:0000069c       BN_clear_free              0001169c f   libeay32:bn_lib.obj
 0001:000006f4       BN_free                    000116f4 f   libeay32:bn_lib.obj
 0001:0000074c       BN_init                    0001174c f   libeay32:bn_lib.obj
 0001:00000764       BN_new                     00011764 f   libeay32:bn_lib.obj
 0001:00000928       bn_expand2                 00011928 f   libeay32:bn_lib.obj
 0001:00000974       BN_copy                    00011974 f   libeay32:bn_lib.obj
 0001:00000a3c       BN_set_word                00011a3c f   libeay32:bn_lib.obj
 0001:00000a94       BN_bin2bn                  00011a94 f   libeay32:bn_lib.obj
 0001:00000b90       BN_bn2bin                  00011b90 f   libeay32:bn_lib.obj
 0001:00000bec       BN_ucmp                    00011bec f   libeay32:bn_lib.obj
 0001:00000c58       BN_cmp                     00011c58 f   libeay32:bn_lib.obj
 0001:00000d20       BN_set_bit                 00011d20 f   libeay32:bn_lib.obj
 0001:00000dbc       BN_is_bit_set              00011dbc f   libeay32:bn_lib.obj
 0001:00000dfc       BN_mask_bits               00011dfc f   libeay32:bn_lib.obj
 0001:00000e94       BN_set_negative            00011e94 f   libeay32:bn_lib.obj
 0001:00000eb4       BN_dup                     00011eb4 f   libeay32:bn_lib.obj
 0001:00001580       ERR_remove_thread_state    00012580 f   libeay32:err.obj
 0001:000015d4       ERR_get_state              000125d4 f   libeay32:err.obj
 0001:000016d4       ERR_set_error_data         000126d4 f   libeay32:err.obj
 0001:00001728       ERR_add_error_vdata        00012728 f   libeay32:err.obj
 0001:000017fc       ERR_set_mark               000127fc f   libeay32:err.obj
 0001:0000183c       ERR_pop_to_mark            0001283c f   libeay32:err.obj
 0001:00001a0c       ERR_put_error              00012a0c f   libeay32:err.obj
 0001:00001b00       ERR_clear_error            00012b00 f   libeay32:err.obj
 0001:00001cc8       ERR_add_error_data         00012cc8 f   libeay32:err.obj
 0001:00001ce8       ERR_get_error              00012ce8 f   libeay32:err.obj
 0001:00001d1c       ERR_peek_last_error        00012d1c f   libeay32:err.obj
 0001:00001d84       CRYPTO_mem_ctrl            00012d84 f   libeay32:mem_dbg.obj
 0001:00001ef8       CRYPTO_is_mem_check_on     00012ef8 f   libeay32:mem_dbg.obj
 0001:00001f8c       CRYPTO_dbg_set_options     00012f8c f   libeay32:mem_dbg.obj
 0001:00001f9c       CRYPTO_dbg_get_options     00012f9c f   libeay32:mem_dbg.obj
 0001:000020d8       CRYPTO_push_info_          000130d8 f   libeay32:mem_dbg.obj
 0001:000021a8       CRYPTO_pop_info            000131a8 f   libeay32:mem_dbg.obj
 0001:000021e8       CRYPTO_dbg_malloc          000131e8 f   libeay32:mem_dbg.obj
 0001:00002380       CRYPTO_dbg_free            00013380 f   libeay32:mem_dbg.obj
 0001:00002430       CRYPTO_dbg_realloc         00013430 f   libeay32:mem_dbg.obj
 0001:00002728       CRYPTO_mem_leaks           00013728 f   libeay32:mem_dbg.obj
 0001:00002844       CRYPTO_mem_leaks_fp        00013844 f   libeay32:mem_dbg.obj
 0001:00002cf8       CRYPTO_cleanup_all_ex_data 00013cf8 f   libeay32:ex_data.obj
 0001:00002d2c       CRYPTO_new_ex_data         00013d2c f   libeay32:ex_data.obj
 0001:00002d78       CRYPTO_free_ex_data        00013d78 f   libeay32:ex_data.obj
 0001:00002dc4       CRYPTO_set_ex_data         00013dc4 f   libeay32:ex_data.obj
 0001:00002e98       CRYPTO_get_ex_data         00013e98 f   libeay32:ex_data.obj
 0001:00003388       RSA_new_method             00014388 f   libeay32:rsa_lib.obj
 0001:0000356c       RSA_free                   0001456c f   libeay32:rsa_lib.obj
 0001:000036a0       RSA_new                    000146a0 f   libeay32:rsa_lib.obj
 0001:000036b4       RSA_size                   000146b4 f   libeay32:rsa_crpt.obj
 0001:000036d8       RSA_public_encrypt         000146d8 f   libeay32:rsa_crpt.obj
 0001:00003704       RSA_private_encrypt        00014704 f   libeay32:rsa_crpt.obj
 0001:00003730       RSA_private_decrypt        00014730 f   libeay32:rsa_crpt.obj
 0001:0000375c       RSA_public_decrypt         0001475c f   libeay32:rsa_crpt.obj
 0001:0000386c       RSA_setup_blinding         0001486c f   libeay32:rsa_crpt.obj
 0001:00003a40       RAND_get_rand_method       00014a40 f   libeay32:rand_lib.obj
 0001:00003aa8       RAND_seed                  00014aa8 f   libeay32:rand_lib.obj
 0001:00003adc       RAND_add                   00014adc f   libeay32:rand_lib.obj
 0001:00003b20       RAND_bytes                 00014b20 f   libeay32:rand_lib.obj
 0001:00003b68       RAND_pseudo_bytes          00014b68 f   libeay32:rand_lib.obj
 0001:00003bb0       RAND_status                00014bb0 f   libeay32:rand_lib.obj
 0001:00003c48       CRYPTO_set_mem_debug_functions 00014c48 f   libeay32:mem.obj
 0001:00003c98       CRYPTO_free_locked         00014c98 f   libeay32:mem.obj
 0001:00003cf4       CRYPTO_malloc              00014cf4 f   libeay32:mem.obj
 0001:00003dd4       CRYPTO_realloc             00014dd4 f   libeay32:mem.obj
 0001:00003ebc       CRYPTO_realloc_clean       00014ebc f   libeay32:mem.obj
 0001:00003fe0       CRYPTO_free                00014fe0 f   libeay32:mem.obj
 0001:0000403c       OPENSSL_cleanse            0001503c f   libeay32:mem_clr.obj
 0001:00004098       CRYPTO_destroy_dynlockid   00015098 f   libeay32:cryptlib.obj
 0001:0000419c       CRYPTO_get_dynlock_value   0001519c f   libeay32:cryptlib.obj
 0001:00004238       CRYPTO_THREADID_current    00015238 f   libeay32:cryptlib.obj
 0001:000042b4       CRYPTO_THREADID_cmp        000152b4 f   libeay32:cryptlib.obj
 0001:000042c8       CRYPTO_THREADID_cpy        000152c8 f   libeay32:cryptlib.obj
 0001:000042dc       CRYPTO_THREADID_hash       000152dc f   libeay32:cryptlib.obj
 0001:000042e4       OPENSSL_showfatal          000152e4 f   libeay32:cryptlib.obj
 0001:0000446c       OpenSSLDie                 0001546c f   libeay32:cryptlib.obj
 0001:000044a0       CRYPTO_memcmp              000154a0 f   libeay32:cryptlib.obj
 0001:000044dc       CRYPTO_lock                000154dc f   libeay32:cryptlib.obj
 0001:000045a8       CRYPTO_add_lock            000155a8 f   libeay32:cryptlib.obj
 0001:00004634       lh_free                    00015634 f   libeay32:lhash.obj
 0001:0000469c       lh_doall                   0001569c f   libeay32:lhash.obj
 0001:000046f0       lh_doall_arg               000156f0 f   libeay32:lhash.obj
 0001:00004a54       lh_strhash                 00015a54 f   libeay32:lhash.obj
 0001:00004ac0       lh_num_items               00015ac0 f   libeay32:lhash.obj
 0001:00004ad0       lh_new                     00015ad0 f   libeay32:lhash.obj
 0001:00004bcc       lh_insert                  00015bcc f   libeay32:lhash.obj
 0001:00004cb0       lh_delete                  00015cb0 f   libeay32:lhash.obj
 0001:00004d5c       lh_retrieve                00015d5c f   libeay32:lhash.obj
 0001:00004dac       BUF_strlcpy                00015dac f   libeay32:buf_str.obj
 0001:00004dfc       BUF_strlcat                00015dfc f   libeay32:buf_str.obj
 0001:00004e38       BUF_strndup                00015e38 f   libeay32:buf_str.obj
 0001:00004eac       BUF_strdup                 00015eac f   libeay32:buf_str.obj
 0001:00005f74       BIO_vprintf                00016f74 f   libeay32:b_print.obj
 0001:0000603c       BIO_vsnprintf              0001703c f   libeay32:b_print.obj
 0001:000060a0       BIO_printf                 000170a0 f   libeay32:b_print.obj
 0001:000060c0       BIO_snprintf               000170c0 f   libeay32:b_print.obj
 0001:000060e0       BIO_set                    000170e0 f   libeay32:bio_lib.obj
 0001:00006180       BIO_free                   00017180 f   libeay32:bio_lib.obj
 0001:00006244       BIO_clear_flags            00017244 f   libeay32:bio_lib.obj
 0001:00006254       BIO_test_flags             00017254 f   libeay32:bio_lib.obj
 0001:00006260       BIO_set_flags              00017260 f   libeay32:bio_lib.obj
 0001:00006270       BIO_read                   00017270 f   libeay32:bio_lib.obj
 0001:000063a0       BIO_write                  000173a0 f   libeay32:bio_lib.obj
 0001:000064d4       BIO_puts                   000174d4 f   libeay32:bio_lib.obj
 0001:000065fc       BIO_gets                   000175fc f   libeay32:bio_lib.obj
 0001:00006724       BIO_indent                 00017724 f   libeay32:bio_lib.obj
 0001:00006780       BIO_ctrl                   00017780 f   libeay32:bio_lib.obj
 0001:0000687c       BIO_callback_ctrl          0001787c f   libeay32:bio_lib.obj
 0001:00006980       BIO_push                   00017980 f   libeay32:bio_lib.obj
 0001:000069d4       BIO_find_type              000179d4 f   libeay32:bio_lib.obj
 0001:00006a1c       BIO_next                   00017a1c f   libeay32:bio_lib.obj
 0001:00006a2c       BIO_free_all               00017a2c f   libeay32:bio_lib.obj
 0001:00006a60       BIO_copy_next_retry        00017a60 f   libeay32:bio_lib.obj
 0001:00006a84       BIO_new                    00017a84 f   libeay32:bio_lib.obj
 0001:00006afc       BIO_int_ctrl               00017afc f   libeay32:bio_lib.obj
 0001:00006b20       BIO_s_file                 00017b20 f   libeay32:bss_file.obj
 0001:00006fa4       BIO_new_file               00017fa4 f   libeay32:bss_file.obj
 0001:000071f4       sk_set_cmp_func            000181f4 f   libeay32:stack.obj
 0001:00007210       sk_new                     00018210 f   libeay32:stack.obj
 0001:00007298       sk_insert                  00018298 f   libeay32:stack.obj
 0001:00007370       sk_delete                  00018370 f   libeay32:stack.obj
 0001:000073dc       sk_push                    000183dc f   libeay32:stack.obj
 0001:000073f0       sk_pop                     000183f0 f   libeay32:stack.obj
 0001:00007424       sk_free                    00018424 f   libeay32:stack.obj
 0001:00007450       sk_num                     00018450 f   libeay32:stack.obj
 0001:00007460       sk_value                   00018460 f   libeay32:stack.obj
 0001:0000748c       sk_set                     0001848c f   libeay32:stack.obj
 0001:000074c0       sk_sort                    000184c0 f   libeay32:stack.obj
 0001:000074fc       sk_is_sorted               000184fc f   libeay32:stack.obj
 0001:0000750c       sk_new_null                0001850c f   libeay32:stack.obj
 0001:00007520       sk_delete_ptr              00018520 f   libeay32:stack.obj
 0001:00007634       sk_find                    00018634 f   libeay32:stack.obj
 0001:00007648       sk_pop_free                00018648 f   libeay32:stack.obj
 0001:000076b0       RSA_PKCS1_SSLeay           000186b0 f   libeay32:rsa_eay.obj
 0001:00008ed0       engine_unlocked_init       00019ed0 f   libeay32:eng_init.obj
 0001:00008f28       engine_unlocked_finish     00019f28 f   libeay32:eng_init.obj
 0001:00008fec       ENGINE_init                00019fec f   libeay32:eng_init.obj
 0001:00009068       ENGINE_finish              0001a068 f   libeay32:eng_init.obj
 0001:0000910c       ENGINE_get_default_RSA     0001a10c f   libeay32:tb_rsa.obj
 0001:00009128       ENGINE_get_RSA             0001a128 f   libeay32:tb_rsa.obj
 0001:00009130       BN_BLINDING_free           0001a130 f   libeay32:bn_blind.obj
 0001:0000918c       BN_BLINDING_invert_ex      0001a18c f   libeay32:bn_blind.obj
 0001:00009210       BN_BLINDING_thread_id      0001a210 f   libeay32:bn_blind.obj
 0001:00009218       BN_BLINDING_new            0001a218 f   libeay32:bn_blind.obj
 0001:0000930c       BN_BLINDING_create_param   0001a30c f   libeay32:bn_blind.obj
 0001:000094e8       BN_BLINDING_update         0001a4e8 f   libeay32:bn_blind.obj
 0001:000095fc       BN_BLINDING_convert_ex     0001a5fc f   libeay32:bn_blind.obj
 0001:000097a8       BN_CTX_new                 0001a7a8 f   libeay32:bn_ctx.obj
 0001:00009830       BN_CTX_free                0001a830 f   libeay32:bn_ctx.obj
 0001:000098ac       BN_CTX_start               0001a8ac f   libeay32:bn_ctx.obj
 0001:0000999c       BN_CTX_end                 0001a99c f   libeay32:bn_ctx.obj
 0001:00009a2c       BN_CTX_get                 0001aa2c f   libeay32:bn_ctx.obj
 0001:00009f18       BN_gcd                     0001af18 f   libeay32:bn_gcd.obj
 0001:00009fec       BN_mod_inverse             0001afec f   libeay32:bn_gcd.obj
 0001:0000a660       bn_mul_normal              0001b660 f   libeay32:bn_mul.obj
 0001:0000a770       BN_mul                     0001b770 f   libeay32:bn_mul.obj
 0001:0000a890       BN_uadd                    0001b890 f   libeay32:bn_add.obj
 0001:0000a98c       BN_usub                    0001b98c f   libeay32:bn_add.obj
 0001:0000ab34       BN_sub                     0001bb34 f   libeay32:bn_add.obj
 0001:0000ac2c       BN_add                     0001bc2c f   libeay32:bn_add.obj
 0001:0000ace0       RAND_SSLeay                0001bce0 f   libeay32:md_rand.obj
 0001:0000b6e8       ENGINE_get_default_RAND    0001c6e8 f   libeay32:tb_rand.obj
 0001:0000b704       ENGINE_get_RAND            0001c704 f   libeay32:tb_rand.obj
 0001:0000b70c       OPENSSL_init               0001c70c f   libeay32:o_init.obj
 0001:0000b784       OBJ_nid2obj                0001c784 f   libeay32:obj_dat.obj
 0001:0000b864       OBJ_nid2sn                 0001c864 f   libeay32:obj_dat.obj
 0001:0000b948       OBJ_nid2ln                 0001c948 f   libeay32:obj_dat.obj
 0001:0000ba70       OBJ_bsearch_ex_            0001ca70 f   libeay32:obj_dat.obj
 0001:0000bb54       OBJ_bsearch_               0001cb54 f   libeay32:obj_dat.obj
 0001:0000bb7c       OBJ_obj2nid                0001cb7c f   libeay32:obj_dat.obj
 0001:0000bc44       OBJ_obj2txt                0001cc44 f   libeay32:obj_dat.obj
 0001:0000bf44       OBJ_ln2nid                 0001cf44 f   libeay32:obj_dat.obj
 0001:0000bff4       OBJ_sn2nid                 0001cff4 f   libeay32:obj_dat.obj
 0001:0000c0a4       OBJ_txt2obj                0001d0a4 f   libeay32:obj_dat.obj
 0001:0000c198       BN_mod_exp_recp            0001d198 f   libeay32:bn_exp.obj
 0001:0000c5a4       BN_mod_exp_mont_consttime  0001d5a4 f   libeay32:bn_exp.obj
 0001:0000cb48       BN_mod_exp_mont_word       0001db48 f   libeay32:bn_exp.obj
 0001:0000cf68       BN_mod_exp_mont            0001df68 f   libeay32:bn_exp.obj
 0001:0000d3c8       BN_mod_exp                 0001e3c8 f   libeay32:bn_exp.obj
 0001:0000d730       BN_from_montgomery         0001e730 f   libeay32:bn_mont.obj
 0001:0000d79c       BN_MONT_CTX_init           0001e79c f   libeay32:bn_mont.obj
 0001:0000d7d4       BN_MONT_CTX_free           0001e7d4 f   libeay32:bn_mont.obj
 0001:0000d810       BN_MONT_CTX_set            0001e810 f   libeay32:bn_mont.obj
 0001:0000d9d8       BN_MONT_CTX_copy           0001e9d8 f   libeay32:bn_mont.obj
 0001:0000da54       BN_mod_mul_montgomery      0001ea54 f   libeay32:bn_mont.obj
 0001:0000dae0       BN_MONT_CTX_new            0001eae0 f   libeay32:bn_mont.obj
 0001:0000db24       BN_MONT_CTX_set_locked     0001eb24 f   libeay32:bn_mont.obj
 0001:0000dbfc       RSA_padding_add_PKCS1_type_1 0001ebfc f   libeay32:rsa_pk1.obj
 0001:0000dc90       RSA_padding_check_PKCS1_type_1 0001ec90 f   libeay32:rsa_pk1.obj
 0001:0000ddd8       RSA_padding_add_PKCS1_type_2 0001edd8 f   libeay32:rsa_pk1.obj
 0001:0000deb0       RSA_padding_check_PKCS1_type_2 0001eeb0 f   libeay32:rsa_pk1.obj
 0001:0000dfc4       RSA_padding_add_SSLv23     0001efc4 f   libeay32:rsa_ssl.obj
 0001:0000e0ac       RSA_padding_check_SSLv23   0001f0ac f   libeay32:rsa_ssl.obj
 0001:0000e21c       RSA_padding_add_none       0001f21c f   libeay32:rsa_none.obj
 0001:0000e29c       RSA_padding_check_none     0001f29c f   libeay32:rsa_none.obj
 0001:0000e318       PKCS1_MGF1                 0001f318 f   libeay32:rsa_oaep.obj
 0001:0000e440       RSA_padding_add_PKCS1_OAEP 0001f440 f   libeay32:rsa_oaep.obj
 0001:0000e638       RSA_padding_check_PKCS1_OAEP 0001f638 f   libeay32:rsa_oaep.obj
 0001:0000e8a8       RSA_padding_add_X931       0001f8a8 f   libeay32:rsa_x931.obj
 0001:0000e954       RSA_padding_check_X931     0001f954 f   libeay32:rsa_x931.obj
 0001:0000ea7c       RSA_X931_hash_id           0001fa7c f   libeay32:rsa_x931.obj
 0001:0000eacc       BN_div                     0001facc f   libeay32:bn_div.obj
 0001:0000f080       engine_free_util           00020080 f   libeay32:eng_lib.obj
 0001:0000f140       ENGINE_free                00020140 f   libeay32:eng_lib.obj
 0001:0000f154       engine_table_select        00020154 f   libeay32:eng_table.obj
 0001:0000f2e0       engine_table_doall         000202e0 f   libeay32:eng_table.obj
 0001:0000f314       BN_nnmod                   00020314 f   libeay32:bn_mod.obj
 0001:0000f394       BN_mod_add                 00020394 f   libeay32:bn_mod.obj
 0001:0000f3d0       BN_mod_add_quick           000203d0 f   libeay32:bn_mod.obj
 0001:0000f428       BN_mod_sub_quick           00020428 f   libeay32:bn_mod.obj
 0001:0000f478       BN_mod_mul                 00020478 f   libeay32:bn_mod.obj
 0001:0000f508       BN_mod_sqr                 00020508 f   libeay32:bn_mod.obj
 0001:0000f54c       BN_mod_lshift1_quick       0002054c f   libeay32:bn_mod.obj
 0001:0000f5a4       BN_mod_lshift_quick        000205a4 f   libeay32:bn_mod.obj
 0001:0000f89c       BN_rand                    0002089c f   libeay32:bn_rand.obj
 0001:0000f8cc       BN_pseudo_rand             000208cc f   libeay32:bn_rand.obj
 0001:0000fae4       BN_rand_range              00020ae4 f   libeay32:bn_rand.obj
 0001:0000fb00       BN_pseudo_rand_range       00020b00 f   libeay32:bn_rand.obj
 0001:0000fb1c       BN_lshift1                 00020b1c f   libeay32:bn_shift.obj
 0001:0000fbf0       BN_rshift1                 00020bf0 f   libeay32:bn_shift.obj
 0001:0000fccc       BN_lshift                  00020ccc f   libeay32:bn_shift.obj
 0001:0000fdf8       BN_rshift                  00020df8 f   libeay32:bn_shift.obj
 0001:0000ff10       BN_mod_word                00020f10 f   libeay32:bn_word.obj
 0001:0000ff74       BN_div_word                00020f74 f   libeay32:bn_word.obj
 0001:0001003c       BN_add_word                0002103c f   libeay32:bn_word.obj
 0001:00010148       BN_sub_word                00021148 f   libeay32:bn_word.obj
 0001:0001024c       BN_mul_word                0002124c f   libeay32:bn_word.obj
 0001:000102d8       bn_mul_add_words           000212d8 f   libeay32:bn_asm.obj
 0001:00010330       bn_mul_words               00021330 f   libeay32:bn_asm.obj
 0001:0001037c       bn_sqr_words               0002137c f   libeay32:bn_asm.obj
 0001:000103a8       bn_div_words               000213a8 f   libeay32:bn_asm.obj
 0001:000103d8       bn_add_words               000213d8 f   libeay32:bn_asm.obj
 0001:0001042c       bn_sub_words               0002142c f   libeay32:bn_asm.obj
 0001:0001048c       EVP_MD_CTX_init            0002148c f   libeay32:digest.obj
 0001:000104a4       EVP_MD_CTX_create          000214a4 f   libeay32:digest.obj
 0001:000104dc       EVP_DigestInit_ex          000214dc f   libeay32:digest.obj
 0001:000106f4       EVP_DigestUpdate           000216f4 f   libeay32:digest.obj
 0001:0001070c       EVP_DigestFinal_ex         0002170c f   libeay32:digest.obj
 0001:000107b8       EVP_MD_CTX_cleanup         000217b8 f   libeay32:digest.obj
 0001:00010884       EVP_MD_CTX_copy_ex         00021884 f   libeay32:digest.obj
 0001:00010a34       EVP_Digest                 00021a34 f   libeay32:digest.obj
 0001:00010ad8       EVP_MD_CTX_destroy         00021ad8 f   libeay32:digest.obj
 0001:00010af4       EVP_MD_CTX_copy            00021af4 f   libeay32:digest.obj
 0001:00010b64       EVP_sha1                   00021b64 f   libeay32:m_sha1.obj
 0001:00010c9c       RAND_poll                  00021c9c f   libeay32:rand_win.obj
 0001:00010d74       a2d_ASN1_OBJECT            00021d74 f   libeay32:a_object.obj
 0001:0001114c       i2t_ASN1_OBJECT            0002214c f   libeay32:a_object.obj
 0001:00011160       i2a_ASN1_OBJECT            00022160 f   libeay32:a_object.obj
 0001:0001123c       ASN1_OBJECT_new            0002223c f   libeay32:a_object.obj
 0001:000112b8       ASN1_OBJECT_free           000222b8 f   libeay32:a_object.obj
 0001:00011338       c2i_ASN1_OBJECT            00022338 f   libeay32:a_object.obj
 0001:000114cc       d2i_ASN1_OBJECT            000224cc f   libeay32:a_object.obj
 0001:0001156c       OBJ_dup                    0002256c f   libeay32:obj_lib.obj
 0001:0001170c       OBJ_cmp                    0002270c f   libeay32:obj_lib.obj
 0001:00011738       BN_bn2dec                  00022738 f   libeay32:bn_print.obj
 0001:00011924       BN_hex2bn                  00022924 f   libeay32:bn_print.obj
 0001:00011ab4       BN_dec2bn                  00022ab4 f   libeay32:bn_print.obj
 0001:00011c48       BN_asc2bn                  00022c48 f   libeay32:bn_print.obj
 0001:00011d84       ASN1_put_eoc               00022d84 f   libeay32:asn1_lib.obj
 0001:00011da4       ASN1_object_size           00022da4 f   libeay32:asn1_lib.obj
 0001:00011df4       ASN1_STRING_set            00022df4 f   libeay32:asn1_lib.obj
 0001:00011ee4       ASN1_STRING_set0           00022ee4 f   libeay32:asn1_lib.obj
 0001:00011f14       ASN1_STRING_type_new       00022f14 f   libeay32:asn1_lib.obj
 0001:00011f80       ASN1_STRING_free           00022f80 f   libeay32:asn1_lib.obj
 0001:00011fb4       ASN1_STRING_cmp            00022fb4 f   libeay32:asn1_lib.obj
 0001:00011ff4       ASN1_get_object            00022ff4 f   libeay32:asn1_lib.obj
 0001:0001214c       ASN1_put_object            0002314c f   libeay32:asn1_lib.obj
 0001:00012260       ASN1_STRING_copy           00023260 f   libeay32:asn1_lib.obj
 0001:000122ac       ASN1_STRING_new            000232ac f   libeay32:asn1_lib.obj
 0001:000122c0       ASN1_STRING_dup            000232c0 f   libeay32:asn1_lib.obj
 0001:00012308       bn_sqr_normal              00023308 f   libeay32:bn_sqr.obj
 0001:000123f4       BN_sqr                     000233f4 f   libeay32:bn_sqr.obj
 0001:0001252c       BN_RECP_CTX_init           0002352c f   libeay32:bn_recp.obj
 0001:00012554       BN_RECP_CTX_free           00023554 f   libeay32:bn_recp.obj
 0001:00012588       BN_RECP_CTX_set            00023588 f   libeay32:bn_recp.obj
 0001:000125d4       BN_reciprocal              000235d4 f   libeay32:bn_recp.obj
 0001:00012654       BN_div_recp                00023654 f   libeay32:bn_recp.obj
 0001:000128b0       BN_mod_mul_reciprocal      000238b0 f   libeay32:bn_recp.obj
 0001:0001295c       EVP_CIPHER_CTX_block_size  0002395c f   libeay32:evp_lib.obj
 0001:00012968       EVP_Cipher                 00023968 f   libeay32:evp_lib.obj
 0001:00012984       EVP_CIPHER_CTX_cipher      00023984 f   libeay32:evp_lib.obj
 0001:0001298c       EVP_CIPHER_CTX_flags       0002398c f   libeay32:evp_lib.obj
 0001:00012998       EVP_CIPHER_iv_length       00023998 f   libeay32:evp_lib.obj
 0001:000129a0       EVP_CIPHER_CTX_iv_length   000239a0 f   libeay32:evp_lib.obj
 0001:000129ac       EVP_CIPHER_key_length      000239ac f   libeay32:evp_lib.obj
 0001:000129b4       EVP_CIPHER_CTX_key_length  000239b4 f   libeay32:evp_lib.obj
 0001:000129bc       EVP_MD_block_size          000239bc f   libeay32:evp_lib.obj
 0001:000129c4       EVP_MD_type                000239c4 f   libeay32:evp_lib.obj
 0001:000129cc       EVP_MD_pkey_type           000239cc f   libeay32:evp_lib.obj
 0001:000129d4       EVP_MD_size                000239d4 f   libeay32:evp_lib.obj
 0001:00012a20       EVP_MD_CTX_md              00023a20 f   libeay32:evp_lib.obj
 0001:00012a30       EVP_MD_CTX_set_flags       00023a30 f   libeay32:evp_lib.obj
 0001:00012a40       EVP_MD_CTX_clear_flags     00023a40 f   libeay32:evp_lib.obj
 0001:00012a50       EVP_MD_CTX_test_flags      00023a50 f   libeay32:evp_lib.obj
 0001:00012a5c       EVP_CIPHER_get_asn1_iv     00023a5c f   libeay32:evp_lib.obj
 0001:00012ad4       EVP_CIPHER_set_asn1_iv     00023ad4 f   libeay32:evp_lib.obj
 0001:00012b24       EVP_CIPHER_type            00023b24 f   libeay32:evp_lib.obj
 0001:00012c54       EVP_CIPHER_param_to_asn1   00023c54 f   libeay32:evp_lib.obj
 0001:00012c9c       EVP_CIPHER_asn1_to_param   00023c9c f   libeay32:evp_lib.obj
 0001:00012ce4       ENGINE_get_pkey_asn1_meth_engine 00023ce4 f   libeay32:tb_asnmth.obj
 0001:00012d00       engine_pkey_asn1_meths_free 00023d00 f   libeay32:tb_asnmth.obj
 0001:00012e3c       ENGINE_pkey_asn1_find_str  00023e3c f   libeay32:tb_asnmth.obj
 0001:00012edc       ENGINE_get_pkey_asn1_meth  00023edc f   libeay32:tb_asnmth.obj
 0001:00012f40       ENGINE_get_pkey_meth_engine 00023f40 f   libeay32:tb_pkmeth.obj
 0001:00012f5c       engine_pkey_meths_free     00023f5c f   libeay32:tb_pkmeth.obj
 0001:00012fdc       ENGINE_get_pkey_meth       00023fdc f   libeay32:tb_pkmeth.obj
 0001:00013058       EVP_PKEY_meth_find         00024058 f   libeay32:pmeth_lib.obj
 0001:000130f0       EVP_PKEY_meth_free         000240f0 f   libeay32:pmeth_lib.obj
 0001:0001310c       EVP_PKEY_CTX_free          0002410c f   libeay32:pmeth_lib.obj
 0001:00013174       EVP_PKEY_CTX_ctrl          00024174 f   libeay32:pmeth_lib.obj
 0001:00013298       EVP_PKEY_CTX_get0_pkey     00024298 f   libeay32:pmeth_lib.obj
 0001:000132a0       EVP_PKEY_CTX_new           000242a0 f   libeay32:pmeth_lib.obj
 0001:0001341c       EVP_PKEY_CTX_dup           0002441c f   libeay32:pmeth_lib.obj
 0001:00013558       ENGINE_get_digest_engine   00024558 f   libeay32:tb_digest.obj
 0001:00013574       ENGINE_get_digest          00024574 f   libeay32:tb_digest.obj
 0001:000135d8       RSA_sign                   000245d8 f   libeay32:rsa_sign.obj
 0001:0001381c       int_rsa_verify             0002481c f   libeay32:rsa_sign.obj
 0001:00013c08       RSA_verify                 00024c08 f   libeay32:rsa_sign.obj
 0001:00013c80       SHA1_Init                  00024c80 f   libeay32:sha1dgst.obj
 0001:00014038       SHA1_Update                00025038 f   libeay32:sha1dgst.obj
 0001:00014140       SHA1_Final                 00025140 f   libeay32:sha1dgst.obj
 0001:000142b0       SHA224_Init                000252b0 f   libeay32:sha256.obj
 0001:00014330       SHA256_Init                00025330 f   libeay32:sha256.obj
 0001:000146d0       SHA256_Update              000256d0 f   libeay32:sha256.obj
 0001:000147d8       SHA256_Final               000257d8 f   libeay32:sha256.obj
 0001:00014960       SHA384_Init                00025960 f   libeay32:sha512.obj
 0001:00014a50       SHA512_Init                00025a50 f   libeay32:sha512.obj
 0001:00015318       SHA512_Final               00026318 f   libeay32:sha512.obj
 0001:00015544       SHA512_Update              00026544 f   libeay32:sha512.obj
 0001:00015694       ASN1_TYPE_set_octetstring  00026694 f   libeay32:evp_asn1.obj
 0001:000156f4       ASN1_TYPE_get_octetstring  000266f4 f   libeay32:evp_asn1.obj
 0001:00015780       EVP_PKEY_asn1_get_count    00026780 f   libeay32:ameth_lib.obj
 0001:000157b0       EVP_PKEY_asn1_get0         000267b0 f   libeay32:ameth_lib.obj
 0001:000157f8       EVP_PKEY_asn1_find         000267f8 f   libeay32:ameth_lib.obj
 0001:000158e0       EVP_PKEY_asn1_find_str     000268e0 f   libeay32:ameth_lib.obj
 0001:000159c8       EVP_PKEY_asn1_free         000269c8 f   libeay32:ameth_lib.obj
 0001:00017e6c       EVP_PKEY_bits              00028e6c f   libeay32:p_lib.obj
 0001:00017eac       EVP_PKEY_size              00028eac f   libeay32:p_lib.obj
 0001:00017eec       EVP_PKEY_missing_parameters 00028eec f   libeay32:p_lib.obj
 0001:00017f24       EVP_PKEY_new               00028f24 f   libeay32:p_lib.obj
 0001:00017fa0       EVP_PKEY_type              00028fa0 f   libeay32:p_lib.obj
 0001:00017fdc       EVP_PKEY_id                00028fdc f   libeay32:p_lib.obj
 0001:00017fe4       EVP_PKEY_get_default_digest_nid 00028fe4 f   libeay32:p_lib.obj
 0001:00018028       EVP_PKEY_copy_parameters   00029028 f   libeay32:p_lib.obj
 0001:00018214       EVP_PKEY_set_type          00029214 f   libeay32:p_lib.obj
 0001:0001822c       EVP_PKEY_assign            0002922c f   libeay32:p_lib.obj
 0001:00018264       EVP_PKEY_free              00029264 f   libeay32:p_lib.obj
 0001:00018310       EVP_get_cipherbyname       00029310 f   libeay32:names.obj
 0001:00018324       EVP_get_digestbyname       00029324 f   libeay32:names.obj
 0001:00018338       X509_SIG_it                00029338 f   libeay32:x_sig.obj
 0001:00018344       d2i_X509_SIG               00029344 f   libeay32:x_sig.obj
 0001:0001835c       i2d_X509_SIG               0002935c f   libeay32:x_sig.obj
 0001:00018374       X509_SIG_free              00029374 f   libeay32:x_sig.obj
 0001:0001838c       ASN1_TYPE_get              0002938c f   libeay32:a_type.obj
 0001:000183b0       ASN1_TYPE_set              000293b0 f   libeay32:a_type.obj
 0001:0001841c       ASN1_TYPE_set1             0002941c f   libeay32:a_type.obj
 0001:00018490       ASN1_INTEGER_it            00029490 f   libeay32:tasn_typ.obj
 0001:0001849c       d2i_ASN1_INTEGER           0002949c f   libeay32:tasn_typ.obj
 0001:000184b4       i2d_ASN1_INTEGER           000294b4 f   libeay32:tasn_typ.obj
 0001:000184cc       ASN1_INTEGER_new           000294cc f   libeay32:tasn_typ.obj
 0001:000184e4       ASN1_INTEGER_free          000294e4 f   libeay32:tasn_typ.obj
 0001:000184fc       ASN1_ENUMERATED_it         000294fc f   libeay32:tasn_typ.obj
 0001:00018508       ASN1_ENUMERATED_free       00029508 f   libeay32:tasn_typ.obj
 0001:00018520       ASN1_BIT_STRING_it         00029520 f   libeay32:tasn_typ.obj
 0001:0001852c       ASN1_BIT_STRING_new        0002952c f   libeay32:tasn_typ.obj
 0001:00018544       ASN1_BIT_STRING_free       00029544 f   libeay32:tasn_typ.obj
 0001:0001855c       ASN1_OCTET_STRING_it       0002955c f   libeay32:tasn_typ.obj
 0001:00018568       i2d_ASN1_OCTET_STRING      00029568 f   libeay32:tasn_typ.obj
 0001:00018580       ASN1_OCTET_STRING_new      00029580 f   libeay32:tasn_typ.obj
 0001:00018598       ASN1_OCTET_STRING_free     00029598 f   libeay32:tasn_typ.obj
 0001:000185b0       ASN1_NULL_it               000295b0 f   libeay32:tasn_typ.obj
 0001:000185bc       ASN1_NULL_new              000295bc f   libeay32:tasn_typ.obj
 0001:000185d4       ASN1_OBJECT_it             000295d4 f   libeay32:tasn_typ.obj
 0001:000185e0       ASN1_UTF8STRING_it         000295e0 f   libeay32:tasn_typ.obj
 0001:000185ec       ASN1_IA5STRING_it          000295ec f   libeay32:tasn_typ.obj
 0001:000185f8       ASN1_GENERALIZEDTIME_it    000295f8 f   libeay32:tasn_typ.obj
 0001:00018604       ASN1_ANY_it                00029604 f   libeay32:tasn_typ.obj
 0001:00018610       ASN1_SEQUENCE_it           00029610 f   libeay32:tasn_typ.obj
 0001:0001861c       d2i_ASN1_TYPE              0002961c f   libeay32:tasn_typ.obj
 0001:00018634       i2d_ASN1_TYPE              00029634 f   libeay32:tasn_typ.obj
 0001:0001864c       ASN1_TYPE_new              0002964c f   libeay32:tasn_typ.obj
 0001:00018664       ASN1_TYPE_free             00029664 f   libeay32:tasn_typ.obj
 0001:0001867c       ASN1_PRINTABLE_it          0002967c f   libeay32:tasn_typ.obj
 0001:00018688       DISPLAYTEXT_it             00029688 f   libeay32:tasn_typ.obj
 0001:00018694       DIRECTORYSTRING_it         00029694 f   libeay32:tasn_typ.obj
 0001:000186a0       ASN1_BOOLEAN_it            000296a0 f   libeay32:tasn_typ.obj
 0001:000186ac       ASN1_FBOOLEAN_it           000296ac f   libeay32:tasn_typ.obj
 0001:000186b8       ASN1_OCTET_STRING_NDEF_it  000296b8 f   libeay32:tasn_typ.obj
 0001:000186c4       d2i_ASN1_SEQUENCE_ANY      000296c4 f   libeay32:tasn_typ.obj
 0001:000186dc       i2d_ASN1_SEQUENCE_ANY      000296dc f   libeay32:tasn_typ.obj
 0001:000186f4       i2d_ASN1_SET_ANY           000296f4 f   libeay32:tasn_typ.obj
 0001:0001870c       ASN1_INTEGER_cmp           0002970c f   libeay32:a_int.obj
 0001:00018754       i2c_ASN1_INTEGER           00029754 f   libeay32:a_int.obj
 0001:000188a8       c2i_ASN1_INTEGER           000298a8 f   libeay32:a_int.obj
 0001:00018a6c       d2i_ASN1_UINTEGER          00029a6c f   libeay32:a_int.obj
 0001:00018bdc       ASN1_INTEGER_set           00029bdc f   libeay32:a_int.obj
 0001:00018ce4       ASN1_INTEGER_get           00029ce4 f   libeay32:a_int.obj
 0001:00018d78       BN_to_ASN1_INTEGER         00029d78 f   libeay32:a_int.obj
 0001:00018ea0       ASN1_INTEGER_to_BN         00029ea0 f   libeay32:a_int.obj
 0001:0001c9d0       CMAC_CTX_new               0002d9d0 f   libeay32:cmac.obj
 0001:0001ca10       CMAC_CTX_cleanup           0002da10 f   libeay32:cmac.obj
 0001:0001ca5c       CMAC_CTX_free              0002da5c f   libeay32:cmac.obj
 0001:0001ca78       CMAC_CTX_copy              0002da78 f   libeay32:cmac.obj
 0001:0001cb08       CMAC_Init                  0002db08 f   libeay32:cmac.obj
 0001:0001cd84       CMAC_Update                0002dd84 f   libeay32:cmac.obj
 0001:0001ce68       CMAC_Final                 0002de68 f   libeay32:cmac.obj
 0001:0001cf68       X509V3_add_value           0002df68 f   libeay32:v3_utl.obj
 0001:0001d060       X509V3_add_value_uchar     0002e060 f   libeay32:v3_utl.obj
 0001:0001d070       X509V3_conf_free           0002e070 f   libeay32:v3_utl.obj
 0001:0001d0bc       X509V3_add_value_bool      0002e0bc f   libeay32:v3_utl.obj
 0001:0001d0e0       i2s_ASN1_ENUMERATED        0002e0e0 f   libeay32:v3_utl.obj
 0001:0001d150       i2s_ASN1_INTEGER           0002e150 f   libeay32:v3_utl.obj
 0001:0001d1c0       s2i_ASN1_INTEGER           0002e1c0 f   libeay32:v3_utl.obj
 0001:0001d310       X509V3_add_value_int       0002e310 f   libeay32:v3_utl.obj
 0001:0001d364       X509V3_get_value_bool      0002e364 f   libeay32:v3_utl.obj
 0001:0001d520       X509V3_get_value_int       0002e520 f   libeay32:v3_utl.obj
 0001:0001d634       hex_to_string              0002e634 f   libeay32:v3_utl.obj
 0001:0001d6f4       string_to_hex              0002e6f4 f   libeay32:v3_utl.obj
 0001:0001d8bc       name_cmp                   0002e8bc f   libeay32:v3_utl.obj
 0001:0001d9a0       X509V3_NAME_from_section   0002e9a0 f   libeay32:v3_utl.obj
 0001:0001da88       X509V3_parse_list          0002ea88 f   libeay32:v3_utl.obj
 0001:0001def8       a2i_ipadd                  0002eef8 f   libeay32:v3_utl.obj
 0001:0001df5c       a2i_IPADDRESS              0002ef5c f   libeay32:v3_utl.obj
 0001:0001dfb8       a2i_IPADDRESS_NC           0002efb8 f   libeay32:v3_utl.obj
 0001:0001e084       HMAC_Init_ex               0002f084 f   libeay32:hmac.obj
 0001:0001e27c       HMAC_Update                0002f27c f   libeay32:hmac.obj
 0001:0001e290       HMAC_Final                 0002f290 f   libeay32:hmac.obj
 0001:0001e318       HMAC_CTX_init              0002f318 f   libeay32:hmac.obj
 0001:0001e340       HMAC_CTX_copy              0002f340 f   libeay32:hmac.obj
 0001:0001e3c0       HMAC_CTX_cleanup           0002f3c0 f   libeay32:hmac.obj
 0001:0001e3f8       HMAC_CTX_set_flags         0002f3f8 f   libeay32:hmac.obj
 0001:0001e42c       HMAC_Init                  0002f42c f   libeay32:hmac.obj
 0001:0001e490       HMAC                       0002f490 f   libeay32:hmac.obj
 0001:0001e53c       ASN1_OCTET_STRING_dup      0002f53c f   libeay32:a_octet.obj
 0001:0001e54c       ASN1_OCTET_STRING_set      0002f54c f   libeay32:a_octet.obj
 0001:0001e55c       EC_GROUP_new               0002f55c f   libeay32:ec_lib.obj
 0001:0001e65c       EC_GROUP_method_of         0002f65c f   libeay32:ec_lib.obj
 0001:0001e664       EC_METHOD_get_field_type   0002f664 f   libeay32:ec_lib.obj
 0001:0001e66c       EC_GROUP_get0_generator    0002f66c f   libeay32:ec_lib.obj
 0001:0001e674       EC_GROUP_get_order         0002f674 f   libeay32:ec_lib.obj
 0001:0001e6a8       EC_GROUP_get_cofactor      0002f6a8 f   libeay32:ec_lib.obj
 0001:0001e6e0       EC_GROUP_set_curve_name    0002f6e0 f   libeay32:ec_lib.obj
 0001:0001e6e8       EC_GROUP_get_curve_name    0002f6e8 f   libeay32:ec_lib.obj
 0001:0001e6f0       EC_GROUP_set_asn1_flag     0002f6f0 f   libeay32:ec_lib.obj
 0001:0001e6f8       EC_GROUP_get_asn1_flag     0002f6f8 f   libeay32:ec_lib.obj
 0001:0001e700       EC_GROUP_set_point_conversion_form 0002f700 f   libeay32:ec_lib.obj
 0001:0001e708       EC_GROUP_get_point_conversion_form 0002f708 f   libeay32:ec_lib.obj
 0001:0001e710       EC_GROUP_set_seed          0002f710 f   libeay32:ec_lib.obj
 0001:0001e79c       EC_GROUP_get0_seed         0002f79c f   libeay32:ec_lib.obj
 0001:0001e7a4       EC_GROUP_get_seed_len      0002f7a4 f   libeay32:ec_lib.obj
 0001:0001e7ac       EC_GROUP_set_curve_GFp     0002f7ac f   libeay32:ec_lib.obj
 0001:0001e814       EC_GROUP_get_curve_GFp     0002f814 f   libeay32:ec_lib.obj
 0001:0001e87c       EC_GROUP_set_curve_GF2m    0002f87c f   libeay32:ec_lib.obj
 0001:0001e8e4       EC_GROUP_get_curve_GF2m    0002f8e4 f   libeay32:ec_lib.obj
 0001:0001e948       EC_GROUP_get_degree        0002f948 f   libeay32:ec_lib.obj
 0001:0001e9a0       EC_EX_DATA_set_data        0002f9a0 f   libeay32:ec_lib.obj
 0001:0001ea7c       EC_EX_DATA_get_data        0002fa7c f   libeay32:ec_lib.obj
 0001:0001ead0       EC_EX_DATA_free_data       0002fad0 f   libeay32:ec_lib.obj
 0001:0001eb58       EC_EX_DATA_free_all_data   0002fb58 f   libeay32:ec_lib.obj
 0001:0001eba8       EC_EX_DATA_clear_free_all_data 0002fba8 f   libeay32:ec_lib.obj
 0001:0001ebf8       EC_POINT_new               0002fbf8 f   libeay32:ec_lib.obj
 0001:0001ecd8       EC_POINT_free              0002fcd8 f   libeay32:ec_lib.obj
 0001:0001ed0c       EC_POINT_clear_free        0002fd0c f   libeay32:ec_lib.obj
 0001:0001ed68       EC_POINT_copy              0002fd68 f   libeay32:ec_lib.obj
 0001:0001edfc       EC_POINT_dup               0002fdfc f   libeay32:ec_lib.obj
 0001:0001ee44       EC_POINT_set_to_infinity   0002fe44 f   libeay32:ec_lib.obj
 0001:0001eed0       EC_POINT_set_Jprojective_coordinates_GFp 0002fed0 f   libeay32:ec_lib.obj
 0001:0001ef84       EC_POINT_set_affine_coordinates_GFp 0002ff84 f   libeay32:ec_lib.obj
 0001:0001f024       EC_POINT_set_affine_coordinates_GF2m 00030024 f   libeay32:ec_lib.obj
 0001:0001f0c8       EC_POINT_get_affine_coordinates_GFp 000300c8 f   libeay32:ec_lib.obj
 0001:0001f16c       EC_POINT_get_affine_coordinates_GF2m 0003016c f   libeay32:ec_lib.obj
 0001:0001f20c       EC_POINT_add               0003020c f   libeay32:ec_lib.obj
 0001:0001f2c8       EC_POINT_dbl               000302c8 f   libeay32:ec_lib.obj
 0001:0001f368       EC_POINT_invert            00030368 f   libeay32:ec_lib.obj
 0001:0001f3f4       EC_POINT_is_at_infinity    000303f4 f   libeay32:ec_lib.obj
 0001:0001f47c       EC_POINT_is_on_curve       0003047c f   libeay32:ec_lib.obj
 0001:0001f504       EC_POINT_cmp               00030504 f   libeay32:ec_lib.obj
 0001:0001f5a4       EC_POINT_make_affine       000305a4 f   libeay32:ec_lib.obj
 0001:0001f62c       EC_POINTs_make_affine      0003062c f   libeay32:ec_lib.obj
 0001:0001f6f4       EC_POINTs_mul              000306f4 f   libeay32:ec_lib.obj
 0001:0001f770       EC_POINT_mul               00030770 f   libeay32:ec_lib.obj
 0001:0001f7c4       EC_GROUP_have_precompute_mult 000307c4 f   libeay32:ec_lib.obj
 0001:0001f80c       EC_GROUP_free              0003080c f   libeay32:ec_lib.obj
 0001:0001f878       EC_GROUP_clear_free        00030878 f   libeay32:ec_lib.obj
 0001:0001f91c       EC_GROUP_copy              0003091c f   libeay32:ec_lib.obj
 0001:0001fb30       EC_GROUP_dup               00030b30 f   libeay32:ec_lib.obj
 0001:0001fb78       EC_GROUP_set_generator     00030b78 f   libeay32:ec_lib.obj
 0001:0001fc58       EC_GROUP_cmp               00030c58 f   libeay32:ec_lib.obj
 0001:0001fec4       ECDSA_do_sign_ex           00030ec4 f   libeay32:ecs_sign.obj
 0001:0001ff24       ECDSA_sign_ex              00030f24 f   libeay32:ecs_sign.obj
 0001:0001ffac       ECDSA_sign_setup           00030fac f   libeay32:ecs_sign.obj
 0001:0001fffc       ECDSA_sign                 00030ffc f   libeay32:ecs_sign.obj
 0001:00020188       ecdsa_check                00031188 f   libeay32:ecs_lib.obj
 0001:00020204       ECDSA_size                 00031204 f   libeay32:ecs_lib.obj
 0001:000202bc       ECDSA_do_verify            000312bc f   libeay32:ecs_vrf.obj
 0001:00020310       ECDSA_verify               00031310 f   libeay32:ecs_vrf.obj
 0001:00020388       ECDH_compute_key           00031388 f   libeay32:ech_key.obj
 0001:000203e8       EC_KEY_new                 000313e8 f   libeay32:ec_key.obj
 0001:0002046c       EC_KEY_free                0003146c f   libeay32:ec_key.obj
 0001:000204fc       EC_KEY_generate_key        000314fc f   libeay32:ec_key.obj
 0001:00020658       EC_KEY_get0_group          00031658 f   libeay32:ec_key.obj
 0001:00020660       EC_KEY_set_group           00031660 f   libeay32:ec_key.obj
 0001:000206a0       EC_KEY_get0_private_key    000316a0 f   libeay32:ec_key.obj
 0001:000206a8       EC_KEY_get0_public_key     000316a8 f   libeay32:ec_key.obj
 0001:000206b0       EC_KEY_set_public_key      000316b0 f   libeay32:ec_key.obj
 0001:000206f4       EC_KEY_get_enc_flags       000316f4 f   libeay32:ec_key.obj
 0001:000206fc       EC_KEY_set_enc_flags       000316fc f   libeay32:ec_key.obj
 0001:00020704       EC_KEY_get_conv_form       00031704 f   libeay32:ec_key.obj
 0001:0002070c       EC_KEY_get_key_method_data 0003170c f   libeay32:ec_key.obj
 0001:00020778       EC_KEY_insert_key_method_data 00031778 f   libeay32:ec_key.obj
 0001:00020c38       EC_GROUP_new_by_curve_name 00031c38 f   libeay32:ec_curve.obj
 0001:00020d60       d2i_DSA_SIG                00031d60 f   libeay32:dsa_asn1.obj
 0001:00020dd4       d2i_DSAPrivateKey          00031dd4 f   libeay32:dsa_asn1.obj
 0001:00020dec       i2d_DSAPrivateKey          00031dec f   libeay32:dsa_asn1.obj
 0001:00020e04       d2i_DSAparams              00031e04 f   libeay32:dsa_asn1.obj
 0001:00020e1c       i2d_DSAparams              00031e1c f   libeay32:dsa_asn1.obj
 0001:00020e34       dsa_pub_internal_it        00031e34 f   libeay32:dsa_asn1.obj
 0001:00020e40       i2d_DSAPublicKey           00031e40 f   libeay32:dsa_asn1.obj
 0001:00020e58       DSA_sign                   00031e58 f   libeay32:dsa_asn1.obj
 0001:00020ed8       DSA_verify                 00031ed8 f   libeay32:dsa_asn1.obj
 0001:00020f58       DSA_new_method             00031f58 f   libeay32:dsa_lib.obj
 0001:00021108       DSA_free                   00032108 f   libeay32:dsa_lib.obj
 0001:000211fc       DSA_size                   000321fc f   libeay32:dsa_lib.obj
 0001:00021260       DSA_new                    00032260 f   libeay32:dsa_lib.obj
 0001:00021274       dsa_builtin_paramgen       00032274 f   libeay32:dsa_gen.obj
 0001:00021a08       evp_pkey_set_cb_translate  00032a08 f   libeay32:pmeth_gn.obj
 0001:00021b5c       DSA_generate_key           00032b5c f   libeay32:dsa_key.obj
 0001:00021b8c       DH_new_method              00032b8c f   libeay32:dh_lib.obj
 0001:00021d44       DH_free                    00032d44 f   libeay32:dh_lib.obj
 0001:00021e48       DH_size                    00032e48 f   libeay32:dh_lib.obj
 0001:00021e6c       DH_new                     00032e6c f   libeay32:dh_lib.obj
 0001:00022064       DH_generate_parameters_ex  00033064 f   libeay32:dh_gen.obj
 0001:00022094       DH_generate_key            00033094 f   libeay32:dh_key.obj
 0001:000220b0       DH_compute_key             000330b0 f   libeay32:dh_key.obj
 0001:000220cc       DH_OpenSSL                 000330cc f   libeay32:dh_key.obj
 0001:00022568       RSA_verify_PKCS1_PSS_mgf1  00033568 f   libeay32:rsa_pss.obj
 0001:00022a98       RSA_padding_add_PKCS1_PSS_mgf1 00033a98 f   libeay32:rsa_pss.obj
 0001:00022eec       RSA_sign_ASN1_OCTET_STRING 00033eec f   libeay32:rsa_saos.obj
 0001:00022ffc       X509_ALGOR_it              00033ffc f   libeay32:x_algor.obj
 0001:00023008       d2i_X509_ALGOR             00034008 f   libeay32:x_algor.obj
 0001:00023020       X509_ALGOR_new             00034020 f   libeay32:x_algor.obj
 0001:00023038       X509_ALGOR_free            00034038 f   libeay32:x_algor.obj
 0001:00023050       X509_ALGOR_set0            00034050 f   libeay32:x_algor.obj
 0001:000230f8       X509_ALGOR_get0            000340f8 f   libeay32:x_algor.obj
 0001:0002314c       X509_ALGOR_set_md          0003414c f   libeay32:x_algor.obj
 0001:0002318c       CMS_RecipientInfo_ktri_get0_algs 0003418c f   libeay32:cms_env.obj
 0001:000234e8       cms_EnvelopedData_init_bio 000344e8 f   libeay32:cms_env.obj
 0001:00023c04       RSA_generate_key_ex        00034c04 f   libeay32:rsa_gen.obj
 0001:00023c34       X509_ATTRIBUTE_SET_it      00034c34 f   libeay32:x_attrib.obj
 0001:00023c40       X509_ATTRIBUTE_it          00034c40 f   libeay32:x_attrib.obj
 0001:00023c4c       X509_ATTRIBUTE_new         00034c4c f   libeay32:x_attrib.obj
 0001:00023c64       X509_ATTRIBUTE_free        00034c64 f   libeay32:x_attrib.obj
 0001:00023c7c       X509_ATTRIBUTE_dup         00034c7c f   libeay32:x_attrib.obj
 0001:00023c98       X509_ATTRIBUTE_create      00034c98 f   libeay32:x_attrib.obj
 0001:00023e14       OBJ_NAME_init              00034e14 f   libeay32:o_names.obj
 0001:00023e7c       OBJ_NAME_get               00034e7c f   libeay32:o_names.obj
 0001:00023f60       OBJ_find_sigid_algs        00034f60 f   libeay32:obj_xref.obj
 0001:00024000       OBJ_find_sigid_by_algs     00035000 f   libeay32:obj_xref.obj
 0001:000240cc       EVP_PBE_find               000350cc f   libeay32:evp_pbe.obj
 0001:00024190       EVP_PBE_CipherInit         00035190 f   libeay32:evp_pbe.obj
 0001:00024348       ASN1_tag2bit               00035348 f   libeay32:tasn_dec.obj
 0001:00024360       asn1_ex_c2i                00035360 f   libeay32:tasn_dec.obj
 0001:00025238       ASN1_item_ex_d2i           00036238 f   libeay32:tasn_dec.obj
 0001:0002600c       ASN1_item_d2i              0003700c f   libeay32:tasn_dec.obj
 0001:000263bc       asn1_ex_i2c                000373bc f   libeay32:tasn_enc.obj
 0001:000266a8       ASN1_item_ex_i2d           000376a8 f   libeay32:tasn_enc.obj
 0001:00026d80       ASN1_item_i2d              00037d80 f   libeay32:tasn_enc.obj
 0001:00026d94       ASN1_primitive_new         00037d94 f   libeay32:tasn_new.obj
 0001:000272d0       ASN1_item_ex_new           000382d0 f   libeay32:tasn_new.obj
 0001:000272e4       ASN1_template_new          000382e4 f   libeay32:tasn_new.obj
 0001:000273bc       ASN1_item_new              000383bc f   libeay32:tasn_new.obj
 0001:000273f4       ASN1_primitive_free        000383f4 f   libeay32:tasn_fre.obj
 0001:00027768       ASN1_template_free         00038768 f   libeay32:tasn_fre.obj
 0001:0002781c       ASN1_item_free             0003881c f   libeay32:tasn_fre.obj
 0001:0002783c       ASN1_item_ex_free          0003883c f   libeay32:tasn_fre.obj
 0001:00027850       BUF_MEM_new                00038850 f   libeay32:buffer.obj
 0001:000278b4       BUF_MEM_free               000388b4 f   libeay32:buffer.obj
 0001:000278f4       BUF_MEM_grow               000388f4 f   libeay32:buffer.obj
 0001:000279fc       BUF_MEM_grow_clean         000389fc f   libeay32:buffer.obj
 0001:00027b18       EC_GROUP_get_basis_type    00038b18 f   libeay32:ec_asn1.obj
 0001:00027b90       EC_GROUP_get_trinomial_basis 00038b90 f   libeay32:ec_asn1.obj
 0001:00027c24       EC_GROUP_get_pentanomial_basis 00038c24 f   libeay32:ec_asn1.obj
 0001:00027cf0       X9_62_PENTANOMIAL_it       00038cf0 f   libeay32:ec_asn1.obj
 0001:00027d08       X9_62_CHARACTERISTIC_TWO_it 00038d08 f   libeay32:ec_asn1.obj
 0001:00027d20       X9_62_FIELDID_it           00038d20 f   libeay32:ec_asn1.obj
 0001:00027d2c       X9_62_CURVE_it             00038d2c f   libeay32:ec_asn1.obj
 0001:00027d38       ECPARAMETERS_it            00038d38 f   libeay32:ec_asn1.obj
 0001:00027d44       ECPKPARAMETERS_it          00038d44 f   libeay32:ec_asn1.obj
 0001:00029244       d2i_ECPKParameters         0003a244 f   libeay32:ec_asn1.obj
 0001:00029310       i2d_ECPKParameters         0003a310 f   libeay32:ec_asn1.obj
 0001:000293b4       d2i_ECPrivateKey           0003a3b4 f   libeay32:ec_asn1.obj
 0001:00029670       i2d_ECPrivateKey           0003a670 f   libeay32:ec_asn1.obj
 0001:000299f4       i2d_ECParameters           0003a9f4 f   libeay32:ec_asn1.obj
 0001:00029a44       d2i_ECParameters           0003aa44 f   libeay32:ec_asn1.obj
 0001:00029b28       o2i_ECPublicKey            0003ab28 f   libeay32:ec_asn1.obj
 0001:00029c3c       i2o_ECPublicKey            0003ac3c f   libeay32:ec_asn1.obj
 0001:00029da0       X509_PUBKEY_it             0003ada0 f   libeay32:x_pubkey.obj
 0001:00029dac       X509_PUBKEY_get            0003adac f   libeay32:x_pubkey.obj
 0001:00029f5c       X509_PUBKEY_set0_param     0003af5c f   libeay32:x_pubkey.obj
 0001:00029fdc       X509_PUBKEY_get0_param     0003afdc f   libeay32:x_pubkey.obj
 0001:0002a068       PKCS8_PRIV_KEY_INFO_it     0003b068 f   libeay32:p8_pkey.obj
 0001:0002a074       PKCS8_pkey_set0            0003b074 f   libeay32:p8_pkey.obj
 0001:0002a124       PKCS8_pkey_get0            0003b124 f   libeay32:p8_pkey.obj
 0001:0002a30c       ECPKParameters_print       0003b30c f   libeay32:eck_prn.obj
 0001:0002a8f4       ASN1_bn_print              0003b8f4 f   libeay32:t_pkey.obj
 0001:0002aae8       EC_POINT_point2bn          0003bae8 f   libeay32:ec_print.obj
 0001:0002ab94       PKCS7_ctrl                 0003bb94 f   libeay32:pk7_lib.obj
 0001:0002acb8       PKCS7_SIGNER_INFO_get0_algs 0003bcb8 f   libeay32:pk7_lib.obj
 0001:0002ace8       PKCS7_RECIP_INFO_get0_alg  0003bce8 f   libeay32:pk7_lib.obj
 0001:0002acf8       PKCS7_stream               0003bcf8 f   libeay32:pk7_lib.obj
 0001:0002afa4       CMS_SignerInfo_get0_algs   0003bfa4 f   libeay32:cms_sd.obj
 0001:0002afe4       CMS_SignerInfo_sign        0003bfe4 f   libeay32:cms_sd.obj
 0001:0002b230       cms_SignedData_init_bio    0003c230 f   libeay32:cms_sd.obj
 0001:0002b494       cms_SignedData_final       0003c494 f   libeay32:cms_sd.obj
 0001:0002b524       X509_signature_dump        0003c524 f   libeay32:t_x509.obj
 0001:0002b610       ASN1_STRING_print          0003c610 f   libeay32:t_x509.obj
 0001:0002b6e4       ASN1_GENERALIZEDTIME_print 0003c6e4 f   libeay32:t_x509.obj
 0001:0002b900       X509_NAME_print            0003c900 f   libeay32:t_x509.obj
 0001:0002ba30       DSA_do_sign                0003ca30 f   libeay32:dsa_sign.obj
 0001:0002ba4c       DSA_sign_setup             0003ca4c f   libeay32:dsa_sign.obj
 0001:0002ba68       DSA_SIG_new                0003ca68 f   libeay32:dsa_sign.obj
 0001:0002baa0       DSA_SIG_free               0003caa0 f   libeay32:dsa_sign.obj
 0001:0002bb38       d2i_DHparams               0003cb38 f   libeay32:dh_asn1.obj
 0001:0002bb50       i2d_DHparams               0003cb50 f   libeay32:dh_asn1.obj
 0001:0002bbc4       RSA_PSS_PARAMS_it          0003cbc4 f   libeay32:rsa_asn1.obj
 0001:0002bbd0       d2i_RSA_PSS_PARAMS         0003cbd0 f   libeay32:rsa_asn1.obj
 0001:0002bbe8       RSA_PSS_PARAMS_new         0003cbe8 f   libeay32:rsa_asn1.obj
 0001:0002bc00       RSA_PSS_PARAMS_free        0003cc00 f   libeay32:rsa_asn1.obj
 0001:0002bc18       d2i_RSAPrivateKey          0003cc18 f   libeay32:rsa_asn1.obj
 0001:0002bc30       i2d_RSAPrivateKey          0003cc30 f   libeay32:rsa_asn1.obj
 0001:0002bc48       d2i_RSAPublicKey           0003cc48 f   libeay32:rsa_asn1.obj
 0001:0002bc60       i2d_RSAPublicKey           0003cc60 f   libeay32:rsa_asn1.obj
 0001:0002bc78       i2a_ASN1_INTEGER           0003cc78 f   libeay32:f_int.obj
 0001:0002bf3c       EVP_DigestSignInit         0003cf3c f   libeay32:m_sigver.obj
 0001:0002bf64       EVP_DigestVerifyInit       0003cf64 f   libeay32:m_sigver.obj
 0001:0002bf8c       EVP_DigestSignFinal        0003cf8c f   libeay32:m_sigver.obj
 0001:0002c0cc       EVP_DigestVerifyFinal      0003d0cc f   libeay32:m_sigver.obj
 0001:0002c1a0       ASN1_item_pack             0003d1a0 f   libeay32:asn_pack.obj
 0001:0002c290       EVP_CIPHER_CTX_init        0003d290 f   libeay32:evp_enc.obj
 0001:0002c2a8       EVP_EncryptUpdate          0003d2a8 f   libeay32:evp_enc.obj
 0001:0002c498       EVP_EncryptFinal_ex        0003d498 f   libeay32:evp_enc.obj
 0001:0002c5c4       EVP_DecryptUpdate          0003d5c4 f   libeay32:evp_enc.obj
 0001:0002c740       EVP_DecryptFinal_ex        0003d740 f   libeay32:evp_enc.obj
 0001:0002c918       EVP_CIPHER_CTX_cleanup     0003d918 f   libeay32:evp_enc.obj
 0001:0002c9a4       EVP_CIPHER_CTX_set_padding 0003d9a4 f   libeay32:evp_enc.obj
 0001:0002c9c0       EVP_CIPHER_CTX_ctrl        0003d9c0 f   libeay32:evp_enc.obj
 0001:0002ca70       EVP_CIPHER_CTX_rand_key    0003da70 f   libeay32:evp_enc.obj
 0001:0002cac4       EVP_CIPHER_CTX_copy        0003dac4 f   libeay32:evp_enc.obj
 0001:0002cc14       EVP_CipherInit_ex          0003dc14 f   libeay32:evp_enc.obj
 0001:0002cf74       EVP_CipherUpdate           0003df74 f   libeay32:evp_enc.obj
 0001:0002cfb8       EVP_CipherFinal_ex         0003dfb8 f   libeay32:evp_enc.obj
 0001:0002cfe0       EVP_EncryptInit_ex         0003dfe0 f   libeay32:evp_enc.obj
 0001:0002d008       EVP_DecryptInit_ex         0003e008 f   libeay32:evp_enc.obj
 0001:0002d030       EVP_CIPHER_CTX_set_key_length 0003e030 f   libeay32:evp_enc.obj
 0001:0002d0b8       ASN1_ENUMERATED_get        0003e0b8 f   libeay32:a_enum.obj
 0001:0002d14c       ASN1_ENUMERATED_to_BN      0003e14c f   libeay32:a_enum.obj
 0001:0002d1c0       X509_NAME_entry_count      0003e1c0 f   libeay32:x509name.obj
 0001:0002d1e4       X509_NAME_get_index_by_OBJ 0003e1e4 f   libeay32:x509name.obj
 0001:0002d250       X509_NAME_get_entry        0003e250 f   libeay32:x509name.obj
 0001:0002d298       X509_NAME_delete_entry     0003e298 f   libeay32:x509name.obj
 0001:0002d36c       X509_NAME_add_entry        0003e36c f   libeay32:x509name.obj
 0001:0002d4d8       X509_NAME_ENTRY_set_object 0003e4d8 f   libeay32:x509name.obj
 0001:0002d54c       X509_NAME_ENTRY_set_data   0003e54c f   libeay32:x509name.obj
 0001:0002d62c       X509_NAME_ENTRY_get_object 0003e62c f   libeay32:x509name.obj
 0001:0002d63c       X509_NAME_ENTRY_get_data   0003e63c f   libeay32:x509name.obj
 0001:0002d64c       X509_NAME_get_index_by_NID 0003e64c f   libeay32:x509name.obj
 0001:0002d688       X509_NAME_ENTRY_create_by_OBJ 0003e688 f   libeay32:x509name.obj
 0001:0002d734       X509_NAME_ENTRY_create_by_txt 0003e734 f   libeay32:x509name.obj
 0001:0002d7d8       X509_NAME_add_entry_by_txt 0003e7d8 f   libeay32:x509name.obj
 0001:0002d830       ACCESS_DESCRIPTION_it      0003e830 f   libeay32:v3_info.obj
 0001:0002d83c       ACCESS_DESCRIPTION_free    0003e83c f   libeay32:v3_info.obj
 0001:0002d854       AUTHORITY_INFO_ACCESS_it   0003e854 f   libeay32:v3_info.obj
 0001:0002dba8       X509_CRL_get_ext_d2i       0003eba8 f   libeay32:x509_ext.obj
 0001:0002dbc0       X509_get_ext_count         0003ebc0 f   libeay32:x509_ext.obj
 0001:0002dbd8       X509_get_ext_by_NID        0003ebd8 f   libeay32:x509_ext.obj
 0001:0002dbf0       X509_get_ext               0003ebf0 f   libeay32:x509_ext.obj
 0001:0002dc08       X509_get_ext_d2i           0003ec08 f   libeay32:x509_ext.obj
 0001:0002dc20       X509_REVOKED_get_ext_d2i   0003ec20 f   libeay32:x509_ext.obj
 0001:0002dc34       CONF_parse_list            0003ec34 f   libeay32:conf_mod.obj
 0001:0002dd60       OTHERNAME_it               0003ed60 f   libeay32:v3_genn.obj
 0001:0002dd6c       OTHERNAME_new              0003ed6c f   libeay32:v3_genn.obj
 0001:0002dd84       EDIPARTYNAME_it            0003ed84 f   libeay32:v3_genn.obj
 0001:0002dd90       GENERAL_NAME_it            0003ed90 f   libeay32:v3_genn.obj
 0001:0002dd9c       GENERAL_NAME_new           0003ed9c f   libeay32:v3_genn.obj
 0001:0002ddb4       GENERAL_NAME_free          0003edb4 f   libeay32:v3_genn.obj
 0001:0002ddcc       GENERAL_NAMES_it           0003edcc f   libeay32:v3_genn.obj
 0001:0002ddd8       GENERAL_NAMES_new          0003edd8 f   libeay32:v3_genn.obj
 0001:0002ddf0       GENERAL_NAMES_free         0003edf0 f   libeay32:v3_genn.obj
 0001:0002de08       X509_get_issuer_name       0003ee08 f   libeay32:x509_cmp.obj
 0001:0002de14       X509_get_subject_name      0003ee14 f   libeay32:x509_cmp.obj
 0001:0002de20       X509_get_serialNumber      0003ee20 f   libeay32:x509_cmp.obj
 0001:0002de2c       X509_NAME_cmp              0003ee2c f   libeay32:x509_cmp.obj
 0001:0002debc       X509_get_pubkey            0003eebc f   libeay32:x509_cmp.obj
 0001:0002def0       X509_EXTENSION_it          0003eef0 f   libeay32:x_exten.obj
 0001:0002df14       X509V3_EXT_get_nid         0003ef14 f   libeay32:v3_lib.obj
 0001:0002dfa4       X509V3_EXT_d2i             0003efa4 f   libeay32:v3_lib.obj
 0001:0002e034       X509V3_get_d2i             0003f034 f   libeay32:v3_lib.obj
 0001:0002e540       ec_wNAF_mul                0003f540 f   libeay32:ec_mult.obj
 0001:0002f0e8       ec_wNAF_precompute_mult    000400e8 f   libeay32:ec_mult.obj
 0001:0002f5f4       ec_wNAF_have_precompute_mult 000405f4 f   libeay32:ec_mult.obj
 0001:0002f630       d2i_ECDSA_SIG              00040630 f   libeay32:ecs_asn1.obj
 0001:0002f648       i2d_ECDSA_SIG              00040648 f   libeay32:ecs_asn1.obj
 0001:0002f660       ECDSA_SIG_new              00040660 f   libeay32:ecs_asn1.obj
 0001:0002f678       ECDSA_SIG_free             00040678 f   libeay32:ecs_asn1.obj
 0001:0002f690       ECDSA_OpenSSL              00040690 f   libeay32:ecs_ossl.obj
 0001:00030354       ENGINE_get_default_ECDSA   00041354 f   libeay32:tb_ecdsa.obj
 0001:00030370       ENGINE_get_ECDSA           00041370 f   libeay32:tb_ecdsa.obj
 0001:000304d0       ecdh_check                 000414d0 f   libeay32:ech_lib.obj
 0001:0003054c       EC_GROUP_new_curve_GFp     0004154c f   libeay32:ec_cvt.obj
 0001:00030618       EC_GROUP_new_curve_GF2m    00041618 f   libeay32:ec_cvt.obj
 0001:0003067c       BIGNUM_it                  0004167c f   libeay32:x_bignum.obj
 0001:00030688       CBIGNUM_it                 00041688 f   libeay32:x_bignum.obj
 0001:000307c8       LONG_it                    000417c8 f   libeay32:x_long.obj
 0001:000307d4       ZLONG_it                   000417d4 f   libeay32:x_long.obj
 0001:000309c8       ASN1_item_dup              000419c8 f   libeay32:a_dup.obj
 0001:00030a5c       DSA_do_verify              00041a5c f   libeay32:dsa_vrf.obj
 0001:00030a78       DSA_OpenSSL                00041a78 f   libeay32:dsa_ossl.obj
 0001:000312c0       ENGINE_get_default_DSA     000422c0 f   libeay32:tb_dsa.obj
 0001:000312dc       ENGINE_get_DSA             000422dc f   libeay32:tb_dsa.obj
 0001:000312e4       BN_GENCB_call              000422e4 f   libeay32:bn_prime.obj
 0001:00031748       BN_is_prime_fasttest_ex    00042748 f   libeay32:bn_prime.obj
 0001:00031b3c       BN_generate_prime_ex       00042b3c f   libeay32:bn_prime.obj
 0001:00031ea4       ENGINE_get_default_DH      00042ea4 f   libeay32:tb_dh.obj
 0001:00031ec0       ENGINE_get_DH              00042ec0 f   libeay32:tb_dh.obj
 0001:00031ec8       DH_check_pub_key           00042ec8 f   libeay32:dh_check.obj
 0001:00031f64       CMS_IssuerAndSerialNumber_it 00042f64 f   libeay32:cms_asn1.obj
 0001:00031f70       CMS_OtherCertificateFormat_it 00042f70 f   libeay32:cms_asn1.obj
 0001:00031f7c       CMS_CertificateChoices_it  00042f7c f   libeay32:cms_asn1.obj
 0001:00031f88       CMS_SignerIdentifier_it    00042f88 f   libeay32:cms_asn1.obj
 0001:00031f94       CMS_EncapsulatedContentInfo_it 00042f94 f   libeay32:cms_asn1.obj
 0001:00031fdc       CMS_SignerInfo_it          00042fdc f   libeay32:cms_asn1.obj
 0001:00031fe8       CMS_OtherRevocationInfoFormat_it 00042fe8 f   libeay32:cms_asn1.obj
 0001:00031ff4       CMS_RevocationInfoChoice_it 00042ff4 f   libeay32:cms_asn1.obj
 0001:00032000       CMS_SignedData_it          00043000 f   libeay32:cms_asn1.obj
 0001:0003200c       CMS_OriginatorInfo_it      0004300c f   libeay32:cms_asn1.obj
 0001:00032018       CMS_EncryptedContentInfo_it 00043018 f   libeay32:cms_asn1.obj
 0001:00032024       CMS_KeyTransRecipientInfo_it 00043024 f   libeay32:cms_asn1.obj
 0001:00032030       CMS_OtherKeyAttribute_it   00043030 f   libeay32:cms_asn1.obj
 0001:0003203c       CMS_RecipientKeyIdentifier_it 0004303c f   libeay32:cms_asn1.obj
 0001:00032048       CMS_KeyAgreeRecipientIdentifier_it 00043048 f   libeay32:cms_asn1.obj
 0001:00032054       CMS_RecipientEncryptedKey_it 00043054 f   libeay32:cms_asn1.obj
 0001:00032060       CMS_OriginatorPublicKey_it 00043060 f   libeay32:cms_asn1.obj
 0001:0003206c       CMS_OriginatorIdentifierOrKey_it 0004306c f   libeay32:cms_asn1.obj
 0001:00032078       CMS_KeyAgreeRecipientInfo_it 00043078 f   libeay32:cms_asn1.obj
 0001:00032084       CMS_KEKIdentifier_it       00043084 f   libeay32:cms_asn1.obj
 0001:00032090       CMS_KEKRecipientInfo_it    00043090 f   libeay32:cms_asn1.obj
 0001:0003209c       CMS_PasswordRecipientInfo_it 0004309c f   libeay32:cms_asn1.obj
 0001:000320a8       CMS_OtherRecipientInfo_it  000430a8 f   libeay32:cms_asn1.obj
 0001:0003213c       CMS_RecipientInfo_it       0004313c f   libeay32:cms_asn1.obj
 0001:00032148       CMS_EnvelopedData_it       00043148 f   libeay32:cms_asn1.obj
 0001:00032154       CMS_DigestedData_it        00043154 f   libeay32:cms_asn1.obj
 0001:00032160       CMS_EncryptedData_it       00043160 f   libeay32:cms_asn1.obj
 0001:0003216c       CMS_AuthenticatedData_it   0004316c f   libeay32:cms_asn1.obj
 0001:00032178       CMS_CompressedData_it      00043178 f   libeay32:cms_asn1.obj
 0001:0003221c       CMS_Attributes_Sign_it     0004321c f   libeay32:cms_asn1.obj
 0001:00032228       CMS_ReceiptsFrom_it        00043228 f   libeay32:cms_asn1.obj
 0001:00032234       CMS_get0_content           00043234 f   libeay32:cms_lib.obj
 0001:00032324       cms_DigestAlgorithm_init_bio 00043324 f   libeay32:cms_lib.obj
 0001:000323ec       cms_DigestAlgorithm_find_ctx 000433ec f   libeay32:cms_lib.obj
 0001:000324bc       cms_content_bio            000434bc f   libeay32:cms_lib.obj
 0001:00032518       CMS_dataInit               00043518 f   libeay32:cms_lib.obj
 0001:0003261c       CMS_dataFinal              0004361c f   libeay32:cms_lib.obj
 0001:00032784       cms_EncryptedContent_init_bio 00043784 f   libeay32:cms_enc.obj
 0001:00032b44       cms_EncryptedData_init_bio 00043b44 f   libeay32:cms_enc.obj
 0001:00032b74       X509_PURPOSE_get0          00043b74 f   libeay32:v3_purp.obj
 0001:00032bc0       X509_PURPOSE_get_by_id     00043bc0 f   libeay32:v3_purp.obj
 0001:00032c28       X509_supported_extension   00043c28 f   libeay32:v3_purp.obj
 0001:000336a0       X509_check_purpose         000446a0 f   libeay32:v3_purp.obj
 0001:00033738       EVP_PKEY_sign_init         00044738 f   libeay32:pmeth_fn.obj
 0001:000337c8       EVP_PKEY_sign              000447c8 f   libeay32:pmeth_fn.obj
 0001:000338dc       EVP_PKEY_verify_init       000448dc f   libeay32:pmeth_fn.obj
 0001:0003396c       EVP_PKEY_verify            0004496c f   libeay32:pmeth_fn.obj
 0001:00033a10       EVP_PKEY_encrypt_init      00044a10 f   libeay32:pmeth_fn.obj
 0001:00033aa0       EVP_PKEY_encrypt           00044aa0 f   libeay32:pmeth_fn.obj
 0001:00033bb4       AES_wrap_key               00044bb4 f   libeay32:aes_wrap.obj
 0001:00033cd0       AES_set_encrypt_key        00044cd0 f   libeay32:aes_misc.obj
 0001:00033f60       cms_RecipientInfo_pwri_crypt 00044f60 f   libeay32:cms_pwri.obj
 0001:000342d0       PKCS5_PBKDF2_HMAC          000452d0 f   libeay32:p5_crpt2.obj
 0001:00034498       PKCS5_v2_PBKDF2_keyivgen   00045498 f   libeay32:p5_crpt2.obj
 0001:00034738       PKCS5_v2_PBE_keyivgen      00045738 f   libeay32:p5_crpt2.obj
 0001:000348f4       PKCS12_PBE_keyivgen        000458f4 f   libeay32:p12_crpt.obj
 0001:00034ae8       PKCS5_PBE_keyivgen         00045ae8 f   libeay32:p5_crpt.obj
 0001:00034da0       ASN1_BIT_STRING_set        00045da0 f   libeay32:a_bitstr.obj
 0001:00034db0       i2c_ASN1_BIT_STRING        00045db0 f   libeay32:a_bitstr.obj
 0001:00034eb4       c2i_ASN1_BIT_STRING        00045eb4 f   libeay32:a_bitstr.obj
 0001:00034ff8       ASN1_BIT_STRING_set_bit    00045ff8 f   libeay32:a_bitstr.obj
 0001:00035148       ASN1_BIT_STRING_get_bit    00046148 f   libeay32:a_bitstr.obj
 0001:000351a4       asn1_get_choice_selector   000461a4 f   libeay32:tasn_utl.obj
 0001:000351b4       asn1_set_choice_selector   000461b4 f   libeay32:tasn_utl.obj
 0001:000351d0       asn1_do_lock               000461d0 f   libeay32:tasn_utl.obj
 0001:00035254       asn1_enc_init              00046254 f   libeay32:tasn_utl.obj
 0001:000352ac       asn1_enc_free              000462ac f   libeay32:tasn_utl.obj
 0001:00035320       asn1_enc_save              00046320 f   libeay32:tasn_utl.obj
 0001:000353cc       asn1_enc_restore           000463cc f   libeay32:tasn_utl.obj
 0001:00035474       asn1_get_field_ptr         00046474 f   libeay32:tasn_utl.obj
 0001:0003548c       asn1_do_adb                0004648c f   libeay32:tasn_utl.obj
 0001:00035584       ec_GF2m_simple_group_init  00046584 f   libeay32:ec2_smpl.obj
 0001:000355b0       ec_GF2m_simple_group_finish 000465b0 f   libeay32:ec2_smpl.obj
 0001:000355d8       ec_GF2m_simple_group_clear_finish 000465d8 f   libeay32:ec2_smpl.obj
 0001:00035620       ec_GF2m_simple_group_copy  00046620 f   libeay32:ec2_smpl.obj
 0001:0003576c       ec_GF2m_simple_group_set_curve 0004676c f   libeay32:ec2_smpl.obj
 0001:000358dc       ec_GF2m_simple_group_get_curve 000468dc f   libeay32:ec2_smpl.obj
 0001:00035958       ec_GF2m_simple_group_get_degree 00046958 f   libeay32:ec2_smpl.obj
 0001:00035970       ec_GF2m_simple_group_check_discriminant 00046970 f   libeay32:ec2_smpl.obj
 0001:00035a24       ec_GF2m_simple_point_init  00046a24 f   libeay32:ec2_smpl.obj
 0001:00035a50       ec_GF2m_simple_point_finish 00046a50 f   libeay32:ec2_smpl.obj
 0001:00035a78       ec_GF2m_simple_point_clear_finish 00046a78 f   libeay32:ec2_smpl.obj
 0001:00035aa8       ec_GF2m_simple_point_copy  00046aa8 f   libeay32:ec2_smpl.obj
 0001:00035b10       ec_GF2m_simple_point_set_to_infinity 00046b10 f   libeay32:ec2_smpl.obj
 0001:00035b38       ec_GF2m_simple_point_set_affine_coordinates 00046b38 f   libeay32:ec2_smpl.obj
 0001:00035c04       ec_GF2m_simple_point_get_affine_coordinates 00046c04 f   libeay32:ec2_smpl.obj
 0001:00035cf4       ec_GF2m_simple_add         00046cf4 f   libeay32:ec2_smpl.obj
 0001:000360f8       ec_GF2m_simple_dbl         000470f8 f   libeay32:ec2_smpl.obj
 0001:0003611c       ec_GF2m_simple_invert      0004711c f   libeay32:ec2_smpl.obj
 0001:00036188       ec_GF2m_simple_is_at_infinity 00047188 f   libeay32:ec2_smpl.obj
 0001:0003619c       ec_GF2m_simple_is_on_curve 0004719c f   libeay32:ec2_smpl.obj
 0001:0003632c       ec_GF2m_simple_cmp         0004732c f   libeay32:ec2_smpl.obj
 0001:000364b8       ec_GF2m_simple_make_affine 000474b8 f   libeay32:ec2_smpl.obj
 0001:000365bc       ec_GF2m_simple_points_make_affine 000475bc f   libeay32:ec2_smpl.obj
 0001:00036624       ec_GF2m_simple_field_mul   00047624 f   libeay32:ec2_smpl.obj
 0001:00036660       ec_GF2m_simple_field_sqr   00047660 f   libeay32:ec2_smpl.obj
 0001:00036684       ec_GF2m_simple_field_div   00047684 f   libeay32:ec2_smpl.obj
 0001:000366c0       EC_GF2m_simple_method      000476c0 f   libeay32:ec2_smpl.obj
 0001:000366cc       EC_POINT_set_compressed_coordinates_GFp 000476cc f   libeay32:ec_oct.obj
 0001:000367c4       EC_POINT_set_compressed_coordinates_GF2m 000477c4 f   libeay32:ec_oct.obj
 0001:000368bc       EC_POINT_point2oct         000478bc f   libeay32:ec_oct.obj
 0001:000369cc       EC_POINT_oct2point         000479cc f   libeay32:ec_oct.obj
 0001:00036b54       PKCS7_it                   00047b54 f   libeay32:pk7_asn1.obj
 0001:00036b60       PKCS7_SIGNED_it            00047b60 f   libeay32:pk7_asn1.obj
 0001:00036b8c       PKCS7_SIGNER_INFO_it       00047b8c f   libeay32:pk7_asn1.obj
 0001:00036b98       PKCS7_ISSUER_AND_SERIAL_it 00047b98 f   libeay32:pk7_asn1.obj
 0001:00036ba4       PKCS7_ENVELOPE_it          00047ba4 f   libeay32:pk7_asn1.obj
 0001:00036bd0       PKCS7_RECIP_INFO_it        00047bd0 f   libeay32:pk7_asn1.obj
 0001:00036bdc       PKCS7_ENC_CONTENT_it       00047bdc f   libeay32:pk7_asn1.obj
 0001:00036be8       PKCS7_SIGN_ENVELOPE_it     00047be8 f   libeay32:pk7_asn1.obj
 0001:00036bf4       PKCS7_ENCRYPT_it           00047bf4 f   libeay32:pk7_asn1.obj
 0001:00036c00       PKCS7_DIGEST_it            00047c00 f   libeay32:pk7_asn1.obj
 0001:00036c0c       PKCS7_ATTR_SIGN_it         00047c0c f   libeay32:pk7_asn1.obj
 0001:00036c18       X509_CINF_it               00047c18 f   libeay32:x_x509.obj
 0001:00036d14       X509_it                    00047d14 f   libeay32:x_x509.obj
 0001:00036d20       X509_free                  00047d20 f   libeay32:x_x509.obj
 0001:00036d38       X509_REVOKED_it            00047d38 f   libeay32:x_crl.obj
 0001:00036d44       X509_CRL_INFO_it           00047d44 f   libeay32:x_crl.obj
 0001:00036fd4       X509_CRL_it                00047fd4 f   libeay32:x_crl.obj
 0001:00037454       X509_NAME_ENTRY_it         00048454 f   libeay32:x_name.obj
 0001:00037460       X509_NAME_ENTRY_new        00048460 f   libeay32:x_name.obj
 0001:00037478       X509_NAME_ENTRY_free       00048478 f   libeay32:x_name.obj
 0001:00037490       X509_NAME_ENTRY_dup        00048490 f   libeay32:x_name.obj
 0001:000374ac       X509_NAME_ENTRIES_it       000484ac f   libeay32:x_name.obj
 0001:000374b8       X509_NAME_it               000484b8 f   libeay32:x_name.obj
 0001:000374c4       i2d_X509_NAME              000484c4 f   libeay32:x_name.obj
 0001:000374dc       X509_NAME_new              000484dc f   libeay32:x_name.obj
 0001:000374f4       X509_NAME_free             000484f4 f   libeay32:x_name.obj
 0001:0003750c       X509_NAME_dup              0004850c f   libeay32:x_name.obj
 0001:00037d98       ASN1_TIME_it               00048d98 f   libeay32:a_time.obj
 0001:00037da4       ASN1_TIME_free             00048da4 f   libeay32:a_time.obj
 0001:00037dbc       ASN1_TIME_adj              00048dbc f   libeay32:a_time.obj
 0001:00037e8c       ASN1_TIME_check            00048e8c f   libeay32:a_time.obj
 0001:00037ec8       CMS_signed_get_attr_count  00048ec8 f   libeay32:cms_att.obj
 0001:00037edc       CMS_signed_get_attr_by_NID 00048edc f   libeay32:cms_att.obj
 0001:00037ef0       CMS_signed_add1_attr_by_NID 00048ef0 f   libeay32:cms_att.obj
 0001:00037f20       X509_time_adj_ex           00048f20 f   libeay32:x509_vfy.obj
 0001:00037fbc       X509_gmtime_adj            00048fbc f   libeay32:x509_vfy.obj
 0001:00037fd8       EVP_SignFinal              00048fd8 f   libeay32:p_sign.obj
 0001:000381a4       X509_NAME_oneline          000491a4 f   libeay32:x509_obj.obj
 0001:0003905c       X509_NAME_print_ex         0004a05c f   libeay32:a_strex.obj
 0001:000390a0       ASN1_STRING_to_UTF8        0004a0a0 f   libeay32:a_strex.obj
 0001:00039130       ENGINE_get_cipher_engine   0004a130 f   libeay32:tb_cipher.obj
 0001:0003914c       ENGINE_get_cipher          0004a14c f   libeay32:tb_cipher.obj
 0001:000391b0       ASN1_PRINTABLE_type        0004a1b0 f   libeay32:a_print.obj
 0001:000392c4       ASN1_STRING_TABLE_get      0004a2c4 f   libeay32:a_strnid.obj
 0001:00039340       ASN1_STRING_set_by_NID     0004a340 f   libeay32:a_strnid.obj
 0001:00039400       i2v_GENERAL_NAME           0004a400 f   libeay32:v3_alt.obj
 0001:000395d0       GENERAL_NAME_print         0004a5d0 f   libeay32:v3_alt.obj
 0001:00039bd4       i2v_GENERAL_NAMES          0004abd4 f   libeay32:v3_alt.obj
 0001:00039c48       a2i_GENERAL_NAME           0004ac48 f   libeay32:v3_alt.obj
 0001:00039ed0       v2i_GENERAL_NAME_ex        0004aed0 f   libeay32:v3_alt.obj
 0001:0003a044       v2i_GENERAL_NAME           0004b044 f   libeay32:v3_alt.obj
 0001:0003a300       v2i_GENERAL_NAMES          0004b300 f   libeay32:v3_alt.obj
 0001:0003a3d0       X509v3_get_ext_count       0004b3d0 f   libeay32:x509_v3.obj
 0001:0003a3f0       X509v3_get_ext_by_OBJ      0004b3f0 f   libeay32:x509_v3.obj
 0001:0003a454       X509v3_get_ext             0004b454 f   libeay32:x509_v3.obj
 0001:0003a49c       X509_EXTENSION_get_object  0004b49c f   libeay32:x509_v3.obj
 0001:0003a4ac       X509_EXTENSION_get_critical 0004b4ac f   libeay32:x509_v3.obj
 0001:0003a4cc       X509v3_get_ext_by_NID      0004b4cc f   libeay32:x509_v3.obj
 0001:0003a508       DSO_convert_filename       0004b508 f   libeay32:dso_lib.obj
 0001:0003a648       CONF_set_nconf             0004b648 f   libeay32:conf_lib.obj
 0001:0003a68c       NCONF_get_section          0004b68c f   libeay32:conf_lib.obj
 0001:0003a708       NCONF_get_string           0004b708 f   libeay32:conf_lib.obj
 0001:0003a7a0       CONF_get_section           0004b7a0 f   libeay32:conf_lib.obj
 0001:0003a7dc       CONF_get_string            0004b7dc f   libeay32:conf_lib.obj
 0001:0003a820       CONF_free                  0004b820 f   libeay32:conf_lib.obj
 0001:0003ab70       DIST_POINT_NAME_it         0004bb70 f   libeay32:v3_crld.obj
 0001:0003ab7c       DIST_POINT_it              0004bb7c f   libeay32:v3_crld.obj
 0001:0003ab88       DIST_POINT_free            0004bb88 f   libeay32:v3_crld.obj
 0001:0003aba0       CRL_DIST_POINTS_it         0004bba0 f   libeay32:v3_crld.obj
 0001:0003abac       CRL_DIST_POINTS_free       0004bbac f   libeay32:v3_crld.obj
 0001:0003abc4       ISSUING_DIST_POINT_it      0004bbc4 f   libeay32:v3_crld.obj
 0001:0003abd0       ISSUING_DIST_POINT_free    0004bbd0 f   libeay32:v3_crld.obj
 0001:0003af18       DIST_POINT_set_dpname      0004bf18 f   libeay32:v3_crld.obj
 0001:0003b654       POLICY_MAPPING_it          0004c654 f   libeay32:v3_pmaps.obj
 0001:0003b660       POLICY_MAPPINGS_it         0004c660 f   libeay32:v3_pmaps.obj
 0001:0003b66c       POLICY_MAPPING_free        0004c66c f   libeay32:v3_pmaps.obj
 0001:0003b8f0       GENERAL_SUBTREE_it         0004c8f0 f   libeay32:v3_ncons.obj
 0001:0003b8fc       NAME_CONSTRAINTS_it        0004c8fc f   libeay32:v3_ncons.obj
 0001:0003b908       NAME_CONSTRAINTS_free      0004c908 f   libeay32:v3_ncons.obj
 0001:0003ccc0       POLICY_CONSTRAINTS_it      0004dcc0 f   libeay32:v3_pcons.obj
 0001:0003ce80       EXTENDED_KEY_USAGE_it      0004de80 f   libeay32:v3_extku.obj
 0001:0003d020       SXNETID_it                 0004e020 f   libeay32:v3_sxnet.obj
 0001:0003d02c       SXNET_it                   0004e02c f   libeay32:v3_sxnet.obj
 0001:0003d108       SXNET_get_id_INTEGER       0004e108 f   libeay32:v3_sxnet.obj
 0001:0003d178       SXNET_add_id_INTEGER       0004e178 f   libeay32:v3_sxnet.obj
 0001:0003d320       SXNET_add_id_asc           0004e320 f   libeay32:v3_sxnet.obj
 0001:0003d40c       i2s_ASN1_ENUMERATED_TABLE  0004e40c f   libeay32:v3_enum.obj
 0001:0003d800       CERTIFICATEPOLICIES_it     0004e800 f   libeay32:v3_cpols.obj
 0001:0003d80c       POLICYINFO_it              0004e80c f   libeay32:v3_cpols.obj
 0001:0003d818       POLICYINFO_free            0004e818 f   libeay32:v3_cpols.obj
 0001:0003d83c       POLICYQUALINFO_it          0004e83c f   libeay32:v3_cpols.obj
 0001:0003d848       POLICYQUALINFO_free        0004e848 f   libeay32:v3_cpols.obj
 0001:0003d860       USERNOTICE_it              0004e860 f   libeay32:v3_cpols.obj
 0001:0003d86c       NOTICEREF_it               0004e86c f   libeay32:v3_cpols.obj
 0001:0003e500       BASIC_CONSTRAINTS_it       0004f500 f   libeay32:v3_bcons.obj
 0001:0003e50c       BASIC_CONSTRAINTS_free     0004f50c f   libeay32:v3_bcons.obj
 0001:0003e6b0       PKEY_USAGE_PERIOD_it       0004f6b0 f   libeay32:v3_pku.obj
 0001:0003e76c       i2v_ASN1_BIT_STRING        0004f76c f   libeay32:v3_bitst.obj
 0001:0003e7d0       v2i_ASN1_BIT_STRING        0004f7d0 f   libeay32:v3_bitst.obj
 0001:0003e950       i2s_ASN1_OCTET_STRING      0004f950 f   libeay32:v3_skey.obj
 0001:0003e96c       s2i_ASN1_OCTET_STRING      0004f96c f   libeay32:v3_skey.obj
 0001:0003ec98       X509V3_get_section         0004fc98 f   libeay32:v3_conf.obj
 0001:0003ed08       X509V3_section_free        0004fd08 f   libeay32:v3_conf.obj
 0001:0003eda4       X509_REQ_INFO_it           0004fda4 f   libeay32:x_req.obj
 0001:0003edb0       X509_digest                0004fdb0 f   libeay32:x_all.obj
 0001:0003edec       X509_CRL_digest            0004fdec f   libeay32:x_all.obj
 0001:0003ee28       X509at_get_attr_count      0004fe28 f   libeay32:x509_att.obj
 0001:0003ee38       X509at_get_attr_by_OBJ     0004fe38 f   libeay32:x509_att.obj
 0001:0003ee9c       X509at_add1_attr           0004fe9c f   libeay32:x509_att.obj
 0001:0003ef70       X509_ATTRIBUTE_set1_object 0004ff70 f   libeay32:x509_att.obj
 0001:0003efb4       X509_ATTRIBUTE_set1_data   0004ffb4 f   libeay32:x509_att.obj
 0001:0003f128       X509at_get_attr_by_NID     00050128 f   libeay32:x509_att.obj
 0001:0003f164       X509_ATTRIBUTE_create_by_OBJ 00050164 f   libeay32:x509_att.obj
 0001:0003f238       X509_ATTRIBUTE_create_by_NID 00050238 f   libeay32:x509_att.obj
 0001:0003f2bc       X509at_add1_attr_by_NID    000502bc f   libeay32:x509_att.obj
 0001:0003f30c       ECDH_OpenSSL               0005030c f   libeay32:ech_ossl.obj
 0001:0003f664       ENGINE_get_default_ECDH    00050664 f   libeay32:tb_ecdh.obj
 0001:0003f680       ENGINE_get_ECDH            00050680 f   libeay32:tb_ecdh.obj
 0001:0003f688       ec_GFp_mont_group_init     00050688 f   libeay32:ecp_mont.obj
 0001:0003f6a8       ec_GFp_mont_group_finish   000506a8 f   libeay32:ecp_mont.obj
 0001:0003f6f4       ec_GFp_mont_group_clear_finish 000506f4 f   libeay32:ecp_mont.obj
 0001:0003f740       ec_GFp_mont_group_copy     00050740 f   libeay32:ecp_mont.obj
 0001:0003f810       ec_GFp_mont_group_set_curve 00050810 f   libeay32:ecp_mont.obj
 0001:0003f970       ec_GFp_mont_field_mul      00050970 f   libeay32:ecp_mont.obj
 0001:0003f9e0       ec_GFp_mont_field_sqr      000509e0 f   libeay32:ecp_mont.obj
 0001:0003fa4c       ec_GFp_mont_field_encode   00050a4c f   libeay32:ecp_mont.obj
[...]
 0001:000320b4       cms_ri_cb                  000430b4 f   libeay32:cms_asn1.obj
 0001:00032184       CMS_ContentInfo_adb        00043184 f   libeay32:cms_asn1.obj
 0001:00032190       cms_cb                     00043190 f   libeay32:cms_asn1.obj
 0001:00032c18       nid_cmp_BSEARCH_CMP_FN     00043c18 f   libeay32:v3_purp.obj
 0001:00032c84       setup_crldp                00043c84 f   libeay32:v3_purp.obj
 0001:00032db8       x509v3_cache_extensions    00043db8 f   libeay32:v3_purp.obj
 0001:0003329c       check_ca                   0004429c f   libeay32:v3_purp.obj
 0001:00033304       check_purpose_ssl_client   00044304 f   libeay32:v3_purp.obj
 0001:00033394       check_purpose_ssl_server   00044394 f   libeay32:v3_purp.obj
 0001:00033424       check_purpose_ns_ssl_server 00044424 f   libeay32:v3_purp.obj
 0001:00033464       purpose_smime              00044464 f   libeay32:v3_purp.obj
 0001:000334f0       check_purpose_smime_sign   000444f0 f   libeay32:v3_purp.obj
 0001:00033538       check_purpose_smime_encrypt 00044538 f   libeay32:v3_purp.obj
 0001:00033580       check_purpose_crl_sign     00044580 f   libeay32:v3_purp.obj
 0001:000335d4       ocsp_helper                000445d4 f   libeay32:v3_purp.obj
 0001:000335fc       check_purpose_timestamp_sign 000445fc f   libeay32:v3_purp.obj
 0001:00033698       no_check                   00044698 f   libeay32:v3_purp.obj
 0001:00033ce0       kek_unwrap_key             00044ce0 f   libeay32:cms_pwri.obj
 0001:00033e64       kek_wrap_key               00044e64 f   libeay32:cms_pwri.obj
 0001:00036ac4       PKCS7_adb                  00047ac4 f   libeay32:pk7_asn1.obj
 0001:00036ad0       pk7_cb                     00047ad0 f   libeay32:pk7_asn1.obj
 0001:00036b6c       si_cb                      00047b6c f   libeay32:pk7_asn1.obj
 0001:00036bb0       ri_cb                      00047bb0 f   libeay32:pk7_asn1.obj
 0001:00036c24       x509_cb                    00047c24 f   libeay32:x_x509.obj
 0001:00036d50       crl_set_issuers            00047d50 f   libeay32:x_crl.obj
 0001:00036edc       setup_idp                  00047edc f   libeay32:x_crl.obj
 0001:00036fe0       X509_REVOKED_cmp           00047fe0 f   libeay32:x_crl.obj
 0001:00037000       def_crl_verify             00048000 f   libeay32:x_crl.obj
 0001:00037034       def_crl_lookup             00048034 f   libeay32:x_crl.obj
 0001:000371c0       crl_inf_cb                 000481c0 f   libeay32:x_crl.obj
 0001:000371fc       crl_cb                     000481fc f   libeay32:x_crl.obj
 0001:00037528       x509_name_ex_new           00048528 f   libeay32:x_name.obj
 0001:000375dc       x509_name_ex_free          000485dc f   libeay32:x_name.obj
 0001:00037634       local_sk_X509_NAME_ENTRY_free 00048634 f   libeay32:x_name.obj
 0001:00037644       local_sk_X509_NAME_ENTRY_pop_free 00048644 f   libeay32:x_name.obj
 0001:0003765c       x509_name_encode           0004865c f   libeay32:x_name.obj
 0001:000377c4       x509_name_ex_print         000487c4 f   libeay32:x_name.obj
 0001:000377f0       asn1_string_canon          000487f0 f   libeay32:x_name.obj
 0001:0003795c       i2d_name_canon             0004895c f   libeay32:x_name.obj
 0001:000379e8       x509_name_canon            000489e8 f   libeay32:x_name.obj
 0001:00037b6c       x509_name_ex_d2i           00048b6c f   libeay32:x_name.obj
 0001:00037d28       x509_name_ex_i2d           00048d28 f   libeay32:x_name.obj
 0001:00038554       send_bio_chars             00049554 f   libeay32:a_strex.obj
 0001:00038584       do_esc_char                00049584 f   libeay32:a_strex.obj
 0001:00038770       do_buf                     00049770 f   libeay32:a_strex.obj
 0001:0003891c       do_hex_dump                0004991c f   libeay32:a_strex.obj
 0001:000389a8       do_dump                    000499a8 f   libeay32:a_strex.obj
 0001:00038a94       do_print_ex                00049a94 f   libeay32:a_strex.obj
 0001:00038c64       do_indent                  00049c64 f   libeay32:a_strex.obj
 0001:00038cc4       do_name_ex                 00049cc4 f   libeay32:a_strex.obj
 0001:000392b4       table_cmp_BSEARCH_CMP_FN   0004a2b4 f   libeay32:a_strnid.obj
 0001:00039778       copy_issuer                0004a778 f   libeay32:v3_alt.obj
 0001:000398a8       copy_email                 0004a8a8 f   libeay32:v3_alt.obj
 0001:00039a3c       do_othername               0004aa3c f   libeay32:v3_alt.obj
 0001:00039b18       do_dirname                 0004ab18 f   libeay32:v3_alt.obj
 0001:0003a074       v2i_issuer_alt             0004b074 f   libeay32:v3_alt.obj
 0001:0003a198       v2i_subject_alt            0004b198 f   libeay32:v3_alt.obj
 0001:0003a854       init                       0004b854 f   libeay32:m_md5.obj
 0001:0003a868       update                     0004b868 f   libeay32:m_md5.obj
 0001:0003a87c       final                      0004b87c f   libeay32:m_md5.obj
 0001:0003a898       gnames_from_sectname       0004b898 f   libeay32:v3_crld.obj
 0001:0003a94c       set_reasons                0004b94c f   libeay32:v3_crld.obj
 0001:0003aa54       print_reasons              0004ba54 f   libeay32:v3_crld.obj
 0001:0003ab2c       dpn_cb                     0004bb2c f   libeay32:v3_crld.obj
 0001:0003abe8       print_gens                 0004bbe8 f   libeay32:v3_crld.obj
 0001:0003ac70       print_distpoint            0004bc70 f   libeay32:v3_crld.obj
 0001:0003ad18       i2r_idp                    0004bd18 f   libeay32:v3_crld.obj
 0001:0003ae48       i2r_crldp                  0004be48 f   libeay32:v3_crld.obj
 0001:0003afdc       set_dist_point_name        0004bfdc f   libeay32:v3_crld.obj
 0001:0003b1c8       crldp_from_section         0004c1c8 f   libeay32:v3_crld.obj
 0001:0003b2b4       v2i_crld                   0004c2b4 f   libeay32:v3_crld.obj
 0001:0003b474       v2i_idp                    0004c474 f   libeay32:v3_crld.obj
 0001:0003b640       s2i_asn1_int               0004c640 f   libeay32:v3_int.obj
 0001:0003b684       i2v_POLICY_MAPPINGS        0004c684 f   libeay32:v3_pmaps.obj
 0001:0003b710       v2i_POLICY_MAPPINGS        0004c710 f   libeay32:v3_pmaps.obj
 0001:0003b920       v2i_NAME_CONSTRAINTS       0004c920 f   libeay32:v3_ncons.obj
 0001:0003bad4       do_i2r_name_constraints    0004cad4 f   libeay32:v3_ncons.obj
 0001:0003bc84       i2r_NAME_CONSTRAINTS       0004cc84 f   libeay32:v3_ncons.obj
 0001:0003bce0       i2r_pci                    0004cce0 f   libeay32:v3_pci.obj
 0001:0003bdc0       process_pci_value          0004cdc0 f   libeay32:v3_pci.obj
 0001:0003c4f0       r2i_pci                    0004d4f0 f   libeay32:v3_pci.obj
 0001:0003c838       i2r_ocsp_crlid             0004d838 f   libeay32:v3_ocsp.obj
 0001:0003c970       i2r_ocsp_acutoff           0004d970 f   libeay32:v3_ocsp.obj
 0001:0003c9d0       i2r_object                 0004d9d0 f   libeay32:v3_ocsp.obj
 0001:0003ca30       ocsp_nonce_new             0004da30 f   libeay32:v3_ocsp.obj
 0001:0003ca40       i2d_ocsp_nonce             0004da40 f   libeay32:v3_ocsp.obj
 0001:0003ca7c       d2i_ocsp_nonce             0004da7c f   libeay32:v3_ocsp.obj
 0001:0003cb30       ocsp_nonce_free            0004db30 f   libeay32:v3_ocsp.obj
 0001:0003cb40       i2r_ocsp_nonce             0004db40 f   libeay32:v3_ocsp.obj
 0001:0003cba4       i2r_ocsp_nocheck           0004dba4 f   libeay32:v3_ocsp.obj
 0001:0003cbac       s2i_ocsp_nocheck           0004dbac f   libeay32:v3_ocsp.obj
 0001:0003cbbc       i2r_ocsp_serviceloc        0004dbbc f   libeay32:v3_ocsp.obj
 0001:0003cccc       i2v_POLICY_CONSTRAINTS     0004dccc f   libeay32:v3_pcons.obj
 0001:0003cd10       v2i_POLICY_CONSTRAINTS     0004dd10 f   libeay32:v3_pcons.obj
 0001:0003ce8c       i2v_EXTENDED_KEY_USAGE     0004de8c f   libeay32:v3_extku.obj
 0001:0003cf04       v2i_EXTENDED_KEY_USAGE     0004df04 f   libeay32:v3_extku.obj
 0001:0003d038       sxnet_i2r                  0004e038 f   libeay32:v3_sxnet.obj
 0001:0003d38c       sxnet_v2i                  0004e38c f   libeay32:v3_sxnet.obj
 0001:0003d468       i2v_AUTHORITY_KEYID        0004e468 f   libeay32:v3_akey.obj
 0001:0003d520       v2i_AUTHORITY_KEYID        0004e520 f   libeay32:v3_akey.obj
 0001:0003d830       POLICYQUALINFO_adb         0004e830 f   libeay32:v3_cpols.obj
 0001:0003d878       nref_nos                   0004e878 f   libeay32:v3_cpols.obj
 0001:0003d954       notice_section             0004e954 f   libeay32:v3_cpols.obj
 0001:0003dc38       print_qualifiers           0004ec38 f   libeay32:v3_cpols.obj
 0001:0003de28       policy_section             0004ee28 f   libeay32:v3_cpols.obj
 0001:0003e194       i2r_certpol                0004f194 f   libeay32:v3_cpols.obj
 0001:0003e238       r2i_certpol                0004f238 f   libeay32:v3_cpols.obj
 0001:0003e524       i2v_BASIC_CONSTRAINTS      0004f524 f   libeay32:v3_bcons.obj
 0001:0003e568       v2i_BASIC_CONSTRAINTS      0004f568 f   libeay32:v3_bcons.obj
 0001:0003e6bc       i2r_PKEY_USAGE_PERIOD      0004f6bc f   libeay32:v3_pku.obj
 0001:0003e9f0       s2i_skey_id                0004f9f0 f   libeay32:v3_skey.obj
 0001:0003eb74       i2s_ASN1_IA5STRING         0004fb74 f   libeay32:v3_ia5.obj
 0001:0003ebfc       s2i_ASN1_IA5STRING         0004fbfc f   libeay32:v3_ia5.obj
 0001:0003ed30       nconf_get_string           0004fd30 f   libeay32:v3_conf.obj
 0001:0003ed40       nconf_get_section          0004fd40 f   libeay32:v3_conf.obj
 0001:0003ed50       conf_lhash_get_string      0004fd50 f   libeay32:v3_conf.obj
 0001:0003ed60       conf_lhash_get_section     0004fd60 f   libeay32:v3_conf.obj
 0001:0003ed70       rinf_cb                    0004fd70 f   libeay32:x_req.obj
 0001:0003f318       ecdh_compute_key           00050318 f   libeay32:ech_ossl.obj
 0001:00040604       md_new                     00051604 f   libeay32:bio_md.obj
 0001:00040638       md_free                    00051638 f   libeay32:bio_md.obj
 0001:00040670       md_read                    00051670 f   libeay32:bio_md.obj
 0001:00040700       md_write                   00051700 f   libeay32:bio_md.obj
 0001:000407b0       md_ctrl                    000517b0 f   libeay32:bio_md.obj
 0001:000408fc       md_callback_ctrl           000518fc f   libeay32:bio_md.obj
 0001:00040924       md_gets                    00051924 f   libeay32:bio_md.obj
 0001:00040a00       mem_new                    00051a00 f   libeay32:bss_mem.obj
 0001:00040a3c       mem_free                   00051a3c f   libeay32:bss_mem.obj
 0001:00040a98       mem_read                   00051a98 f   libeay32:bss_mem.obj
 0001:00040b4c       mem_write                  00051b4c f   libeay32:bss_mem.obj
 0001:00040c04       mem_ctrl                   00051c04 f   libeay32:bss_mem.obj
 0001:00040d44       mem_gets                   00051d44 f   libeay32:bss_mem.obj
 0001:00040dd0       mem_puts                   00051dd0 f   libeay32:bss_mem.obj
 0001:00040e08       null_new                   00051e08 f   libeay32:bss_null.obj
 0001:00040e24       null_free                  00051e24 f   libeay32:bss_null.obj
 0001:00040e34       null_read                  00051e34 f   libeay32:bss_null.obj
 0001:00040e3c       null_write                 00051e3c f   libeay32:bss_null.obj
 0001:00040e44       null_ctrl                  00051e44 f   libeay32:bss_null.obj
 0001:00040e84       null_gets                  00051e84 f   libeay32:bss_null.obj
 0001:00040e8c       null_puts                  00051e8c f   libeay32:bss_null.obj
 0001:00040fd4       enc_new                    00051fd4 f   libeay32:bio_enc.obj
 0001:00041040       enc_free                   00052040 f   libeay32:bio_enc.obj
 0001:00041094       enc_read                   00052094 f   libeay32:bio_enc.obj
 0001:00041234       enc_write                  00052234 f   libeay32:bio_enc.obj
 0001:0004137c       enc_ctrl                   0005237c f   libeay32:bio_enc.obj
 0001:00041578       enc_callback_ctrl          00052578 f   libeay32:bio_enc.obj
 0001:000429b8       gf2m_Mdouble               000539b8 f   libeay32:ec2_mult.obj
 0001:00042b14       gf2m_Madd                  00053b14 f   libeay32:ec2_mult.obj
 0001:00042c8c       gf2m_Mxy                   00053c8c f   libeay32:ec2_mult.obj
 0001:00043038       ec_GF2m_montgomery_point_multiply 00054038 f   libeay32:ec2_mult.obj
 0001:000435d4       bn_GF2m_mul_1x1            000545d4 f   libeay32:bn_gf2m.obj
 0001:00045fa4       PKCS7_get_octet_string     00056fa4 f   libeay32:pk7_doit.obj
 0001:00046004       PKCS7_bio_add_digest       00057004 f   libeay32:pk7_doit.obj
 0001:000460f8       pkcs7_encode_rinfo         000570f8 f   libeay32:pk7_doit.obj
 0001:000466b8       PKCS7_find_digest          000576b8 f   libeay32:pk7_doit.obj
 0001:0004693c       get_attribute              0005793c f   libeay32:pk7_doit.obj
 0001:000469e4       add_attribute              000579e4 f   libeay32:pk7_doit.obj
 0001:00046b00       do_pkcs7_signed_attrib     00057b00 f   libeay32:pk7_doit.obj
 0001:000479c0       julian_to_date             000589c0 f   libeay32:o_time.obj
 0001:00047d20       trust_compat               00058d20 f   libeay32:x509_trs.obj
 0001:00047d54       obj_trust                  00058d54 f   libeay32:x509_trs.obj
 0001:00047e24       trust_1oidany              00058e24 f   libeay32:x509_trs.obj
 0001:00047e90       trust_1oid                 00058e90 f   libeay32:x509_trs.obj
 0001:00048418       traverse_string            00059418 f   libeay32:a_mbstr.obj
 0001:00048518       in_utf8                    00059518 f   libeay32:a_mbstr.obj
 0001:0004852c       out_utf8                   0005952c f   libeay32:a_mbstr.obj
 0001:00048560       cpy_asc                    00059560 f   libeay32:a_mbstr.obj
 0001:00048580       cpy_bmp                    00059580 f   libeay32:a_mbstr.obj
 0001:000485b0       cpy_univ                   000595b0 f   libeay32:a_mbstr.obj
 0001:000485f0       cpy_utf8                   000595f0 f   libeay32:a_mbstr.obj
 0001:00048624       type_str                   00059624 f   libeay32:a_mbstr.obj
 0001:00048c08       parse_tagging              00059c08 f   libeay32:asn1_gen.obj
 0001:00048d48       append_exp                 00059d48 f   libeay32:asn1_gen.obj
 0001:00048e24       bitstr_cb                  00059e24 f   libeay32:asn1_gen.obj
 0001:00048ef0       asn1_cb                    00059ef0 f   libeay32:asn1_gen.obj
 0001:00049338       asn1_str2type              0005a338 f   libeay32:asn1_gen.obj
 0001:00049b54       asn1_multi                 0005ab54 f   libeay32:asn1_gen.obj
 0001:00049cb4       def_create                 0005acb4 f   libeay32:conf_def.obj
 0001:00049d08       def_init_default           0005ad08 f   libeay32:conf_def.obj
 0001:00049d30       def_init_WIN32             0005ad30 f   libeay32:conf_def.obj
 0001:00049d58       def_destroy_data           0005ad58 f   libeay32:conf_def.obj
 0001:00049d7c       str_copy                   0005ad7c f   libeay32:conf_def.obj
 0001:0004a128       dump_value_LHASH_DOALL_ARG 0005b128 f   libeay32:conf_def.obj
 0001:0004a17c       def_dump                   0005b17c f   libeay32:conf_def.obj
 0001:0004a1a0       def_is_number              0005b1a0 f   libeay32:conf_def.obj
 0001:0004a1b8       def_to_int                 0005b1b8 f   libeay32:conf_def.obj
 0001:0004a1c0       def_destroy                0005b1c0 f   libeay32:conf_def.obj
 0001:0004a1f4       clear_comments             0005b1f4 f   libeay32:conf_def.obj
 0001:0004a340       def_load_bio               0005b340 f   libeay32:conf_def.obj
 0001:0004ab78       def_load                   0005bb78 f   libeay32:conf_def.obj
 0001:0004adc0       conf_value_LHASH_HASH      0005bdc0 f   libeay32:conf_api.obj
 0001:0004ade8       conf_value_LHASH_COMP      0005bde8 f   libeay32:conf_api.obj
 0001:0004af8c       value_free_hash_LHASH_DOALL_ARG 0005bf8c f   libeay32:conf_api.obj
 0001:0004afb0       value_free_stack_LHASH_DOALL 0005bfb0 f   libeay32:conf_api.obj
 0001:0004e774       nist_cp_bn_0               0005f774 f   libeay32:bn_nist.obj
 0001:000506dc       LoadLibraryA               000616dc f   libeay32:dso_win32.obj
 0001:0005077c       win32_load                 0006177c f   libeay32:dso_win32.obj
 0001:000508b8       win32_unload               000618b8 f   libeay32:dso_win32.obj
 0001:0005098c       win32_bind_var             0006198c f   libeay32:dso_win32.obj
 0001:00050aa0       win32_bind_func            00061aa0 f   libeay32:dso_win32.obj
 0001:00050bb4       win32_splitter             00061bb4 f   libeay32:dso_win32.obj
 0001:00050de8       win32_name_converter       00061de8 f   libeay32:dso_win32.obj
 0001:00050ed0       win32_pathbyaddr           00061ed0 f   libeay32:dso_win32.obj
 0001:000510f8       win32_globallookup         000620f8 f   libeay32:dso_win32.obj
 0001:00051290       win32_joiner               00062290 f   libeay32:dso_win32.obj
 0001:000515c8       win32_merger               000625c8 f   libeay32:dso_win32.obj
 0001:00051e20       asn1_bio_free              00062e20 f   libeay32:bio_asn1.obj
 0001:00051e70       asn1_bio_flush_ex          00062e70 f   libeay32:bio_asn1.obj
 0001:00051f14       asn1_bio_read              00062f14 f   libeay32:bio_asn1.obj
 0001:00051f3c       asn1_bio_gets              00062f3c f   libeay32:bio_asn1.obj
 0001:00051f64       asn1_bio_callback_ctrl     00062f64 f   libeay32:bio_asn1.obj
 0001:00051f8c       asn1_bio_ctrl              00062f8c f   libeay32:bio_asn1.obj
 0001:00052134       asn1_bio_new               00063134 f   libeay32:bio_asn1.obj
 0001:000521d0       asn1_bio_write             000631d0 f   libeay32:bio_asn1.obj
 0001:00052404       asn1_bio_puts              00063404 f   libeay32:bio_asn1.obj
 0001:00052430       b64_new                    00063430 f   libeay32:bio_b64.obj
 0001:000524a0       b64_free                   000634a0 f   libeay32:bio_b64.obj
 0001:000524d8       b64_read                   000634d8 f   libeay32:bio_b64.obj
 0001:0005297c       b64_write                  0006397c f   libeay32:bio_b64.obj
 0001:00052dbc       b64_ctrl                   00063dbc f   libeay32:bio_b64.obj
 0001:00052fd4       b64_callback_ctrl          00063fd4 f   libeay32:bio_b64.obj
 0001:00052ffc       b64_puts                   00063ffc f   libeay32:bio_b64.obj
 0001:00053028       buffer_new                 00064028 f   libeay32:bf_buff.obj
 0001:000530dc       buffer_free                000640dc f   libeay32:bf_buff.obj
 0001:00053138       buffer_read                00064138 f   libeay32:bf_buff.obj
 0001:00053278       buffer_write               00064278 f   libeay32:bf_buff.obj
 0001:00053438       buffer_ctrl                00064438 f   libeay32:bf_buff.obj
 0001:00053810       buffer_callback_ctrl       00064810 f   libeay32:bf_buff.obj
 0001:00053838       buffer_gets                00064838 f   libeay32:bf_buff.obj
 0001:00053940       buffer_puts                00064940 f   libeay32:bf_buff.obj
 0001:00053978       PKCS12_BAGS_adb            00064978 f   libeay32:p12_asn.obj
 0001:00053990       PKCS12_SAFEBAG_adb         00064990 f   libeay32:p12_asn.obj
 0001:00053a4c       write_string               00064a4c f   libeay32:ui_openssl.obj
 0001:00053a94       open_console               00064a94 f   libeay32:ui_openssl.obj
 0001:00053b20       close_console              00064b20 f   libeay32:ui_openssl.obj
 0001:00053b84       read_string                00064b84 f   libeay32:ui_openssl.obj
 0001:00053c94       cmp64                      00064c94 f   wcecompatex:time.obj
 0001:00053ce0       topBit                     00064ce0 f   wcecompatex:time.obj
 0001:00053e6c       div64                      00064e6c f   wcecompatex:time.obj
 0001:00054a94       doexit                     00065a94 f   corelibc:crt0dat.obj
 0001:00054bec       ?getCmdLineArg@@YA?AW4ArgType@@PAPA_WPA_WHPAURedirArg@@PA_N@Z 00065bec f   wcecompatex:args.obj
 0001:00054f18       ?qsort_stricmp@@YAHPBX0@Z  00065f18 f   wcecompatex:args.obj
