 wp_test

 Timestamp is 511c9aec (Thu Feb 14 17:06:04 2013)

 Preferred load address is 00010000

 Start         Length     Name                   Class
 0001:00000000 00001a74H .text                   CODE
 0002:00000000 00000b60H .rdata                  DATA
 0002:00000b60 00000014H .xdata                  DATA
 0002:00000b74 00000014H .idata$2                DATA
 0002:00000b88 00000014H .idata$3                DATA
 0002:00000b9c 00000064H .idata$4                DATA
 0002:00000c00 0000000cH .idata$6                DATA
 0002:00000c0c 00000000H .edata                  DATA
 0003:00000000 00000064H .idata$5                DATA
 0003:00000064 00000004H .CRT$XCA                DATA
 0003:00000068 00000004H .CRT$XCZ                DATA
 0003:0000006c 00000004H .CRT$XIA                DATA
 0003:00000070 00000004H .CRT$XIZ                DATA
 0003:00000074 00000004H .CRT$XPA                DATA
 0003:00000078 00000004H .CRT$XPZ                DATA
 0003:0000007c 00000004H .CRT$XTA                DATA
 0003:00000080 00000004H .CRT$XTZ                DATA
 0003:00000088 00000240H .data                   DATA
 0003:000002c8 00000049H .bss                    DATA
 0004:00000000 00000098H .pdata                  DATA

  Address         Publics by Value              Rva+Base     Lib:Object

 0000:00000000       ___safe_se_handler_count   00000000     <absolute>
 0000:00000000       ___safe_se_handler_table   00000000     <absolute>
 0001:00000000       main                       00011000 f   wp_test.obj
 0001:00000414       WHIRLPOOL_Init             00011414 f   libeay32:wp_dgst.obj
 0001:00000430       WHIRLPOOL_BitUpdate        00011430 f   libeay32:wp_dgst.obj
 0001:000005d0       WHIRLPOOL_Final            000115d0 f   libeay32:wp_dgst.obj
 0001:000006d8       WHIRLPOOL_Update           000116d8 f   libeay32:wp_dgst.obj
 0001:00000734       WHIRLPOOL                  00011734 f   libeay32:wp_dgst.obj
 0001:0000078c       whirlpool_block            0001178c f   libeay32:wp_block.obj
 0001:00000dd4       fflush                     00011dd4 f   coredll:COREDLL.dll
 0001:00000de4       fprintf                    00011de4 f   coredll:COREDLL.dll
 0001:00000df4       _getstdfilex               00011df4 f   coredll:COREDLL.dll
 0001:00000e04       memcmp                     00011e04 f   coredll:COREDLL.dll
 0001:00000e14       memset                     00011e14 f   coredll:COREDLL.dll
 0001:00000e24       memcpy                     00011e24 f   coredll:COREDLL.dll
 0001:00000e3c       WinMainCRTStartup          00011e3c f   corelibc:pegwmain.obj
 0001:00000eb0       _cinit                     00011eb0 f   corelibc:crt0dat.obj
 0001:00001020       exit                       00012020 f   corelibc:crt0dat.obj
 0001:00001038       WinMain                    00012038 f   wcecompatex:winmain.obj
 0001:00001394       ?processCmdLine@@YAHPA_WPAPAPAD@Z 00012394 f   wcecompatex:args.obj
 0001:000017d0       ?unicode2ascii@@YAXPB_WPAD@Z 000127d0 f   wcecompatex:ts_string.obj
 0001:00001824       ?ascii2unicode@@YAXPBDPA_WH@Z 00012824 f   wcecompatex:ts_string.obj
 0001:000018c4       ?unicode2ascii@@YAXPB_WPADH@Z 000128c4 f   wcecompatex:ts_string.obj
 0001:00001954       _XcptFilter                00012954 f   coredll:COREDLL.dll
 0001:00001964       __C_specific_handler       00012964 f   coredll:COREDLL.dll
 0001:00001974       LocalFree                  00012974 f   coredll:COREDLL.dll
 0001:00001984       _isctype                   00012984 f   coredll:COREDLL.dll
 0001:00001994       malloc                     00012994 f   coredll:COREDLL.dll
 0001:000019a4       FindFirstFileW             000129a4 f   coredll:COREDLL.dll
 0001:000019b4       FindClose                  000129b4 f   coredll:COREDLL.dll
 0001:000019c4       FindNextFileW              000129c4 f   coredll:COREDLL.dll
 0001:000019d4       _stricmp                   000129d4 f   coredll:COREDLL.dll
 0001:000019e4       free                       000129e4 f   coredll:COREDLL.dll
 0001:000019f4       qsort                      000129f4 f   coredll:COREDLL.dll
 0001:00001a04       strrchr                    00012a04 f   coredll:COREDLL.dll
 0001:00001a14       strchr                     00012a14 f   coredll:COREDLL.dll
 0001:00001a24       realloc                    00012a24 f   coredll:COREDLL.dll
 0001:00001a34       GetModuleFileNameW         00012a34 f   coredll:COREDLL.dll
 0001:00001a44       strncpy                    00012a44 f   coredll:COREDLL.dll
 0001:00001a54       strcpy                     00012a54 f   coredll:COREDLL.dll
 0001:00001a64       strlen                     00012a64 f   coredll:COREDLL.dll
 0002:00000000       ??_C@_09MCFGFJHJ@?5passed?4?6?$AA@ 00013000     wp_test.obj
 0002:0000000c       ??_C@_0BG@JEEKHBGE@?6TEST?59?5of?59?5failed?4?6?$AA@ 0001300c     wp_test.obj
 0002:00000028       ??_C@_0BCB@NLPKPNBG@aaaaaaaaaaaaaaaaaaaaaaaaaaaaaaaa@ 00013028     wp_test.obj
 0002:0000014c       ??_C@_0BG@DKCCOAPF@?6TEST?58?5of?59?5failed?4?6?$AA@ 0001314c     wp_test.obj
 0002:00000164       ??_C@_0CB@BAPJCFDG@abcdbcdecdefdefgefghfghighijhijk@ 00013164     wp_test.obj
 0002:00000188       ??_C@_0BG@LEMIIHMP@?6TEST?57?5of?59?5failed?4?6?$AA@ 00013188     wp_test.obj
 0002:000001a0       ??_C@_0FB@JDIKKJCI@12345678901234567890123456789012@ 000131a0     wp_test.obj
 0002:000001f4       ??_C@_0BG@BKKABGFO@?6TEST?56?5of?59?5failed?4?6?$AA@ 000131f4     wp_test.obj
 0002:0000020c       ??_C@_0DP@EFDPGBGM@ABCDEFGHIJKLMNOPQRSTUVWXYZabcdef@ 0001320c     wp_test.obj
 0002:0000024c       ??_C@_0BG@DDGIKCKM@?6TEST?55?5of?59?5failed?4?6?$AA@ 0001324c     wp_test.obj
 0002:00000264       ??_C@_0BL@JIGBPIBD@abcdefghijklmnopqrstuvwxyz?$AA@ 00013264     wp_test.obj
 0002:00000280       ??_C@_0BG@JNAADDDN@?6TEST?54?5of?59?5failed?4?6?$AA@ 00013280     wp_test.obj
 0002:00000298       ??_C@_0P@ONGHGJEC@message?5digest?$AA@ 00013298     wp_test.obj
 0002:000002a8       ??_C@_0BG@GAPJMLEI@?6TEST?53?5of?59?5failed?4?6?$AA@ 000132a8     wp_test.obj
 0002:000002c0       ??_C@_03FIKCJHKP@abc?$AA@  000132c0     wp_test.obj
 0002:000002c4       ??_C@_0BG@MOJBFKNJ@?6TEST?52?5of?59?5failed?4?6?$AA@ 000132c4     wp_test.obj
 0002:000002dc       ??_C@_01LFCBOECM@?4?$AA@   000132dc     wp_test.obj
 0002:000002e0       ??_C@_01MCMALHOG@a?$AA@    000132e0     wp_test.obj
 0002:000002e4       ??_C@_0BG@OHFJOOCL@?6TEST?51?5of?59?5failed?4?6?$AA@ 000132e4     wp_test.obj
 0002:000002fc       ??_C@_0BD@NDHMLHBL@Testing?5Whirlpool?5?$AA@ 000132fc     wp_test.obj
 0002:0000030f       ??_C@_00CNPNBAHC@?$AA@     0001330f     wp_test.obj
 0002:00000b74       __IMPORT_DESCRIPTOR_COREDLL 00013b74     coredll:COREDLL.dll
 0002:00000b88       __NULL_IMPORT_DESCRIPTOR   00013b88     coredll:COREDLL.dll
 0003:00000000       __imp_fflush               00014000     coredll:COREDLL.dll
 0003:00000004       __imp_fprintf              00014004     coredll:COREDLL.dll
 0003:00000008       __imp__getstdfilex         00014008     coredll:COREDLL.dll
 0003:0000000c       __imp_memcmp               0001400c     coredll:COREDLL.dll
 0003:00000010       __imp_memset               00014010     coredll:COREDLL.dll
 0003:00000014       __imp_memcpy               00014014     coredll:COREDLL.dll
 0003:00000018       __imp__XcptFilter          00014018     coredll:COREDLL.dll
 0003:0000001c       __imp___C_specific_handler 0001401c     coredll:COREDLL.dll
 0003:00000020       __imp_LocalFree            00014020     coredll:COREDLL.dll
 0003:00000024       __imp__isctype             00014024     coredll:COREDLL.dll
 0003:00000028       __imp_malloc               00014028     coredll:COREDLL.dll
 0003:0000002c       __imp_FindFirstFileW       0001402c     coredll:COREDLL.dll
 0003:00000030       __imp_FindClose            00014030     coredll:COREDLL.dll
 0003:00000034       __imp_FindNextFileW        00014034     coredll:COREDLL.dll
 0003:00000038       __imp__stricmp             00014038     coredll:COREDLL.dll
 0003:0000003c       __imp_free                 0001403c     coredll:COREDLL.dll
 0003:00000040       __imp_qsort                00014040     coredll:COREDLL.dll
 0003:00000044       __imp_strrchr              00014044     coredll:COREDLL.dll
 0003:00000048       __imp_strchr               00014048     coredll:COREDLL.dll
 0003:0000004c       __imp_realloc              0001404c     coredll:COREDLL.dll
 0003:00000050       __imp_GetModuleFileNameW   00014050     coredll:COREDLL.dll
 0003:00000054       __imp_strncpy              00014054     coredll:COREDLL.dll
 0003:00000058       __imp_strcpy               00014058     coredll:COREDLL.dll
 0003:0000005c       __imp_strlen               0001405c     coredll:COREDLL.dll
 0003:00000060       \177COREDLL_NULL_THUNK_DATA 00014060     coredll:COREDLL.dll
 0003:00000064       __xc_a                     00014064     corelibc:crt0init.obj
 0003:00000068       __xc_z                     00014068     corelibc:crt0init.obj
 0003:0000006c       __xi_a                     0001406c     corelibc:crt0init.obj
 0003:00000070       __xi_z                     00014070     corelibc:crt0init.obj
 0003:00000074       __xp_a                     00014074     corelibc:crt0init.obj
 0003:00000078       __xp_z                     00014078     corelibc:crt0init.obj
 0003:0000007c       __xt_a                     0001407c     corelibc:crt0init.obj
 0003:00000080       __xt_z                     00014080     corelibc:crt0init.obj
 0003:00000088       iso_test_9                 00014088     wp_test.obj
 0003:000000c8       iso_test_8                 000140c8     wp_test.obj
 0003:00000108       iso_test_7                 00014108     wp_test.obj
 0003:00000148       iso_test_6                 00014148     wp_test.obj
 0003:00000188       iso_test_5                 00014188     wp_test.obj
 0003:000001c8       iso_test_4                 000141c8     wp_test.obj
 0003:00000208       iso_test_3                 00014208     wp_test.obj
 0003:00000248       iso_test_2                 00014248     wp_test.obj
 0003:00000288       iso_test_1                 00014288     wp_test.obj
 0003:00000308       __onexitend                00014308     <common>
 0003:0000030c       __onexitbegin              0001430c     <common>
 0003:00000310       _exitflag                  00014310     <common>

 entry point at        0001:00000e3c

 Static symbols

 0001:00000f1c       doexit                     00011f1c f   corelibc:crt0dat.obj
 0001:0000105c       ?getCmdLineArg@@YA?AW4ArgType@@PAPA_WPA_WHPAURedirArg@@PA_N@Z 0001205c f   wcecompatex:args.obj
 0001:00001388       ?qsort_stricmp@@YAHPBX0@Z  00012388 f   wcecompatex:args.obj
