 ectest

 Timestamp is 511c9984 (Thu Feb 14 17:00:04 2013)

 Preferred load address is 00010000

 Start         Length     Name                   Class
 0001:00000000 0000a334H .text                   CODE
 0002:00000000 000020d9H .rdata                  DATA
 0002:000020dc 00000014H .xdata                  DATA
 0002:000020f0 00000028H .idata$2                DATA
 0002:00002118 00000014H .idata$3                DATA
 0002:0000212c 00000190H .idata$4                DATA
 0002:000022bc 0000001aH .idata$6                DATA
 0002:000022d6 00000000H .edata                  DATA
 0003:00000000 00000190H .idata$5                DATA
 0003:00000190 00000004H .CRT$XCA                DATA
 0003:00000194 00000004H .CRT$XCZ                DATA
 0003:00000198 00000004H .CRT$XIA                DATA
 0003:0000019c 00000004H .CRT$XIZ                DATA
 0003:000001a0 00000004H .CRT$XPA                DATA
 0003:000001a4 00000004H .CRT$XPZ                DATA
 0003:000001a8 00000004H .CRT$XTA                DATA
 0003:000001ac 00000004H .CRT$XTZ                DATA
 0003:000001b0 00000015H .bss                    DATA
 0004:00000000 00000090H .pdata                  DATA

  Address         Publics by Value              Rva+Base     Lib:Object

 0000:00000000       ___safe_se_handler_table   00000000     <absolute>
 0000:00000000       ___safe_se_handler_count   00000000     <absolute>
 0001:0000907c       main                       0001a07c f   ectest.obj
 0001:00009170       BN_CTX_free                0001a170 f   libeay32:LIBEAY32.dll
 0001:00009180       BN_free                    0001a180 f   libeay32:LIBEAY32.dll
 0001:00009190       EC_POINT_free              0001a190 f   libeay32:LIBEAY32.dll
 0001:000091a0       BN_mul                     0001a1a0 f   libeay32:LIBEAY32.dll
 0001:000091b0       BN_add                     0001a1b0 f   libeay32:LIBEAY32.dll
 0001:000091c0       BN_value_one               0001a1c0 f   libeay32:LIBEAY32.dll
 0001:000091d0       EC_POINT_cmp               0001a1d0 f   libeay32:LIBEAY32.dll
 0001:000091e0       BN_sub                     0001a1e0 f   libeay32:LIBEAY32.dll
 0001:000091f0       BN_set_word                0001a1f0 f   libeay32:LIBEAY32.dll
 0001:00009200       EC_GROUP_precompute_mult   0001a200 f   libeay32:LIBEAY32.dll
 0001:00009210       EC_POINT_is_at_infinity    0001a210 f   libeay32:LIBEAY32.dll
 0001:00009220       EC_POINT_mul               0001a220 f   libeay32:LIBEAY32.dll
 0001:00009230       ERR_print_errors_fp        0001a230 f   libeay32:LIBEAY32.dll
 0001:00009240       EC_GROUP_get_order         0001a240 f   libeay32:LIBEAY32.dll
 0001:00009250       BN_new                     0001a250 f   libeay32:LIBEAY32.dll
 0001:00009260       BN_CTX_new                 0001a260 f   libeay32:LIBEAY32.dll
 0001:00009270       EC_POINT_new               0001a270 f   libeay32:LIBEAY32.dll
 0001:00009280       BN_init                    0001a280 f   libeay32:LIBEAY32.dll
 0001:00009290       BN_set_negative            0001a290 f   libeay32:LIBEAY32.dll
 0001:000092a0       BN_pseudo_rand             0001a2a0 f   libeay32:LIBEAY32.dll
 0001:000092b0       BN_num_bits                0001a2b0 f   libeay32:LIBEAY32.dll
 0001:000092c0       EC_POINTs_mul              0001a2c0 f   libeay32:LIBEAY32.dll
 0001:000092d0       BN_rshift1                 0001a2d0 f   libeay32:LIBEAY32.dll
 0001:000092e0       EC_POINT_dbl               0001a2e0 f   libeay32:LIBEAY32.dll
 0001:000092f0       EC_GROUP_get_degree        0001a2f0 f   libeay32:LIBEAY32.dll
 0001:00009300       BN_cmp                     0001a300 f   libeay32:LIBEAY32.dll
 0001:00009310       EC_GROUP_set_generator     0001a310 f   libeay32:LIBEAY32.dll
 0001:00009320       EC_POINT_set_affine_coordinates_GFp 0001a320 f   libeay32:LIBEAY32.dll
 0001:00009330       BN_is_prime_ex             0001a330 f   libeay32:LIBEAY32.dll
 0001:00009340       EC_POINT_invert            0001a340 f   libeay32:LIBEAY32.dll
 0001:00009350       EC_POINT_get_Jprojective_coordinates_GFp 0001a350 f   libeay32:LIBEAY32.dll
 0001:00009360       EC_POINT_point2oct         0001a360 f   libeay32:LIBEAY32.dll
 0001:00009370       EC_POINT_copy              0001a370 f   libeay32:LIBEAY32.dll
 0001:00009380       EC_POINT_get_affine_coordinates_GFp 0001a380 f   libeay32:LIBEAY32.dll
 0001:00009390       EC_POINT_is_on_curve       0001a390 f   libeay32:LIBEAY32.dll
 0001:000093a0       EC_POINT_set_compressed_coordinates_GFp 0001a3a0 f   libeay32:LIBEAY32.dll
 0001:000093b0       EC_POINT_add               0001a3b0 f   libeay32:LIBEAY32.dll
 0001:000093c0       EC_POINT_oct2point         0001a3c0 f   libeay32:LIBEAY32.dll
 0001:000093d0       EC_POINT_set_to_infinity   0001a3d0 f   libeay32:LIBEAY32.dll
 0001:000093e0       BN_print_fp                0001a3e0 f   libeay32:LIBEAY32.dll
 0001:000093f0       EC_GROUP_get_curve_GFp     0001a3f0 f   libeay32:LIBEAY32.dll
 0001:00009400       EC_GROUP_free              0001a400 f   libeay32:LIBEAY32.dll
 0001:00009410       EC_GROUP_copy              0001a410 f   libeay32:LIBEAY32.dll
 0001:00009420       EC_GROUP_method_of         0001a420 f   libeay32:LIBEAY32.dll
 0001:00009430       EC_GROUP_set_curve_GFp     0001a430 f   libeay32:LIBEAY32.dll
 0001:00009440       EC_GROUP_new               0001a440 f   libeay32:LIBEAY32.dll
 0001:00009450       EC_GFp_mont_method         0001a450 f   libeay32:LIBEAY32.dll
 0001:00009460       BN_hex2bn                  0001a460 f   libeay32:LIBEAY32.dll
 0001:00009470       EC_POINT_get_affine_coordinates_GF2m 0001a470 f   libeay32:LIBEAY32.dll
 0001:00009480       EC_POINT_set_affine_coordinates_GF2m 0001a480 f   libeay32:LIBEAY32.dll
 0001:00009490       EC_GROUP_get_curve_GF2m    0001a490 f   libeay32:LIBEAY32.dll
 0001:000094a0       EC_GROUP_set_curve_GF2m    0001a4a0 f   libeay32:LIBEAY32.dll
 0001:000094b0       EC_GF2m_simple_method      0001a4b0 f   libeay32:LIBEAY32.dll
 0001:000094c0       CRYPTO_free                0001a4c0 f   libeay32:LIBEAY32.dll
 0001:000094d0       EC_GROUP_check             0001a4d0 f   libeay32:LIBEAY32.dll
 0001:000094e0       OBJ_nid2sn                 0001a4e0 f   libeay32:LIBEAY32.dll
 0001:000094f0       EC_GROUP_new_by_curve_name 0001a4f0 f   libeay32:LIBEAY32.dll
 0001:00009500       CRYPTO_malloc              0001a500 f   libeay32:LIBEAY32.dll
 0001:00009510       EC_get_builtin_curves      0001a510 f   libeay32:LIBEAY32.dll
 0001:00009520       CRYPTO_mem_leaks_fp        0001a520 f   libeay32:LIBEAY32.dll
 0001:00009530       ERR_remove_thread_state    0001a530 f   libeay32:LIBEAY32.dll
 0001:00009540       ERR_free_strings           0001a540 f   libeay32:LIBEAY32.dll
 0001:00009550       CRYPTO_cleanup_all_ex_data 0001a550 f   libeay32:LIBEAY32.dll
 0001:00009560       ENGINE_cleanup             0001a560 f   libeay32:LIBEAY32.dll
 0001:00009570       RAND_seed                  0001a570 f   libeay32:LIBEAY32.dll
 0001:00009580       ERR_load_crypto_strings    0001a580 f   libeay32:LIBEAY32.dll
 0001:00009590       CRYPTO_mem_ctrl            0001a590 f   libeay32:LIBEAY32.dll
 0001:000095a0       CRYPTO_set_mem_debug_options 0001a5a0 f   libeay32:LIBEAY32.dll
 0001:000095b0       CRYPTO_dbg_malloc          0001a5b0 f   libeay32:LIBEAY32.dll
 0001:000095c0       CRYPTO_dbg_realloc         0001a5c0 f   libeay32:LIBEAY32.dll
 0001:000095d0       CRYPTO_dbg_free            0001a5d0 f   libeay32:LIBEAY32.dll
 0001:000095e0       CRYPTO_dbg_set_options     0001a5e0 f   libeay32:LIBEAY32.dll
 0001:000095f0       CRYPTO_dbg_get_options     0001a5f0 f   libeay32:LIBEAY32.dll
 0001:00009600       CRYPTO_set_mem_debug_functions 0001a600 f   libeay32:LIBEAY32.dll
 0001:00009610       getenv                     0001a610 f   wcecompatex:env.obj
 0001:00009694       ?unicode2ascii@@YAXPB_WPAD@Z 0001a694 f   wcecompatex:ts_string.obj
 0001:000096e8       ?ascii2unicode@@YAXPBDPA_WH@Z 0001a6e8 f   wcecompatex:ts_string.obj
 0001:00009788       ?unicode2ascii@@YAXPB_WPADH@Z 0001a788 f   wcecompatex:ts_string.obj
 0001:00009818       fflush                     0001a818 f   coredll:COREDLL.dll
 0001:00009828       fprintf                    0001a828 f   coredll:COREDLL.dll
 0001:00009838       _getstdfilex               0001a838 f   coredll:COREDLL.dll
 0001:00009848       puts                       0001a848 f   coredll:COREDLL.dll
 0001:00009858       strcmp                     0001a858 f   coredll:COREDLL.dll
 0001:00009868       _strnicmp                  0001a868 f   coredll:COREDLL.dll
 0001:00009878       strchr                     0001a878 f   coredll:COREDLL.dll
 0001:00009888       realloc                    0001a888 f   coredll:COREDLL.dll
 0001:00009898       malloc                     0001a898 f   coredll:COREDLL.dll
 0001:000098a8       strlen                     0001a8a8 f   coredll:COREDLL.dll
 0001:000098b8       _cinit                     0001a8b8 f   corelibc:crt0dat.obj
 0001:00009a28       exit                       0001aa28 f   corelibc:crt0dat.obj
 0001:00009a48       WinMainCRTStartup          0001aa48 f   corelibc:pegwmain.obj
 0001:00009abc       WinMain                    0001aabc f   wcecompatex:winmain.obj
 0001:00009e18       ?processCmdLine@@YAHPA_WPAPAPAD@Z 0001ae18 f   wcecompatex:args.obj
 0001:0000a254       LocalFree                  0001b254 f   coredll:COREDLL.dll
 0001:0000a264       _XcptFilter                0001b264 f   coredll:COREDLL.dll
 0001:0000a274       __C_specific_handler       0001b274 f   coredll:COREDLL.dll
 0001:0000a284       _isctype                   0001b284 f   coredll:COREDLL.dll
 0001:0000a294       FindFirstFileW             0001b294 f   coredll:COREDLL.dll
 0001:0000a2a4       FindClose                  0001b2a4 f   coredll:COREDLL.dll
 0001:0000a2b4       FindNextFileW              0001b2b4 f   coredll:COREDLL.dll
 0001:0000a2c4       _stricmp                   0001b2c4 f   coredll:COREDLL.dll
 0001:0000a2d4       free                       0001b2d4 f   coredll:COREDLL.dll
 0001:0000a2e4       qsort                      0001b2e4 f   coredll:COREDLL.dll
 0001:0000a2f4       strrchr                    0001b2f4 f   coredll:COREDLL.dll
 0001:0000a304       GetModuleFileNameW         0001b304 f   coredll:COREDLL.dll
 0001:0000a314       strncpy                    0001b314 f   coredll:COREDLL.dll
 0001:0000a324       strcpy                     0001b324 f   coredll:COREDLL.dll
 0002:00000040       ??_C@_03DJDALPN@ok?6?$AA@  0001c040     ectest.obj
 0002:00000044       ??_C@_04CFDEAMPI@?5ok?6?$AA@ 0001c044     ectest.obj
 0002:0000004c       ??_C@_0CA@LONHOMKM@long?1negative?5scalar?5tests?5?4?4?4?5?$AA@ 0001c04c     ectest.obj
 0002:0000006c       ??_C@_01LFCBOECM@?4?$AA@   0001c06c     ectest.obj
 0002:00000070       ??_C@_0EL@LPAMEPDF@d?3?2wm653wehh?2platform?2mvv210?2src@ 0001c070     ectest.obj
 0002:000000bc       ??_C@_0O@HJBMECNK@?$CFs?3?$CFd?3?5ABORT?6?$AA@ 0001c0bc     ectest.obj
 0002:000000cc       ??_C@_0BH@KFBLJBMM@verify?5group?5order?5?4?4?4?$AA@ 0001c0cc     ectest.obj
 0002:000000e4       ??_C@_05EJKMKGKI@?5ok?6?6?$AA@ 0001c0e4     ectest.obj
 0002:000000ec       ??_C@_0BM@GCECKGMN@combined?5multiplication?5?4?4?4?$AA@ 0001c0ec     ectest.obj
 0002:00000108       ??_C@_0CM@LPEONNGM@?6NIST?5curve?5P?9521?5?9?9?5Generator?3?6@ 0001c108     ectest.obj
 0002:00000138       ??_C@_0IE@IAAHKDDH@11839296A789A3BC0045C8A5FB42C7D1@ 0001c138     ectest.obj
 0002:000001c0       ??_C@_0IE@DDIDDIA@1FFFFFFFFFFFFFFFFFFFFFFFFFFFFFFF@ 0001c1c0     ectest.obj
 0002:00000248       ??_C@_0ID@OOGMNGNF@C6858E06B70404E9CD9E3ECB662395B4@ 0001c248     ectest.obj
 0002:000002d0       ??_C@_0IE@GOJLJCKA@051953EB9618E1C9A1F929A21A0B6854@ 0001c2d0     ectest.obj
 0002:00000358       ??_C@_0IE@MECPOLCO@1FFFFFFFFFFFFFFFFFFFFFFFFFFFFFFF@ 0001c358     ectest.obj
 0002:000003e0       ??_C@_0IE@LJFIBPGL@1FFFFFFFFFFFFFFFFFFFFFFFFFFFFFFF@ 0001c3e0     ectest.obj
 0002:00000464       ??_C@_0CM@FJLNOJNP@?6NIST?5curve?5P?9384?5?9?9?5Generator?3?6@ 0001c464     ectest.obj
 0002:00000490       ??_C@_0GB@EJCCOFND@3617DE4A96262C6F5D9E98BF9292DC29@ 0001c490     ectest.obj
 0002:000004f8       ??_C@_0GB@IJGNFOHD@FFFFFFFFFFFFFFFFFFFFFFFFFFFFFFFF@ 0001c4f8     ectest.obj
 0002:00000560       ??_C@_0GB@GJBBIIPB@AA87CA22BE8B05378EB1C71EF320AD74@ 0001c560     ectest.obj
 0002:000005c8       ??_C@_0GB@GBMGBGKN@B3312FA7E23EE7E4988E056BE3F82D19@ 0001c5c8     ectest.obj
 0002:00000630       ??_C@_0GB@KNLAOKCG@FFFFFFFFFFFFFFFFFFFFFFFFFFFFFFFF@ 0001c630     ectest.obj
 0002:00000698       ??_C@_0GB@NAMHBOGD@FFFFFFFFFFFFFFFFFFFFFFFFFFFFFFFF@ 0001c698     ectest.obj
 0002:000006fc       ??_C@_0CM@PMADIOLK@?6NIST?5curve?5P?9256?5?9?9?5Generator?3?6@ 0001c6fc     ectest.obj
 0002:00000728       ??_C@_0EB@EAOKNDEN@4FE342E2FE1A7F9B8EE7EB4A7C0F9E16@ 0001c728     ectest.obj
 0002:00000770       ??_C@_0EB@MIJLAMHG@FFFFFFFF00000000FFFFFFFFFFFFFFFF@ 0001c770     ectest.obj
 0002:000007b8       ??_C@_0EB@OLPMACDN@6B17D1F2E12C4247F8BCE6E563A440F2@ 0001c7b8     ectest.obj
 0002:00000800       ??_C@_0EB@CGMLNBOM@5AC635D8AA3A93E7B3EBBD55769886BC@ 0001c800     ectest.obj
 0002:00000848       ??_C@_0EB@KHNFKCPI@FFFFFFFF000000010000000000000000@ 0001c848     ectest.obj
 0002:00000890       ??_C@_0EB@NKKCFGLN@FFFFFFFF000000010000000000000000@ 0001c890     ectest.obj
 0002:000008d4       ??_C@_0CM@NAOHNDN@?6NIST?5curve?5P?9224?5?9?9?5Generator?3?6@ 0001c8d4     ectest.obj
 0002:00000900       ??_C@_0DJ@EDHFDDJK@BD376388B5F723FB4C22DFE6CD4375A0@ 0001c900     ectest.obj
 0002:0000093c       ??_C@_0DJ@BHCANMNE@FFFFFFFFFFFFFFFFFFFFFFFFFFFF16A2@ 0001c93c     ectest.obj
 0002:00000978       ??_C@_0DJ@NPHLCOHI@B70E0CBD6BB4BF7F321390B94A03C1D3@ 0001c978     ectest.obj
 0002:000009b4       ??_C@_0DJ@KCHEMFFJ@B4050A850C04B3ABF54132565044B0B7@ 0001c9b4     ectest.obj
 0002:000009f0       ??_C@_0DJ@GECEELCG@FFFFFFFFFFFFFFFFFFFFFFFFFFFFFFFE@ 0001c9f0     ectest.obj
 0002:00000a2c       ??_C@_0DJ@KBMBLOHP@FFFFFFFFFFFFFFFFFFFFFFFFFFFFFFFF@ 0001ca2c     ectest.obj
 0002:00000a68       ??_C@_0CM@EHMHPIKF@?6NIST?5curve?5P?9192?5?9?9?5Generator?3?6@ 0001ca68     ectest.obj
 0002:00000a94       ??_C@_0DB@PMAOLPKN@07192B95FFC8DA78631011ED6B24CDD5@ 0001ca94     ectest.obj
 0002:00000ac8       ??_C@_0DB@EHFHEEFE@FFFFFFFFFFFFFFFFFFFFFFFF99DEF836@ 0001cac8     ectest.obj
 0002:00000afc       ??_C@_0DB@LHIGDGHO@188DA80EB03090F67CBF20EB43A18800@ 0001cafc     ectest.obj
 0002:00000b30       ??_C@_0DB@PLBGALEH@64210519E59C80E70FA7E9AB72243049@ 0001cb30     ectest.obj
 0002:00000b64       ??_C@_0DB@EFILCKBL@FFFFFFFFFFFFFFFFFFFFFFFFFFFFFFFE@ 0001cb64     ectest.obj
 0002:00000b98       ??_C@_0DB@DIPMNOFO@FFFFFFFFFFFFFFFFFFFFFFFFFFFFFFFE@ 0001cb98     ectest.obj
 0002:00000bcc       ??_C@_0BC@NNIFDGGK@verify?5degree?5?4?4?4?$AA@ 0001cbcc     ectest.obj
 0002:00000be0       ??_C@_0DA@NBKFLMMD@?6SEC2?5curve?5secp160r1?5?9?9?5Generat@ 0001cbe0     ectest.obj
 0002:00000c10       ??_C@_0N@CEPBDNPI@?6?5?5?5?5?5y?5?$DN?50x?$AA@ 0001cc10     ectest.obj
 0002:00000c20       ??_C@_0CL@EDKAMPLM@0100000000000000000001F4C8F927AE@ 0001cc20     ectest.obj
 0002:00000c4c       ??_C@_0CJ@IFNODPPM@23a628553168947d59dcc91204235137@ 0001cc4c     ectest.obj
 0002:00000c78       ??_C@_0CJ@MIDIAOCP@4A96B5688EF573284664698968C38BB9@ 0001cc78     ectest.obj
 0002:00000ca4       ??_C@_0CJ@CGMIEEHD@1C97BEFC54BD7A8B65ACF89F81D4D4AD@ 0001cca4     ectest.obj
 0002:00000cd0       ??_C@_0CJ@IKNAKPND@FFFFFFFFFFFFFFFFFFFFFFFFFFFFFFFF@ 0001ccd0     ectest.obj
 0002:00000cfc       ??_C@_0CJ@PHKHFLJG@FFFFFFFFFFFFFFFFFFFFFFFFFFFFFFFF@ 0001ccfc     ectest.obj
 0002:00000d28       ??_C@_0GD@NLMMCCPG@?6A?5representation?5of?5the?5inverse@ 0001cd28     ectest.obj
 0002:00000d8c       ??_C@_08PKKJEIF@?0?5Y?5?$DN?50x?$AA@ 0001cd8c     ectest.obj
 0002:00000d98       ??_C@_08DOECIOBI@?0?5Z?5?$DN?50x?$AA@ 0001cd98     ectest.obj
 0002:00000da4       ??_C@_0CP@PHEDNBLP@?6Generator?5as?5octet?5string?0?5hybr@ 0001cda4     ectest.obj
 0002:00000dd4       ??_C@_0DF@LCMILNIB@?6Generator?5as?5octet?5string?0?5unco@ 0001cdd4     ectest.obj
 0002:00000e0c       ??_C@_04JFFKLGJF@?$CF02X?$AA@ 0001ce0c     ectest.obj
 0002:00000e14       ??_C@_0DC@JFAFDNDM@Generator?5as?5octet?5string?0?5compr@ 0001ce14     ectest.obj
 0002:00000e48       ??_C@_0M@MMHINAIH@?5?5?5?5?5x?5?$DN?50x?$AA@ 0001ce48     ectest.obj
 0002:00000e54       ??_C@_0BI@KGAKJGEC@?5?5?5?5?5point?5at?5infinity?6?$AA@ 0001ce54     ectest.obj
 0002:00000e6c       ??_C@_0BE@MEOPFPBF@A?5cyclic?5subgroup?3?6?$AA@ 0001ce6c     ectest.obj
 0002:00000e80       ??_C@_0BO@EBGLNJGE@Point?5is?5not?5on?5curve?3?5x?5?$DN?50x?$AA@ 0001ce80     ectest.obj
 0002:00000ea0       ??_C@_08MABHKNBJ@?0?5y?5?$DN?50x?$AA@ 0001cea0     ectest.obj
 0002:00000eac       ??_C@_01CKDDGHAB@D?$AA@    0001ceac     ectest.obj
 0002:00000eb0       ??_C@_0EI@GDDNHNIA@Curve?5defined?5by?5Weierstrass?5equ@ 0001ceb0     ectest.obj
 0002:00000ef8       ??_C@_0O@MNDNFHIM@?$CJ?6?5?5?5?5?5a?5?$DN?50x?$AA@ 0001cef8     ectest.obj
 0002:00000f08       ??_C@_0N@EBCIPFMM@?6?5?5?5?5?5b?5?$DN?50x?$AA@ 0001cf08     ectest.obj
 0002:00000f18       ??_C@_01EEMJAFIK@?6?$AA@   0001cf18     ectest.obj
 0002:00000f1c       ??_C@_01HIHLOKLC@1?$AA@    0001cf1c     ectest.obj
 0002:00000f20       ??_C@_02LFBAAJHO@17?$AA@   0001cf20     ectest.obj
 0002:00000f24       ??_C@_0BB@GGANGOCK@NIST?5curve?5B?9571?$AA@ 0001cf24     ectest.obj
 0002:00000f38       ??_C@_0JB@DDELOMEN@03FFFFFFFFFFFFFFFFFFFFFFFFFFFFFF@ 0001cf38     ectest.obj
 0002:00000fd0       ??_C@_0JB@BGGOGNH@037BF27342DA639B6DCCFFFEB73D69D7@ 0001cfd0     ectest.obj
 0002:00001068       ??_C@_0JB@CJJMMHGF@0303001D34B856296C16C0D40D3CD775@ 0001d068     ectest.obj
 0002:00001100       ??_C@_0JB@OOBDGNJO@02F40E7E2221F295DE297117B7F3D62F@ 0001d100     ectest.obj
 0002:00001198       ??_C@_0JB@IHMKNFOJ@00000000000000000000000000000000@ 0001d198     ectest.obj
 0002:0000122c       ??_C@_0BB@EBACDPOC@NIST?5curve?5K?9571?$AA@ 0001d22c     ectest.obj
 0002:00001240       ??_C@_0JB@PPPHEALL@02000000000000000000000000000000@ 0001d240     ectest.obj
 0002:000012d8       ??_C@_0JB@CLBKOHGL@0349DC807F4FBF374F4AEADE3BCA9531@ 0001d2d8     ectest.obj
 0002:00001370       ??_C@_0JB@IGIOHLOD@026EB7A859923FBC82189631F8103FE4@ 0001d370     ectest.obj
 0002:00001408       ??_C@_0JA@IMPAOLHO@80000000000000000000000000000000@ 0001d408     ectest.obj
 0002:00001498       ??_C@_0BB@BDCHJFMC@NIST?5curve?5B?9409?$AA@ 0001d498     ectest.obj
 0002:000014b0       ??_C@_0GJ@MAKMEDBJ@01000000000000000000000000000000@ 0001d4b0     ectest.obj
 0002:00001520       ??_C@_0GJ@DJJIPKHI@0061B1CFAB6BE5F32BBFA78324ED106A@ 0001d520     ectest.obj
 0002:00001590       ??_C@_0GJ@CLLEPAGO@015D4860D088DDB3496B0C6064756260@ 0001d590     ectest.obj
 0002:00001600       ??_C@_0GJ@NBAHPFHH@0021A5C2C8EE9FEB5C4B9A753B7B476B@ 0001d600     ectest.obj
 0002:00001670       ??_C@_0GJ@LFNCJKBA@00000000000000000000000000000000@ 0001d670     ectest.obj
 0002:000016dc       ??_C@_0BB@DECIMEAK@NIST?5curve?5K?9409?$AA@ 0001d6dc     ectest.obj
 0002:000016f0       ??_C@_0GJ@NAANHFDL@007FFFFFFFFFFFFFFFFFFFFFFFFFFFFF@ 0001d6f0     ectest.obj
 0002:00001760       ??_C@_0GJ@LELALKNN@01E369050B7C4E42ACBA1DACBF04299C@ 0001d760     ectest.obj
 0002:000017d0       ??_C@_0GJ@JHNGHILE@0060F05F658F49C1AD3AB1890F718421@ 0001d7d0     ectest.obj
 0002:00001840       ??_C@_0GJ@KMBGFIOM@02000000000000000000000000000000@ 0001d840     ectest.obj
 0002:000018ac       ??_C@_0BB@MCLAHDCM@NIST?5curve?5B?9283?$AA@ 0001d8ac     ectest.obj
 0002:000018c0       ??_C@_0EJ@DNDJJNNM@03FFFFFFFFFFFFFFFFFFFFFFFFFFFFFF@ 0001d8c0     ectest.obj
 0002:00001910       ??_C@_0EJ@JNLPOLB@03676854FE24141CB98FE6D4B20D02B4@ 0001d910     ectest.obj
 0002:00001960       ??_C@_0EJ@BHGHAALC@05F939258DB7DD90E1934F8C70B0DFEC@ 0001d960     ectest.obj
 0002:000019b0       ??_C@_0EJ@BMCMHGKL@027B680AC8B8596DA5A4AF8A19A0303F@ 0001d9b0     ectest.obj
 0002:00001a00       ??_C@_0EJ@IJMOMPKF@00000000000000000000000000000000@ 0001da00     ectest.obj
 0002:00001a4c       ??_C@_0BB@OFLPCCOE@NIST?5curve?5K?9283?$AA@ 0001da4c     ectest.obj
 0002:00001a60       ??_C@_0EJ@BABGJLPC@01FFFFFFFFFFFFFFFFFFFFFFFFFFFFFF@ 0001da60     ectest.obj
 0002:00001ab0       ??_C@_0EJ@NHJKIFIC@01CCDA380F1C9E318D90F95D07E5426F@ 0001dab0     ectest.obj
 0002:00001b00       ??_C@_0EJ@PKMPDCLH@0503213F78CA44883F1A3B8162F188E5@ 0001db00     ectest.obj
 0002:00001b50       ??_C@_0EJ@JBJAGLBF@08000000000000000000000000000000@ 0001db50     ectest.obj
 0002:00001b9c       ??_C@_0BB@MOOFJMMN@NIST?5curve?5B?9233?$AA@ 0001db9c     ectest.obj
 0002:00001bb0       ??_C@_0DN@NCBBCNPJ@01000000000000000000000000000013@ 0001dbb0     ectest.obj
 0002:00001bf0       ??_C@_0DN@NGABPGAG@01006A08A41903350678E58528BEBF8A@ 0001dbf0     ectest.obj
 0002:00001c30       ??_C@_0DN@FGKPOKON@00FAC9DFCBAC8313BB2139F1BB755FEF@ 0001dc30     ectest.obj
 0002:00001c70       ??_C@_0DN@HFMDPMGE@0066647EDE6C332C7F8C0923BB58213B@ 0001dc70     ectest.obj
 0002:00001cb0       ??_C@_0DN@CMGNLJKG@00000000000000000000000000000000@ 0001dcb0     ectest.obj
 0002:00001cf0       ??_C@_0BB@OJOKMNAF@NIST?5curve?5K?9233?$AA@ 0001dcf0     ectest.obj
 0002:00001d04       ??_C@_01FAMBOPH@4?$AA@     0001dd04     ectest.obj
 0002:00001d08       ??_C@_0DN@ICANBKHC@00800000000000000000000000000006@ 0001dd08     ectest.obj
 0002:00001d48       ??_C@_0DN@JNNCCFCL@01DB537DECE819B7F70F555A67C427A8@ 0001dd48     ectest.obj
 0002:00001d88       ??_C@_0DN@PMLLGPLO@017232BA853A7E731AF129F22FF41495@ 0001dd88     ectest.obj
 0002:00001dc8       ??_C@_01GBGANLPD@0?$AA@    0001ddc8     ectest.obj
 0002:00001dcc       ??_C@_0DN@CMFGEJKA@02000000000000000000000000000000@ 0001ddcc     ectest.obj
 0002:00001e0c       ??_C@_0BB@NKJLPBMI@NIST?5curve?5B?9163?$AA@ 0001de0c     ectest.obj
 0002:00001e20       ??_C@_0CL@BCAGACCK@040000000000000000000292FE77E70C@ 0001de20     ectest.obj
 0002:00001e4c       ??_C@_0CL@BNIJOFII@00D51FBC6C71A0094FA2CDD545B11C5C@ 0001de4c     ectest.obj
 0002:00001e78       ??_C@_0CL@LINOKKFB@03F0EBA16286A2D57EA0991168D49946@ 0001de78     ectest.obj
 0002:00001ea4       ??_C@_0CL@HEOEMBKD@020A601907B8C953CA1481EB10512F78@ 0001dea4     ectest.obj
 0002:00001ed0       ??_C@_0BB@PNJEKAAA@NIST?5curve?5K?9163?$AA@ 0001ded0     ectest.obj
 0002:00001ee4       ??_C@_0BO@EHFMKNGN@?6?$CFs?5?9?9?5Generator?3?6?5?5?5?5?5x?5?$DN?50x?$AA@ 0001dee4     ectest.obj
 0002:00001f04       ??_C@_01FDFGLJHB@2?$AA@    0001df04     ectest.obj
 0002:00001f08       ??_C@_0CL@OGGJHJDP@04000000000000000000020108A2E0CC@ 0001df08     ectest.obj
 0002:00001f34       ??_C@_0CL@JCJOHIPK@0289070FB05D38FF58321F2E800536D5@ 0001df34     ectest.obj
 0002:00001f60       ??_C@_0CL@NIAKCKHM@02FE13C0537BBC11ACAA07D793DE4E6D@ 0001df60     ectest.obj
 0002:00001f8c       ??_C@_0CL@CPIBMACL@08000000000000000000000000000000@ 0001df8c     ectest.obj
 0002:00001fb8       ??_C@_01KJLJFBPL@8?$AA@    0001dfb8     ectest.obj
 0002:00001fbc       ??_C@_01DHDKHMHF@6?$AA@    0001dfbc     ectest.obj
 0002:00001fc0       ??_C@_0FA@MHBGMEEC@Curve?5defined?5by?5Weierstrass?5equ@ 0001dfc0     ectest.obj
 0002:00002010       ??_C@_0CC@LOPDHOML@?6?$CI0x?4?4?4?5means?5binary?5polynomial?$CJ@ 0001e010     ectest.obj
 0002:00002034       ??_C@_01EKENIIDA@3?$AA@    0001e034     ectest.obj
 0002:00002038       ??_C@_02NBHMMMHK@13?$AA@   0001e038     ectest.obj
 0002:0000203c       ??_C@_09BDOGPPHA@?5failed?6?6?$AA@ 0001e03c     ectest.obj
 0002:00002048       ??_C@_0CI@LFFCKAOO@?6EC_GROUP_check?$CI?$CJ?5failed?5with?5cu@ 0001e048     ectest.obj
 0002:00002070       ??_C@_0DB@LADHHCL@?6EC_GROUP_new_curve_name?$CI?$CJ?5faile@ 0001e070     ectest.obj
 0002:000020a4       ??_C@_0BK@DOGMEADO@testing?5internal?5curves?3?5?$AA@ 0001e0a4     ectest.obj
 0002:000020be       ??_C@_00CNPNBAHC@?$AA@     0001e0be     ectest.obj
 0002:000020c0       ??_C@_03MCADLMAF@off?$AA@  0001e0c0     ectest.obj
 0002:000020c4       ??_C@_0BF@CKJKJIOH@OPENSSL_DEBUG_MEMORY?$AA@ 0001e0c4     ectest.obj
 0002:000020f0       __IMPORT_DESCRIPTOR_LIBEAY32 0001e0f0     libeay32:LIBEAY32.dll
 0002:00002104       __IMPORT_DESCRIPTOR_COREDLL 0001e104     coredll:COREDLL.dll
 0002:00002118       __NULL_IMPORT_DESCRIPTOR   0001e118     libeay32:LIBEAY32.dll
 0003:00000000       __imp_strncpy              0001f000     coredll:COREDLL.dll
 0003:00000004       __imp_GetModuleFileNameW   0001f004     coredll:COREDLL.dll
 0003:00000008       __imp_strrchr              0001f008     coredll:COREDLL.dll
 0003:0000000c       __imp_qsort                0001f00c     coredll:COREDLL.dll
 0003:00000010       __imp_free                 0001f010     coredll:COREDLL.dll
 0003:00000014       __imp__stricmp             0001f014     coredll:COREDLL.dll
 0003:00000018       __imp_FindNextFileW        0001f018     coredll:COREDLL.dll
 0003:0000001c       __imp_FindClose            0001f01c     coredll:COREDLL.dll
 0003:00000020       __imp_FindFirstFileW       0001f020     coredll:COREDLL.dll
 0003:00000024       __imp__isctype             0001f024     coredll:COREDLL.dll
 0003:00000028       __imp___C_specific_handler 0001f028     coredll:COREDLL.dll
 0003:0000002c       __imp__XcptFilter          0001f02c     coredll:COREDLL.dll
 0003:00000030       __imp_LocalFree            0001f030     coredll:COREDLL.dll
 0003:00000034       __imp_strlen               0001f034     coredll:COREDLL.dll
 0003:00000038       __imp_malloc               0001f038     coredll:COREDLL.dll
 0003:0000003c       __imp_realloc              0001f03c     coredll:COREDLL.dll
 0003:00000040       __imp_strchr               0001f040     coredll:COREDLL.dll
 0003:00000044       __imp__strnicmp            0001f044     coredll:COREDLL.dll
 0003:00000048       __imp_strcmp               0001f048     coredll:COREDLL.dll
 0003:0000004c       __imp_puts                 0001f04c     coredll:COREDLL.dll
 0003:00000050       __imp__getstdfilex         0001f050     coredll:COREDLL.dll
 0003:00000054       __imp_fprintf              0001f054     coredll:COREDLL.dll
 0003:00000058       __imp_fflush               0001f058     coredll:COREDLL.dll
 0003:0000005c       __imp_strcpy               0001f05c     coredll:COREDLL.dll
 0003:00000060       \177COREDLL_NULL_THUNK_DATA 0001f060     coredll:COREDLL.dll
 0003:00000064       __imp_BN_is_prime_ex       0001f064     libeay32:LIBEAY32.dll
 0003:00000068       __imp_EC_POINT_invert      0001f068     libeay32:LIBEAY32.dll
 0003:0000006c       __imp_EC_POINT_get_Jprojective_coordinates_GFp 0001f06c     libeay32:LIBEAY32.dll
 0003:00000070       __imp_EC_POINT_point2oct   0001f070     libeay32:LIBEAY32.dll
 0003:00000074       __imp_EC_POINT_copy        0001f074     libeay32:LIBEAY32.dll
 0003:00000078       __imp_EC_POINT_get_affine_coordinates_GFp 0001f078     libeay32:LIBEAY32.dll
 0003:0000007c       __imp_EC_POINT_is_on_curve 0001f07c     libeay32:LIBEAY32.dll
 0003:00000080       __imp_EC_POINT_set_compressed_coordinates_GFp 0001f080     libeay32:LIBEAY32.dll
 0003:00000084       __imp_EC_POINT_add         0001f084     libeay32:LIBEAY32.dll
 0003:00000088       __imp_EC_POINT_oct2point   0001f088     libeay32:LIBEAY32.dll
 0003:0000008c       __imp_EC_POINT_set_to_infinity 0001f08c     libeay32:LIBEAY32.dll
 0003:00000090       __imp_BN_print_fp          0001f090     libeay32:LIBEAY32.dll
 0003:00000094       __imp_EC_GROUP_get_curve_GFp 0001f094     libeay32:LIBEAY32.dll
 0003:00000098       __imp_EC_GROUP_free        0001f098     libeay32:LIBEAY32.dll
 0003:0000009c       __imp_EC_GROUP_copy        0001f09c     libeay32:LIBEAY32.dll
 0003:000000a0       __imp_EC_GROUP_method_of   0001f0a0     libeay32:LIBEAY32.dll
 0003:000000a4       __imp_EC_GROUP_set_curve_GFp 0001f0a4     libeay32:LIBEAY32.dll
 0003:000000a8       __imp_EC_GROUP_new         0001f0a8     libeay32:LIBEAY32.dll
 0003:000000ac       __imp_EC_GFp_mont_method   0001f0ac     libeay32:LIBEAY32.dll
 0003:000000b0       __imp_BN_hex2bn            0001f0b0     libeay32:LIBEAY32.dll
 0003:000000b4       __imp_EC_POINT_get_affine_coordinates_GF2m 0001f0b4     libeay32:LIBEAY32.dll
 0003:000000b8       __imp_EC_POINT_set_affine_coordinates_GF2m 0001f0b8     libeay32:LIBEAY32.dll
 0003:000000bc       __imp_EC_GROUP_get_curve_GF2m 0001f0bc     libeay32:LIBEAY32.dll
 0003:000000c0       __imp_EC_POINT_set_affine_coordinates_GFp 0001f0c0     libeay32:LIBEAY32.dll
 0003:000000c4       __imp_EC_GF2m_simple_method 0001f0c4     libeay32:LIBEAY32.dll
 0003:000000c8       __imp_CRYPTO_free          0001f0c8     libeay32:LIBEAY32.dll
 0003:000000cc       __imp_EC_GROUP_check       0001f0cc     libeay32:LIBEAY32.dll
 0003:000000d0       __imp_OBJ_nid2sn           0001f0d0     libeay32:LIBEAY32.dll
 0003:000000d4       __imp_EC_GROUP_new_by_curve_name 0001f0d4     libeay32:LIBEAY32.dll
 0003:000000d8       __imp_CRYPTO_malloc        0001f0d8     libeay32:LIBEAY32.dll
 0003:000000dc       __imp_EC_get_builtin_curves 0001f0dc     libeay32:LIBEAY32.dll
 0003:000000e0       __imp_CRYPTO_mem_leaks_fp  0001f0e0     libeay32:LIBEAY32.dll
 0003:000000e4       __imp_ERR_remove_thread_state 0001f0e4     libeay32:LIBEAY32.dll
 0003:000000e8       __imp_ERR_free_strings     0001f0e8     libeay32:LIBEAY32.dll
 0003:000000ec       __imp_CRYPTO_cleanup_all_ex_data 0001f0ec     libeay32:LIBEAY32.dll
 0003:000000f0       __imp_ENGINE_cleanup       0001f0f0     libeay32:LIBEAY32.dll
 0003:000000f4       __imp_RAND_seed            0001f0f4     libeay32:LIBEAY32.dll
 0003:000000f8       __imp_ERR_load_crypto_strings 0001f0f8     libeay32:LIBEAY32.dll
 0003:000000fc       __imp_CRYPTO_mem_ctrl      0001f0fc     libeay32:LIBEAY32.dll
 0003:00000100       __imp_CRYPTO_set_mem_debug_options 0001f100     libeay32:LIBEAY32.dll
 0003:00000104       __imp_CRYPTO_dbg_malloc    0001f104     libeay32:LIBEAY32.dll
 0003:00000108       __imp_CRYPTO_dbg_realloc   0001f108     libeay32:LIBEAY32.dll
 0003:0000010c       __imp_CRYPTO_dbg_free      0001f10c     libeay32:LIBEAY32.dll
 0003:00000110       __imp_CRYPTO_dbg_set_options 0001f110     libeay32:LIBEAY32.dll
 0003:00000114       __imp_CRYPTO_dbg_get_options 0001f114     libeay32:LIBEAY32.dll
 0003:00000118       __imp_CRYPTO_set_mem_debug_functions 0001f118     libeay32:LIBEAY32.dll
 0003:0000011c       __imp_EC_GROUP_set_generator 0001f11c     libeay32:LIBEAY32.dll
 0003:00000120       __imp_BN_cmp               0001f120     libeay32:LIBEAY32.dll
 0003:00000124       __imp_EC_GROUP_get_degree  0001f124     libeay32:LIBEAY32.dll
 0003:00000128       __imp_EC_POINT_dbl         0001f128     libeay32:LIBEAY32.dll
 0003:0000012c       __imp_BN_rshift1           0001f12c     libeay32:LIBEAY32.dll
 0003:00000130       __imp_EC_POINTs_mul        0001f130     libeay32:LIBEAY32.dll
 0003:00000134       __imp_BN_num_bits          0001f134     libeay32:LIBEAY32.dll
 0003:00000138       __imp_BN_pseudo_rand       0001f138     libeay32:LIBEAY32.dll
 0003:0000013c       __imp_BN_set_negative      0001f13c     libeay32:LIBEAY32.dll
 0003:00000140       __imp_BN_init              0001f140     libeay32:LIBEAY32.dll
 0003:00000144       __imp_EC_POINT_new         0001f144     libeay32:LIBEAY32.dll
 0003:00000148       __imp_BN_CTX_new           0001f148     libeay32:LIBEAY32.dll
 0003:0000014c       __imp_BN_new               0001f14c     libeay32:LIBEAY32.dll
 0003:00000150       __imp_EC_GROUP_get_order   0001f150     libeay32:LIBEAY32.dll
 0003:00000154       __imp_ERR_print_errors_fp  0001f154     libeay32:LIBEAY32.dll
 0003:00000158       __imp_EC_POINT_mul         0001f158     libeay32:LIBEAY32.dll
 0003:0000015c       __imp_EC_POINT_is_at_infinity 0001f15c     libeay32:LIBEAY32.dll
 0003:00000160       __imp_EC_GROUP_precompute_mult 0001f160     libeay32:LIBEAY32.dll
 0003:00000164       __imp_BN_set_word          0001f164     libeay32:LIBEAY32.dll
 0003:00000168       __imp_BN_sub               0001f168     libeay32:LIBEAY32.dll
 0003:0000016c       __imp_EC_POINT_cmp         0001f16c     libeay32:LIBEAY32.dll
 0003:00000170       __imp_BN_value_one         0001f170     libeay32:LIBEAY32.dll
 0003:00000174       __imp_BN_add               0001f174     libeay32:LIBEAY32.dll
 0003:00000178       __imp_BN_mul               0001f178     libeay32:LIBEAY32.dll
 0003:0000017c       __imp_EC_POINT_free        0001f17c     libeay32:LIBEAY32.dll
 0003:00000180       __imp_BN_free              0001f180     libeay32:LIBEAY32.dll
 0003:00000184       __imp_EC_GROUP_set_curve_GF2m 0001f184     libeay32:LIBEAY32.dll
 0003:00000188       __imp_BN_CTX_free          0001f188     libeay32:LIBEAY32.dll
 0003:0000018c       \177LIBEAY32_NULL_THUNK_DATA 0001f18c     libeay32:LIBEAY32.dll
 0003:00000190       __xc_a                     0001f190     corelibc:crt0init.obj
 0003:00000194       __xc_z                     0001f194     corelibc:crt0init.obj
 0003:00000198       __xi_a                     0001f198     corelibc:crt0init.obj
 0003:0000019c       __xi_z                     0001f19c     corelibc:crt0init.obj
 0003:000001a0       __xp_a                     0001f1a0     corelibc:crt0init.obj
 0003:000001a4       __xp_z                     0001f1a4     corelibc:crt0init.obj
 0003:000001a8       __xt_a                     0001f1a8     corelibc:crt0init.obj
 0003:000001ac       __xt_z                     0001f1ac     corelibc:crt0init.obj
 0003:000001b0       _environ                   0001f1b0     wcecompatex:env.obj
 0003:000001b4       _wenviron                  0001f1b4     wcecompatex:env.obj
 0003:000001b8       ?num_env_vars@@3HA         0001f1b8     wcecompatex:env.obj
 0003:000001bc       __onexitend                0001f1bc     <common>
 0003:000001c0       __onexitbegin              0001f1c0     <common>
 0003:000001c4       _exitflag                  0001f1c4     <common>

 entry point at        0001:00009a48

 Static symbols

 0001:00000000       group_order_tests          00011000 f   ectest.obj
 0001:00000644       prime_field_tests          00011644 f   ectest.obj
 0001:00004418       char2_field_tests          00015418 f   ectest.obj
 0001:00008ed8       internal_curve_test        00019ed8 f   ectest.obj
 0001:00009924       doexit                     0001a924 f   corelibc:crt0dat.obj
 0001:00009ae0       ?getCmdLineArg@@YA?AW4ArgType@@PAPA_WPA_WHPAURedirArg@@PA_N@Z 0001aae0 f   wcecompatex:args.obj
 0001:00009e0c       ?qsort_stricmp@@YAHPBX0@Z  0001ae0c f   wcecompatex:args.obj
