 hmactest

 Timestamp is 511c997e (Thu Feb 14 16:59:58 2013)

 Preferred load address is 00010000

 Start         Length     Name                   Class
 0001:00000000 00000d78H .text                   CODE
 0002:00000000 000000e2H .rdata                  DATA
 0002:000000e4 00000014H .xdata                  DATA
 0002:000000f8 00000028H .idata$2                DATA
 0002:00000120 00000014H .idata$3                DATA
 0002:00000134 00000064H .idata$4                DATA
 0002:00000198 0000001aH .idata$6                DATA
 0002:000001b2 00000000H .edata                  DATA
 0003:00000000 00000064H .idata$5                DATA
 0003:00000064 00000004H .CRT$XCA                DATA
 0003:00000068 00000004H .CRT$XCZ                DATA
 0003:0000006c 00000004H .CRT$XIA                DATA
 0003:00000070 00000004H .CRT$XIZ                DATA
 0003:00000074 00000004H .CRT$XPA                DATA
 0003:00000078 00000004H .CRT$XPZ                DATA
 0003:0000007c 00000004H .CRT$XTA                DATA
 0003:00000080 00000004H .CRT$XTZ                DATA
 0003:00000088 00000170H .data                   DATA
 0003:000001f8 00000059H .bss                    DATA
 0004:00000000 00000068H .pdata                  DATA

  Address         Publics by Value              Rva+Base     Lib:Object

 0000:00000000       ___safe_se_handler_count   00000000     <absolute>
 0000:00000000       ___safe_se_handler_table   00000000     <absolute>
 0001:00000000       main                       00011000 f   hmactest.obj
 0001:000000e8       HMAC                       000110e8 f   libeay32:LIBEAY32.dll
 0001:000000f8       EVP_md5                    000110f8 f   libeay32:LIBEAY32.dll
 0001:00000108       sprintf                    00011108 f   coredll:COREDLL.dll
 0001:00000118       printf                     00011118 f   coredll:COREDLL.dll
 0001:00000128       strcmp                     00011128 f   coredll:COREDLL.dll
 0001:00000138       _cinit                     00011138 f   corelibc:crt0dat.obj
 0001:000002a8       exit                       000112a8 f   corelibc:crt0dat.obj
 0001:000002c8       WinMainCRTStartup          000112c8 f   corelibc:pegwmain.obj
 0001:0000033c       WinMain                    0001133c f   wcecompatex:winmain.obj
 0001:00000698       ?processCmdLine@@YAHPA_WPAPAPAD@Z 00011698 f   wcecompatex:args.obj
 0001:00000ad4       ?unicode2ascii@@YAXPB_WPAD@Z 00011ad4 f   wcecompatex:ts_string.obj
 0001:00000b28       ?ascii2unicode@@YAXPBDPA_WH@Z 00011b28 f   wcecompatex:ts_string.obj
 0001:00000bc8       ?unicode2ascii@@YAXPB_WPADH@Z 00011bc8 f   wcecompatex:ts_string.obj
 0001:00000c58       LocalFree                  00011c58 f   coredll:COREDLL.dll
 0001:00000c68       _XcptFilter                00011c68 f   coredll:COREDLL.dll
 0001:00000c78       __C_specific_handler       00011c78 f   coredll:COREDLL.dll
 0001:00000c88       _isctype                   00011c88 f   coredll:COREDLL.dll
 0001:00000c98       malloc                     00011c98 f   coredll:COREDLL.dll
 0001:00000ca8       FindFirstFileW             00011ca8 f   coredll:COREDLL.dll
 0001:00000cb8       FindClose                  00011cb8 f   coredll:COREDLL.dll
 0001:00000cc8       FindNextFileW              00011cc8 f   coredll:COREDLL.dll
 0001:00000cd8       _stricmp                   00011cd8 f   coredll:COREDLL.dll
 0001:00000ce8       free                       00011ce8 f   coredll:COREDLL.dll
 0001:00000cf8       qsort                      00011cf8 f   coredll:COREDLL.dll
 0001:00000d08       strrchr                    00011d08 f   coredll:COREDLL.dll
 0001:00000d18       strchr                     00011d18 f   coredll:COREDLL.dll
 0001:00000d28       realloc                    00011d28 f   coredll:COREDLL.dll
 0001:00000d38       GetModuleFileNameW         00011d38 f   coredll:COREDLL.dll
 0001:00000d48       strncpy                    00011d48 f   coredll:COREDLL.dll
 0001:00000d58       strcpy                     00011d58 f   coredll:COREDLL.dll
 0001:00000d68       strlen                     00011d68 f   coredll:COREDLL.dll
 0002:00000000       ??_C@_0CB@OIOGDKDE@56be34521d144c88dbb8c733f0e8b3f6@ 00012000     hmactest.obj
 0002:00000024       ??_C@_0CB@EPOHPAIE@750c783e6ab0b503eaa86e310a5db738@ 00012024     hmactest.obj
 0002:00000048       ??_C@_0CB@LIDOCFNA@9294727a3638bb1c13f48ef8158bfc9d@ 00012048     hmactest.obj
 0002:0000006c       ??_C@_0CB@PKKAKCNN@e9139d1e6ee064ef8cf514fc7dc83e86@ 0001206c     hmactest.obj
 0002:00000090       ??_C@_04NOJCDH@?$CF02x?$AA@ 00012090     hmactest.obj
 0002:00000098       ??_C@_0M@NJKLCIBI@test?5?$CFd?5ok?6?$AA@ 00012098     hmactest.obj
 0002:000000a4       ??_C@_0CF@IABKELGM@error?5calculating?5HMAC?5on?5?$CFd?5ent@ 000120a4     hmactest.obj
 0002:000000cc       ??_C@_0BG@IMOFIMJK@got?5?$CFs?5instead?5of?5?$CFs?6?$AA@ 000120cc     hmactest.obj
 0002:000000f8       __IMPORT_DESCRIPTOR_LIBEAY32 000120f8     libeay32:LIBEAY32.dll
 0002:0000010c       __IMPORT_DESCRIPTOR_COREDLL 0001210c     coredll:COREDLL.dll
 0002:00000120       __NULL_IMPORT_DESCRIPTOR   00012120     libeay32:LIBEAY32.dll
 0003:00000000       __imp_FindClose            00013000     coredll:COREDLL.dll
 0003:00000004       __imp_strlen               00013004     coredll:COREDLL.dll
 0003:00000008       __imp_sprintf              00013008     coredll:COREDLL.dll
 0003:0000000c       __imp_printf               0001300c     coredll:COREDLL.dll
 0003:00000010       __imp_strcmp               00013010     coredll:COREDLL.dll
 0003:00000014       __imp_LocalFree            00013014     coredll:COREDLL.dll
 0003:00000018       __imp__XcptFilter          00013018     coredll:COREDLL.dll
 0003:0000001c       __imp___C_specific_handler 0001301c     coredll:COREDLL.dll
 0003:00000020       __imp__isctype             00013020     coredll:COREDLL.dll
 0003:00000024       __imp_malloc               00013024     coredll:COREDLL.dll
 0003:00000028       __imp_FindFirstFileW       00013028     coredll:COREDLL.dll
 0003:0000002c       __imp_FindNextFileW        0001302c     coredll:COREDLL.dll
 0003:00000030       __imp__stricmp             00013030     coredll:COREDLL.dll
 0003:00000034       __imp_free                 00013034     coredll:COREDLL.dll
 0003:00000038       __imp_qsort                00013038     coredll:COREDLL.dll
 0003:0000003c       __imp_strrchr              0001303c     coredll:COREDLL.dll
 0003:00000040       __imp_strchr               00013040     coredll:COREDLL.dll
 0003:00000044       __imp_realloc              00013044     coredll:COREDLL.dll
 0003:00000048       __imp_GetModuleFileNameW   00013048     coredll:COREDLL.dll
 0003:0000004c       __imp_strncpy              0001304c     coredll:COREDLL.dll
 0003:00000050       __imp_strcpy               00013050     coredll:COREDLL.dll
 0003:00000054       \177COREDLL_NULL_THUNK_DATA 00013054     coredll:COREDLL.dll
 0003:00000058       __imp_EVP_md5              00013058     libeay32:LIBEAY32.dll
 0003:0000005c       __imp_HMAC                 0001305c     libeay32:LIBEAY32.dll
 0003:00000060       \177LIBEAY32_NULL_THUNK_DATA 00013060     libeay32:LIBEAY32.dll
 0003:00000064       __xc_a                     00013064     corelibc:crt0init.obj
 0003:00000068       __xc_z                     00013068     corelibc:crt0init.obj
 0003:0000006c       __xi_a                     0001306c     corelibc:crt0init.obj
 0003:00000070       __xi_z                     00013070     corelibc:crt0init.obj
 0003:00000074       __xp_a                     00013074     corelibc:crt0init.obj
 0003:00000078       __xp_z                     00013078     corelibc:crt0init.obj
 0003:0000007c       __xt_a                     0001307c     corelibc:crt0init.obj
 0003:00000080       __xt_z                     00013080     corelibc:crt0init.obj
 0003:00000248       __onexitend                00013248     <common>
 0003:0000024c       __onexitbegin              0001324c     <common>
 0003:00000250       _exitflag                  00013250     <common>

 entry point at        0001:000002c8

 Static symbols

 0001:000001a4       doexit                     000111a4 f   corelibc:crt0dat.obj
 0001:00000360       ?getCmdLineArg@@YA?AW4ArgType@@PAPA_WPA_WHPAURedirArg@@PA_N@Z 00011360 f   wcecompatex:args.obj
 0001:0000068c       ?qsort_stricmp@@YAHPBX0@Z  0001168c f   wcecompatex:args.obj
