 shatest

 Timestamp is 511c997c (Thu Feb 14 16:59:56 2013)

 Preferred load address is 00010000

 Start         Length     Name                   Class
 0001:00000000 00000f04H .text                   CODE
 0002:00000000 0000011aH .rdata                  DATA
 0002:0000011c 00000014H .xdata                  DATA
 0002:00000130 00000028H .idata$2                DATA
 0002:00000158 00000014H .idata$3                DATA
 0002:0000016c 0000007cH .idata$4                DATA
 0002:000001e8 0000001aH .idata$6                DATA
 0002:00000202 00000000H .edata                  DATA
 0003:00000000 0000007cH .idata$5                DATA
 0003:0000007c 00000004H .CRT$XCA                DATA
 0003:00000080 00000004H .CRT$XCZ                DATA
 0003:00000084 00000004H .CRT$XIA                DATA
 0003:00000088 00000004H .CRT$XIZ                DATA
 0003:0000008c 00000004H .CRT$XPA                DATA
 0003:00000090 00000004H .CRT$XPZ                DATA
 0003:00000094 00000004H .CRT$XTA                DATA
 0003:00000098 00000004H .CRT$XTZ                DATA
 0003:0000009c 00000018H .data                   DATA
 0003:000000b8 00000441H .bss                    DATA
 0004:00000000 00000068H .pdata                  DATA

  Address         Publics by Value              Rva+Base     Lib:Object

 0000:00000000       ___safe_se_handler_table   00000000     <absolute>
 0000:00000000       ___safe_se_handler_count   00000000     <absolute>
 0001:00000000       main                       00011000 f   shatest.obj
 0001:00000214       EVP_MD_CTX_cleanup         00011214 f   libeay32:LIBEAY32.dll
 0001:00000224       EVP_DigestFinal_ex         00011224 f   libeay32:LIBEAY32.dll
 0001:00000234       EVP_DigestUpdate           00011234 f   libeay32:LIBEAY32.dll
 0001:00000244       EVP_DigestInit_ex          00011244 f   libeay32:LIBEAY32.dll
 0001:00000254       EVP_Digest                 00011254 f   libeay32:LIBEAY32.dll
 0001:00000264       EVP_sha                    00011264 f   libeay32:LIBEAY32.dll
 0001:00000274       EVP_MD_CTX_init            00011274 f   libeay32:LIBEAY32.dll
 0001:00000284       sprintf                    00011284 f   coredll:COREDLL.dll
 0001:00000294       printf                     00011294 f   coredll:COREDLL.dll
 0001:000002a4       memset                     000112a4 f   coredll:COREDLL.dll
 0001:000002b4       strcmp                     000112b4 f   coredll:COREDLL.dll
 0001:000002c4       strlen                     000112c4 f   coredll:COREDLL.dll
 0001:000002d4       _cinit                     000112d4 f   corelibc:crt0dat.obj
 0001:00000444       exit                       00011444 f   corelibc:crt0dat.obj
 0001:00000464       WinMainCRTStartup          00011464 f   corelibc:pegwmain.obj
 0001:000004d8       WinMain                    000114d8 f   wcecompatex:winmain.obj
 0001:00000834       ?processCmdLine@@YAHPA_WPAPAPAD@Z 00011834 f   wcecompatex:args.obj
 0001:00000c70       ?unicode2ascii@@YAXPB_WPAD@Z 00011c70 f   wcecompatex:ts_string.obj
 0001:00000cc4       ?ascii2unicode@@YAXPBDPA_WH@Z 00011cc4 f   wcecompatex:ts_string.obj
 0001:00000d64       ?unicode2ascii@@YAXPB_WPADH@Z 00011d64 f   wcecompatex:ts_string.obj
 0001:00000df4       LocalFree                  00011df4 f   coredll:COREDLL.dll
 0001:00000e04       _XcptFilter                00011e04 f   coredll:COREDLL.dll
 0001:00000e14       __C_specific_handler       00011e14 f   coredll:COREDLL.dll
 0001:00000e24       _isctype                   00011e24 f   coredll:COREDLL.dll
 0001:00000e34       malloc                     00011e34 f   coredll:COREDLL.dll
 0001:00000e44       FindFirstFileW             00011e44 f   coredll:COREDLL.dll
 0001:00000e54       FindClose                  00011e54 f   coredll:COREDLL.dll
 0001:00000e64       FindNextFileW              00011e64 f   coredll:COREDLL.dll
 0001:00000e74       _stricmp                   00011e74 f   coredll:COREDLL.dll
 0001:00000e84       free                       00011e84 f   coredll:COREDLL.dll
 0001:00000e94       qsort                      00011e94 f   coredll:COREDLL.dll
 0001:00000ea4       strrchr                    00011ea4 f   coredll:COREDLL.dll
 0001:00000eb4       strchr                     00011eb4 f   coredll:COREDLL.dll
 0001:00000ec4       realloc                    00011ec4 f   coredll:COREDLL.dll
 0001:00000ed4       GetModuleFileNameW         00011ed4 f   coredll:COREDLL.dll
 0001:00000ee4       strncpy                    00011ee4 f   coredll:COREDLL.dll
 0001:00000ef4       strcpy                     00011ef4 f   coredll:COREDLL.dll
 0002:00000000       ??_C@_0CJ@OINEDNM@3232affa48628a26653b5aaa44541fd9@ 00012000     shatest.obj
 0002:0000002c       ??_C@_0CJ@KCOJABDM@d2516ee1acfa5baf33dfc1c471e43844@ 0001202c     shatest.obj
 0002:00000058       ??_C@_0CJ@HDNKOBPJ@0164b8a914cd2a5e74c4f7ff082c4d97@ 00012058     shatest.obj
 0002:00000084       ??_C@_0DJ@NGDOEGCI@abcdbcdecdefdefgefghfghighijhijk@ 00012084     shatest.obj
 0002:000000c0       ??_C@_03FIKCJHKP@abc?$AA@  000120c0     shatest.obj
 0002:000000c4       ??_C@_04NOJCDH@?$CF02x?$AA@ 000120c4     shatest.obj
 0002:000000cc       ??_C@_0L@FNMDIIKJ@test?53?5ok?6?$AA@ 000120cc     shatest.obj
 0002:000000d8       ??_C@_0M@NJKLCIBI@test?5?$CFd?5ok?6?$AA@ 000120d8     shatest.obj
 0002:000000e4       ??_C@_0BP@CHGLNIBJ@error?5calculating?5SHA?5on?5?8?$CFs?8?6?$AA@ 000120e4     shatest.obj
 0002:00000104       ??_C@_0BG@IMOFIMJK@got?5?$CFs?5instead?5of?5?$CFs?6?$AA@ 00012104     shatest.obj
 0002:00000130       __IMPORT_DESCRIPTOR_LIBEAY32 00012130     libeay32:LIBEAY32.dll
 0002:00000144       __IMPORT_DESCRIPTOR_COREDLL 00012144     coredll:COREDLL.dll
 0002:00000158       __NULL_IMPORT_DESCRIPTOR   00012158     libeay32:LIBEAY32.dll
 0003:00000000       __imp___C_specific_handler 00013000     coredll:COREDLL.dll
 0003:00000004       __imp_strcpy               00013004     coredll:COREDLL.dll
 0003:00000008       __imp_strncpy              00013008     coredll:COREDLL.dll
 0003:0000000c       __imp_GetModuleFileNameW   0001300c     coredll:COREDLL.dll
 0003:00000010       __imp_realloc              00013010     coredll:COREDLL.dll
 0003:00000014       __imp_strchr               00013014     coredll:COREDLL.dll
 0003:00000018       __imp_strrchr              00013018     coredll:COREDLL.dll
 0003:0000001c       __imp_sprintf              0001301c     coredll:COREDLL.dll
 0003:00000020       __imp_printf               00013020     coredll:COREDLL.dll
 0003:00000024       __imp_memset               00013024     coredll:COREDLL.dll
 0003:00000028       __imp_strcmp               00013028     coredll:COREDLL.dll
 0003:0000002c       __imp_strlen               0001302c     coredll:COREDLL.dll
 0003:00000030       __imp_LocalFree            00013030     coredll:COREDLL.dll
 0003:00000034       __imp__XcptFilter          00013034     coredll:COREDLL.dll
 0003:00000038       __imp__isctype             00013038     coredll:COREDLL.dll
 0003:0000003c       __imp_malloc               0001303c     coredll:COREDLL.dll
 0003:00000040       __imp_FindFirstFileW       00013040     coredll:COREDLL.dll
 0003:00000044       __imp_FindClose            00013044     coredll:COREDLL.dll
 0003:00000048       __imp_FindNextFileW        00013048     coredll:COREDLL.dll
 0003:0000004c       __imp__stricmp             0001304c     coredll:COREDLL.dll
 0003:00000050       __imp_free                 00013050     coredll:COREDLL.dll
 0003:00000054       __imp_qsort                00013054     coredll:COREDLL.dll
 0003:00000058       \177COREDLL_NULL_THUNK_DATA 00013058     coredll:COREDLL.dll
 0003:0000005c       __imp_EVP_MD_CTX_init      0001305c     libeay32:LIBEAY32.dll
 0003:00000060       __imp_EVP_sha              00013060     libeay32:LIBEAY32.dll
 0003:00000064       __imp_EVP_Digest           00013064     libeay32:LIBEAY32.dll
 0003:00000068       __imp_EVP_DigestInit_ex    00013068     libeay32:LIBEAY32.dll
 0003:0000006c       __imp_EVP_DigestUpdate     0001306c     libeay32:LIBEAY32.dll
 0003:00000070       __imp_EVP_DigestFinal_ex   00013070     libeay32:LIBEAY32.dll
 0003:00000074       __imp_EVP_MD_CTX_cleanup   00013074     libeay32:LIBEAY32.dll
 0003:00000078       \177LIBEAY32_NULL_THUNK_DATA 00013078     libeay32:LIBEAY32.dll
 0003:0000007c       __xc_a                     0001307c     corelibc:crt0init.obj
 0003:00000080       __xc_z                     00013080     corelibc:crt0init.obj
 0003:00000084       __xi_a                     00013084     corelibc:crt0init.obj
 0003:00000088       __xi_z                     00013088     corelibc:crt0init.obj
 0003:0000008c       __xp_a                     0001308c     corelibc:crt0init.obj
 0003:00000090       __xp_z                     00013090     corelibc:crt0init.obj
 0003:00000094       __xt_a                     00013094     corelibc:crt0init.obj
 0003:00000098       __xt_z                     00013098     corelibc:crt0init.obj
 0003:000004f0       __onexitend                000134f0     <common>
 0003:000004f4       __onexitbegin              000134f4     <common>
 0003:000004f8       _exitflag                  000134f8     <common>

 entry point at        0001:00000464

 Static symbols

 0001:00000340       doexit                     00011340 f   corelibc:crt0dat.obj
 0001:000004fc       ?getCmdLineArg@@YA?AW4ArgType@@PAPA_WPA_WHPAURedirArg@@PA_N@Z 000114fc f   wcecompatex:args.obj
 0001:00000828       ?qsort_stricmp@@YAHPBX0@Z  00011828 f   wcecompatex:args.obj
